Archive member included to satisfy reference by file (symbol)

.\CortexM3\ARM_GCC_541\Debug\ReactionGame_with erika.a(SEVEN_DP.o)
                              .\CortexM3\ARM_GCC_541\Debug\seven.o (SEVEN_DP_Write)
.\CortexM3\ARM_GCC_541\Debug\ReactionGame_with erika.a(SEVEN_SELECT.o)
                              .\CortexM3\ARM_GCC_541\Debug\seven.o (SEVEN_SELECT_Write)
.\CortexM3\ARM_GCC_541\Debug\ReactionGame_with erika.a(SEVEN_reg.o)
                              .\CortexM3\ARM_GCC_541\Debug\seven.o (SEVEN_reg_Write)
.\CortexM3\ARM_GCC_541\Debug\ReactionGame_with erika.a(BUTTON_1.o)
                              .\CortexM3\ARM_GCC_541\Debug\button.o (BUTTON_1_Read)
.\CortexM3\ARM_GCC_541\Debug\ReactionGame_with erika.a(isr_Button.o)
                              .\CortexM3\ARM_GCC_541\Debug\button.o (isr_Button_StartEx)
.\CortexM3\ARM_GCC_541\Debug\ReactionGame_with erika.a(BUTTON_2.o)
                              .\CortexM3\ARM_GCC_541\Debug\button.o (BUTTON_2_Read)
.\CortexM3\ARM_GCC_541\Debug\ReactionGame_with erika.a(BUTTON_3.o)
                              .\CortexM3\ARM_GCC_541\Debug\button.o (BUTTON_3_Read)
.\CortexM3\ARM_GCC_541\Debug\ReactionGame_with erika.a(BUTTON_4.o)
                              .\CortexM3\ARM_GCC_541\Debug\button.o (BUTTON_4_Read)
.\CortexM3\ARM_GCC_541\Debug\ReactionGame_with erika.a(LED_red.o)
                              .\CortexM3\ARM_GCC_541\Debug\led.o (LED_red_Write)
.\CortexM3\ARM_GCC_541\Debug\ReactionGame_with erika.a(LED_yellow.o)
                              .\CortexM3\ARM_GCC_541\Debug\led.o (LED_yellow_Write)
.\CortexM3\ARM_GCC_541\Debug\ReactionGame_with erika.a(LED_green.o)
                              .\CortexM3\ARM_GCC_541\Debug\led.o (LED_green_Write)
.\CortexM3\ARM_GCC_541\Debug\ReactionGame_with erika.a(UART_LOG.o)
                              .\CortexM3\ARM_GCC_541\Debug\uart.o (UART_LOG_Start)
.\CortexM3\ARM_GCC_541\Debug\ReactionGame_with erika.a(RGB_PWM_red.o)
                              .\CortexM3\ARM_GCC_541\Debug\led.o (RGB_PWM_red_WriteCompare)
.\CortexM3\ARM_GCC_541\Debug\ReactionGame_with erika.a(PWM_Clock.o)
                              .\CortexM3\ARM_GCC_541\Debug\led.o (PWM_Clock_Start)
.\CortexM3\ARM_GCC_541\Debug\ReactionGame_with erika.a(RGB_PWM_green.o)
                              .\CortexM3\ARM_GCC_541\Debug\led.o (RGB_PWM_green_WriteCompare)
.\CortexM3\ARM_GCC_541\Debug\ReactionGame_with erika.a(RGB_PWM_blue.o)
                              .\CortexM3\ARM_GCC_541\Debug\led.o (RGB_PWM_blue_WriteCompare)
.\CortexM3\ARM_GCC_541\Debug\ReactionGame_with erika.a(ErikaOS_1_ee_activate.o)
                              .\CortexM3\ARM_GCC_541\Debug\main.o (EE_oo_ActivateTask)
.\CortexM3\ARM_GCC_541\Debug\ReactionGame_with erika.a(ErikaOS_1_ee_alsetrel.o)
                              .\CortexM3\ARM_GCC_541\Debug\led.o (EE_oo_SetRelAlarm)
.\CortexM3\ARM_GCC_541\Debug\ReactionGame_with erika.a(ErikaOS_1_ee_altick.o)
                              .\CortexM3\ARM_GCC_541\Debug\ReactionGame_with erika.a(ErikaOS_1_ee_alsetrel.o) (EE_oo_counter_object_insert)
.\CortexM3\ARM_GCC_541\Debug\ReactionGame_with erika.a(ErikaOS_1_ee_evclear.o)
                              .\CortexM3\ARM_GCC_541\Debug\main.o (EE_oo_ClearEvent)
.\CortexM3\ARM_GCC_541\Debug\ReactionGame_with erika.a(ErikaOS_1_ee_evget.o)
                              .\CortexM3\ARM_GCC_541\Debug\main.o (EE_oo_GetEvent)
.\CortexM3\ARM_GCC_541\Debug\ReactionGame_with erika.a(ErikaOS_1_ee_evset.o)
                              .\CortexM3\ARM_GCC_541\Debug\main.o (EE_oo_SetEvent)
.\CortexM3\ARM_GCC_541\Debug\ReactionGame_with erika.a(ErikaOS_1_ee_evwait.o)
                              .\CortexM3\ARM_GCC_541\Debug\main.o (EE_oo_WaitEvent)
.\CortexM3\ARM_GCC_541\Debug\ReactionGame_with erika.a(ErikaOS_1_ee_irqendin.o)
                              .\CortexM3\ARM_GCC_541\Debug\main.o (EE_IRQ_end_post_stub)
.\CortexM3\ARM_GCC_541\Debug\ReactionGame_with erika.a(ErikaOS_1_ee_lookup.o)
                              .\CortexM3\ARM_GCC_541\Debug\ReactionGame_with erika.a(ErikaOS_1_ee_irqendin.o) (EE_oo_IRQ_disable_count)
.\CortexM3\ARM_GCC_541\Debug\ReactionGame_with erika.a(ErikaOS_1_ee_rq_exchg.o)
                              .\CortexM3\ARM_GCC_541\Debug\ReactionGame_with erika.a(ErikaOS_1_ee_activate.o) (EE_rq2stk_exchange)
.\CortexM3\ARM_GCC_541\Debug\ReactionGame_with erika.a(ErikaOS_1_ee_rq_first.o)
                              .\CortexM3\ARM_GCC_541\Debug\ReactionGame_with erika.a(ErikaOS_1_ee_activate.o) (EE_rq_queryfirst)
.\CortexM3\ARM_GCC_541\Debug\ReactionGame_with erika.a(ErikaOS_1_ee_rq_inser.o)
                              .\CortexM3\ARM_GCC_541\Debug\ReactionGame_with erika.a(ErikaOS_1_ee_activate.o) (EE_rq_insert)
.\CortexM3\ARM_GCC_541\Debug\ReactionGame_with erika.a(ErikaOS_1_ee_startos.o)
                              .\CortexM3\ARM_GCC_541\Debug\main.o (EE_oo_StartOS)
.\CortexM3\ARM_GCC_541\Debug\ReactionGame_with erika.a(ErikaOS_1_ee_terminat.o)
[...]
Memory Configuration

Name             Origin             Length             Attributes
rom              0x00000000         0x00040000         xr
ram              0x1fff8000         0x00010000         xrw
*default*        0x00000000         0xffffffff

Linker script and memory map

LOAD c:/program files (x86)/cypress/psoc creator/4.4/psoc creator/import/gnu/arm/5.4.1/bin/../lib/gcc/arm-none-eabi/5.4.1/armv7-m/crti.o
LOAD c:/program files (x86)/cypress/psoc creator/4.4/psoc creator/import/gnu/arm/5.4.1/bin/../lib/gcc/arm-none-eabi/5.4.1/armv7-m/crtbegin.o
LOAD c:/program files (x86)/cypress/psoc creator/4.4/psoc creator/import/gnu/arm/5.4.1/bin/../lib/gcc/arm-none-eabi/5.4.1/../../../../arm-none-eabi/lib/armv7-m/crt0.o
START GROUP
LOAD .\CortexM3\ARM_GCC_541\Debug\button.o
LOAD .\CortexM3\ARM_GCC_541\Debug\led.o
LOAD .\CortexM3\ARM_GCC_541\Debug\seven.o
LOAD .\CortexM3\ARM_GCC_541\Debug\uart.o
LOAD .\CortexM3\ARM_GCC_541\Debug\main.o
LOAD .\CortexM3\ARM_GCC_541\Debug\reactionGame.o
LOAD .\CortexM3\ARM_GCC_541\Debug\cyfitter_cfg.o
LOAD .\CortexM3\ARM_GCC_541\Debug\cymetadata.o
LOAD .\CortexM3\ARM_GCC_541\Debug\Cm3Start.o
LOAD .\CortexM3\ARM_GCC_541\Debug\ReactionGame_with erika.a
LOAD C:\Program Files (x86)\Cypress\PSoC Creator\4.4\PSoC Creator\psoc\content\cycomponentlibrary\CyComponentLibrary.cylib\CortexM3\ARM_GCC_541\Debug\CyComponentLibrary.a
END GROUP
START GROUP
LOAD c:/program files (x86)/cypress/psoc creator/4.4/psoc creator/import/gnu/arm/5.4.1/bin/../lib/gcc/arm-none-eabi/5.4.1/armv7-m\libgcc.a
LOAD c:/program files (x86)/cypress/psoc creator/4.4/psoc creator/import/gnu/arm/5.4.1/bin/../lib/gcc/arm-none-eabi/5.4.1/../../../../arm-none-eabi/lib/armv7-m\libg_nano.a
LOAD c:/program files (x86)/cypress/psoc creator/4.4/psoc creator/import/gnu/arm/5.4.1/bin/../lib/gcc/arm-none-eabi/5.4.1/../../../../arm-none-eabi/lib/armv7-m\libc_nano.a
END GROUP
START GROUP
LOAD c:/program files (x86)/cypress/psoc creator/4.4/psoc creator/import/gnu/arm/5.4.1/bin/../lib/gcc/arm-none-eabi/5.4.1/armv7-m\libgcc.a
LOAD c:/program files (x86)/cypress/psoc creator/4.4/psoc creator/import/gnu/arm/5.4.1/bin/../lib/gcc/arm-none-eabi/5.4.1/../../../../arm-none-eabi/lib/armv7-m\libc_nano.a
END GROUP
LOAD c:/program files (x86)/cypress/psoc creator/4.4/psoc creator/import/gnu/arm/5.4.1/bin/../lib/gcc/arm-none-eabi/5.4.1/armv7-m/crtend.o
LOAD c:/program files (x86)/cypress/psoc creator/4.4/psoc creator/import/gnu/arm/5.4.1/bin/../lib/gcc/arm-none-eabi/5.4.1/armv7-m/crtn.o
START GROUP
LOAD c:/program files (x86)/cypress/psoc creator/4.4/psoc creator/import/gnu/arm/5.4.1/bin/../lib/gcc/arm-none-eabi/5.4.1/armv7-m\libgcc.a
LOAD c:/program files (x86)/cypress/psoc creator/4.4/psoc creator/import/gnu/arm/5.4.1/bin/../lib/gcc/arm-none-eabi/5.4.1/../../../../arm-none-eabi/lib/armv7-m\libc.a
LOAD c:/program files (x86)/cypress/psoc creator/4.4/psoc creator/import/gnu/arm/5.4.1/bin/../lib/gcc/arm-none-eabi/5.4.1/../../../../arm-none-eabi/lib/armv7-m\libnosys.a
END GROUP
                0x00000000                CY_APPL_ORIGIN = 0x0
                0x00000100                CY_FLASH_ROW_SIZE = 0x100
                0x00000020                CY_ECC_ROW_SIZE = 0x20
                0x00000000                CY_EE_IN_BTLDR = 0x0
                0x00000000                CY_APPL_LOADABLE = 0x0
                0x00000800                CY_EE_SIZE = 0x800
                0x00000001                CY_APPL_NUM = 0x1
                0x00000001                CY_APPL_MAX = 0x1
                0x00000040                CY_METADATA_SIZE = 0x40
                0x00000000                CY_APPL_LOADABLE = 0x0
                0x00000000                CY_CHECKSUM_EXCLUDE_SIZE = ALIGN (0x0, CY_FLASH_ROW_SIZE)
                [!provide]                PROVIDE (__cy_heap_start, _end)
                0x00000001                PROVIDE (__cy_region_num, ((__cy_regions_end - __cy_regions) / 0x10))
                0x20008000                PROVIDE (__cy_stack, (ORIGIN (ram) + LENGTH (ram)))
                [!provide]                PROVIDE (__cy_heap_end, (__cy_stack - 0x800))

.cybootloader   0x00000000        0x0
 *(.cybootloader)
                0x00000000                appl1_start = CY_APPL_ORIGIN?CY_APPL_ORIGIN:ALIGN (CY_FLASH_ROW_SIZE)
                0x0001ff00                appl2_start = (appl1_start + ALIGN ((((LENGTH (rom) - appl1_start) - (0x2 * CY_FLASH_ROW_SIZE)) / 0x2), CY_FLASH_ROW_SIZE))
                0x00000000                appl_start = (CY_APPL_NUM == 0x1)?appl1_start:appl2_start
                0x00000000                ecc_offset = ((appl_start / CY_FLASH_ROW_SIZE) * CY_ECC_ROW_SIZE)
                0x00000000                ee_offset = (CY_APPL_LOADABLE && ! (CY_EE_IN_BTLDR))?((CY_EE_SIZE / CY_APPL_MAX) * (CY_APPL_NUM - 0x1)):0x0
                0x00000800                ee_size = (CY_APPL_LOADABLE && ! (CY_EE_IN_BTLDR))?(CY_EE_SIZE / CY_APPL_MAX):CY_EE_SIZE
                [!provide]                PROVIDE (CY_ECC_OFFSET, ecc_offset)

.text           0x00000000     0x234c
 CREATE_OBJECT_SYMBOLS
                0x00000000                PROVIDE (__cy_interrupt_vector, RomVectors)
 *(.romvectors)
 .romvectors    0x00000000       0x10 .\CortexM3\ARM_GCC_541\Debug\Cm3Start.o
                0x00000000                RomVectors
                0x00000001                ASSERT ((. != __cy_interrupt_vector), No interrupt vector)
                0x00000001                ASSERT (CY_APPL_ORIGIN?(SIZEOF (.cybootloader) <= CY_APPL_ORIGIN):0x1, Wrong image location)
                0x00000010                PROVIDE (__cy_reset, Reset)
 *(.text.Reset)
 .text.Reset    0x00000010       0x18 .\CortexM3\ARM_GCC_541\Debug\Cm3Start.o
                0x00000010                Reset
                0x00000001                ASSERT ((. != __cy_reset), No reset code)
 *(.dma_init)
                0x00000001                ASSERT ((((appl_start + .) <= 0x10000) || 0x1), DMA Init must be within the first 64k of flash)
 *(.text .text.* .gnu.linkonce.t.*)
 .text          0x00000028       0x5c c:/program files (x86)/cypress/psoc creator/4.4/psoc creator/import/gnu/arm/5.4.1/bin/../lib/gcc/arm-none-eabi/5.4.1/armv7-m/crtbegin.o
 .text.BUTTON_IsPressed
                0x00000084       0x54 .\CortexM3\ARM_GCC_541\Debug\button.o
                0x00000084                BUTTON_IsPressed
 .text.LED_Set  0x000000d8       0x60 .\CortexM3\ARM_GCC_541\Debug\led.o
                0x000000d8                LED_Set
 .text.LED_Init
                0x00000138       0x34 .\CortexM3\ARM_GCC_541\Debug\led.o
                0x00000138                LED_Init
 .text.LED_RGB_Set
                0x0000016c       0x44 .\CortexM3\ARM_GCC_541\Debug\led.o
                0x0000016c                LED_RGB_Set
 .text.LED_fading_red
                0x000001b0       0x18 .\CortexM3\ARM_GCC_541\Debug\led.o
                0x000001b0                LED_fading_red
 .text.LED_fading_yellow
                0x000001c8       0x18 .\CortexM3\ARM_GCC_541\Debug\led.o
                0x000001c8                LED_fading_yellow
 .text.LED_fading_green
                0x000001e0       0x18 .\CortexM3\ARM_GCC_541\Debug\led.o
                0x000001e0                LED_fading_green
 .text.LED_fading
                0x000001f8       0xc8 .\CortexM3\ARM_GCC_541\Debug\led.o
                0x000001f8                LED_fading
 .text.SEVEN_Set
                0x000002c0       0x34 .\CortexM3\ARM_GCC_541\Debug\seven.o
                0x000002c0                SEVEN_Set
 .text.SEVEN_Clear
                0x000002f4       0x1c .\CortexM3\ARM_GCC_541\Debug\seven.o
                0x000002f4                SEVEN_Clear
 .text.SEVEN_Init
                0x00000310       0x14 .\CortexM3\ARM_GCC_541\Debug\seven.o
                0x00000310                SEVEN_Init
 .text.UART_Show_Round_Counter
                0x00000324       0x38 .\CortexM3\ARM_GCC_541\Debug\uart.o
                0x00000324                UART_Show_Round_Counter
 .text.UART_Show_Prompt_Message
                0x0000035c       0x14 .\CortexM3\ARM_GCC_541\Debug\uart.o
                0x0000035c                UART_Show_Prompt_Message
 .text.UART_Show_Score
                0x00000370       0x44 .\CortexM3\ARM_GCC_541\Debug\uart.o
                0x00000370                UART_Show_Score
 .text.UART_Show_Average_Time
                0x000003b4       0x48 .\CortexM3\ARM_GCC_541\Debug\uart.o
                0x000003b4                UART_Show_Average_Time
 .text.UART_Show_Round_Time
                0x000003fc       0x48 .\CortexM3\ARM_GCC_541\Debug\uart.o
                0x000003fc                UART_Show_Round_Time
 .text.UART_Show_Invalid_Button_Pressed
                0x00000444       0x28 .\CortexM3\ARM_GCC_541\Debug\uart.o
                0x00000444                UART_Show_Invalid_Button_Pressed
 .text.UART_Show_Valid_Button_Pressed
                0x0000046c       0x14 .\CortexM3\ARM_GCC_541\Debug\uart.o
                0x0000046c                UART_Show_Valid_Button_Pressed
 .text.UART_Show_TooSlow_Message
                0x00000480       0x28 .\CortexM3\ARM_GCC_541\Debug\uart.o
                0x00000480                UART_Show_TooSlow_Message
 .text.ISR2_systick_handler
                0x000004a8        0xc .\CortexM3\ARM_GCC_541\Debug\main.o
                0x000004a8                ISR2_systick_handler
 .text.systick_handler
                0x000004b4       0x98 .\CortexM3\ARM_GCC_541\Debug\main.o
                0x000004b4                systick_handler
 .text.main     0x0000054c       0x2c .\CortexM3\ARM_GCC_541\Debug\main.o
                0x0000054c                main
 .text.Functsk_Init
                0x00000578       0x44 .\CortexM3\ARM_GCC_541\Debug\main.o
                0x00000578                Functsk_Init
 .text.Functsk_Control
                0x000005bc       0x48 .\CortexM3\ARM_GCC_541\Debug\main.o
                0x000005bc                Functsk_Control
 .text.Functsk_LEDs_Fading
                0x00000604        0xc .\CortexM3\ARM_GCC_541\Debug\main.o
                0x00000604                Functsk_LEDs_Fading
 .text.Functsk_RGB_Glowing
                0x00000610       0x3c .\CortexM3\ARM_GCC_541\Debug\main.o
                0x00000610                Functsk_RGB_Glowing
 .text.Functsk_Background
                0x0000064c        0x4 .\CortexM3\ARM_GCC_541\Debug\main.o
                0x0000064c                Functsk_Background
 .text.Counter_Ticks
                0x00000650        0xc .\CortexM3\ARM_GCC_541\Debug\main.o
                0x00000650                Counter_Ticks
 .text.ISR2_isr_Button
                0x0000065c       0x48 .\CortexM3\ARM_GCC_541\Debug\main.o
                0x0000065c                ISR2_isr_Button
 .text.isr_Button
                0x000006a4       0x98 .\CortexM3\ARM_GCC_541\Debug\main.o
                0x000006a4                isr_Button
 .text.REACTIONGAME_Round_Increament
                0x0000073c       0x2c .\CortexM3\ARM_GCC_541\Debug\reactionGame.o
                0x0000073c                REACTIONGAME_Round_Increament
 .text.REACTIONGAME_Init
                0x00000768       0x24 .\CortexM3\ARM_GCC_541\Debug\reactionGame.o
                0x00000768                REACTIONGAME_Init
 .text.REACTIONGAME_RandTime
                0x0000078c       0x24 .\CortexM3\ARM_GCC_541\Debug\reactionGame.o
                0x0000078c                REACTIONGAME_RandTime
 .text.REACTIONGAME_TooSlowPressed
                0x000007b0       0x3c .\CortexM3\ARM_GCC_541\Debug\reactionGame.o
                0x000007b0                REACTIONGAME_TooSlowPressed
 .text.REACTIONGAME_ShowScore
                0x000007ec       0x14 .\CortexM3\ARM_GCC_541\Debug\reactionGame.o
                0x000007ec                REACTIONGAME_ShowScore
 .text.REACTIONGAME_ShowAvgTime
                0x00000800       0x34 .\CortexM3\ARM_GCC_541\Debug\reactionGame.o
                0x00000800                REACTIONGAME_ShowAvgTime
 .text.REACTIONGAME_IncreaseScore
                0x00000834       0x18 .\CortexM3\ARM_GCC_541\Debug\reactionGame.o
                0x00000834                REACTIONGAME_IncreaseScore
 .text.REACTIONGAME_DecreaseScore
                0x0000084c       0x1c .\CortexM3\ARM_GCC_541\Debug\reactionGame.o
                0x0000084c                REACTIONGAME_DecreaseScore
 .text.REACTIONGAME_CheckGameEnd
                0x00000868       0x1c .\CortexM3\ARM_GCC_541\Debug\reactionGame.o
                0x00000868                REACTIONGAME_CheckGameEnd
 .text.REACTIONGAME_CounterTicks
                0x00000884       0x44 .\CortexM3\ARM_GCC_541\Debug\reactionGame.o
                0x00000884                REACTIONGAME_CounterTicks
 .text.REACTIONGAME_CounterTicks_Read
                0x000008c8        0xc .\CortexM3\ARM_GCC_541\Debug\reactionGame.o
                0x000008c8                REACTIONGAME_CounterTicks_Read
 .text.REACTIONGAME_CheckValidButton
                0x000008d4       0x54 .\CortexM3\ARM_GCC_541\Debug\reactionGame.o
                0x000008d4                REACTIONGAME_CheckValidButton
 .text.REACTIONGAME_CounterTicks_Reset
                0x00000928        0xc .\CortexM3\ARM_GCC_541\Debug\reactionGame.o
                0x00000928                REACTIONGAME_CounterTicks_Reset
 .text.REACTIONGAME_RandButtonSelect
                0x00000934       0x60 .\CortexM3\ARM_GCC_541\Debug\reactionGame.o
                0x00000934                REACTIONGAME_RandButtonSelect
 .text.REACTIONGAME_Run
                0x00000994       0xd0 .\CortexM3\ARM_GCC_541\Debug\reactionGame.o
                0x00000994                REACTIONGAME_Run
 .text.CyClockStartupError
                0x00000a64        0x4 .\CortexM3\ARM_GCC_541\Debug\cyfitter_cfg.o
 .text.cfg_write_bytes32
                0x00000a68       0x34 .\CortexM3\ARM_GCC_541\Debug\cyfitter_cfg.o
 .text.AnalogSetDefault
                0x00000a9c       0x28 .\CortexM3\ARM_GCC_541\Debug\cyfitter_cfg.o
 .text.CYMEMZERO
                0x00000ac4        0xc .\CortexM3\ARM_GCC_541\Debug\cyfitter_cfg.o
 .text.ClockSetup
                0x00000ad0       0xcc .\CortexM3\ARM_GCC_541\Debug\cyfitter_cfg.o
 .text.CYCONFIGCPY
                0x00000b9c        0x8 .\CortexM3\ARM_GCC_541\Debug\cyfitter_cfg.o
 .text.cyfitter_cfg
                0x00000ba4      0x104 .\CortexM3\ARM_GCC_541\Debug\cyfitter_cfg.o
                0x00000ba4                cyfitter_cfg
 .text.IntDefaultHandler
                0x00000ca8       0x10 .\CortexM3\ARM_GCC_541\Debug\Cm3Start.o
                0x00000ca8                IntDefaultHandler
 .text._sbrk    0x00000cb8       0x30 .\CortexM3\ARM_GCC_541\Debug\Cm3Start.o
                0x00000cb8                _sbrk
 .text.Start_c  0x00000ce8       0x4c .\CortexM3\ARM_GCC_541\Debug\Cm3Start.o
                0x00000ce8                Start_c
 .text.initialize_psoc
                0x00000d34       0x68 .\CortexM3\ARM_GCC_541\Debug\Cm3Start.o
                0x00000d34                initialize_psoc
 .text.SEVEN_SELECT_Write
                0x00000d9c       0x18 .\CortexM3\ARM_GCC_541\Debug\ReactionGame_with erika.a(SEVEN_SELECT.o)
                0x00000d9c                SEVEN_SELECT_Write
 .text.SEVEN_reg_Write
                0x00000db4        0xc .\CortexM3\ARM_GCC_541\Debug\ReactionGame_with erika.a(SEVEN_reg.o)
                0x00000db4                SEVEN_reg_Write
 .text.BUTTON_1_Read
                0x00000dc0       0x10 .\CortexM3\ARM_GCC_541\Debug\ReactionGame_with erika.a(BUTTON_1.o)
                0x00000dc0                BUTTON_1_Read
 .text.isr_Button_ClearPending
                0x00000dd0        0xc .\CortexM3\ARM_GCC_541\Debug\ReactionGame_with erika.a(isr_Button.o)
                0x00000dd0                isr_Button_ClearPending
 .text.BUTTON_2_Read
                0x00000ddc       0x10 .\CortexM3\ARM_GCC_541\Debug\ReactionGame_with erika.a(BUTTON_2.o)
                0x00000ddc                BUTTON_2_Read
 .text.BUTTON_3_Read
                0x00000dec       0x10 .\CortexM3\ARM_GCC_541\Debug\ReactionGame_with erika.a(BUTTON_3.o)
                0x00000dec                BUTTON_3_Read
 .text.BUTTON_4_Read
                0x00000dfc       0x10 .\CortexM3\ARM_GCC_541\Debug\ReactionGame_with erika.a(BUTTON_4.o)
                0x00000dfc                BUTTON_4_Read
 .text.LED_red_Write
                0x00000e0c       0x18 .\CortexM3\ARM_GCC_541\Debug\ReactionGame_with erika.a(LED_red.o)
                0x00000e0c                LED_red_Write
 .text.LED_yellow_Write
                0x00000e24       0x18 .\CortexM3\ARM_GCC_541\Debug\ReactionGame_with erika.a(LED_yellow.o)
                0x00000e24                LED_yellow_Write
 .text.LED_green_Write
                0x00000e3c       0x18 .\CortexM3\ARM_GCC_541\Debug\ReactionGame_with erika.a(LED_green.o)
                0x00000e3c                LED_green_Write
 .text.UART_LOG_Init
                0x00000e54       0x28 .\CortexM3\ARM_GCC_541\Debug\ReactionGame_with erika.a(UART_LOG.o)
                0x00000e54                UART_LOG_Init
 .text.UART_LOG_Enable
                0x00000e7c       0x38 .\CortexM3\ARM_GCC_541\Debug\ReactionGame_with erika.a(UART_LOG.o)
                0x00000e7c                UART_LOG_Enable
 .text.UART_LOG_Start
                0x00000eb4       0x1c .\CortexM3\ARM_GCC_541\Debug\ReactionGame_with erika.a(UART_LOG.o)
                0x00000eb4                UART_LOG_Start
 .text.UART_LOG_PutChar
                0x00000ed0       0x18 .\CortexM3\ARM_GCC_541\Debug\ReactionGame_with erika.a(UART_LOG.o)
                0x00000ed0                UART_LOG_PutChar
 .text.UART_LOG_PutString
                0x00000ee8       0x24 .\CortexM3\ARM_GCC_541\Debug\ReactionGame_with erika.a(UART_LOG.o)
                0x00000ee8                UART_LOG_PutString
 .text.RGB_PWM_red_Enable
                0x00000f0c       0x10 .\CortexM3\ARM_GCC_541\Debug\ReactionGame_with erika.a(RGB_PWM_red.o)
                0x00000f0c                RGB_PWM_red_Enable
 .text.RGB_PWM_red_WriteCounter
                0x00000f1c        0xc .\CortexM3\ARM_GCC_541\Debug\ReactionGame_with erika.a(RGB_PWM_red.o)
                0x00000f1c                RGB_PWM_red_WriteCounter
 .text.RGB_PWM_red_WritePeriod
                0x00000f28        0xc .\CortexM3\ARM_GCC_541\Debug\ReactionGame_with erika.a(RGB_PWM_red.o)
                0x00000f28                RGB_PWM_red_WritePeriod
 .text.RGB_PWM_red_WriteCompare
                0x00000f34        0xc .\CortexM3\ARM_GCC_541\Debug\ReactionGame_with erika.a(RGB_PWM_red.o)
                0x00000f34                RGB_PWM_red_WriteCompare
 .text.RGB_PWM_red_Init
                0x00000f40       0x34 .\CortexM3\ARM_GCC_541\Debug\ReactionGame_with erika.a(RGB_PWM_red.o)
                0x00000f40                RGB_PWM_red_Init
 .text.RGB_PWM_red_Start
                0x00000f74       0x1c .\CortexM3\ARM_GCC_541\Debug\ReactionGame_with erika.a(RGB_PWM_red.o)
                0x00000f74                RGB_PWM_red_Start
 .text.PWM_Clock_Start
                0x00000f90       0x1c .\CortexM3\ARM_GCC_541\Debug\ReactionGame_with erika.a(PWM_Clock.o)
                0x00000f90                PWM_Clock_Start
 .text.RGB_PWM_green_Enable
                0x00000fac       0x10 .\CortexM3\ARM_GCC_541\Debug\ReactionGame_with erika.a(RGB_PWM_green.o)
                0x00000fac                RGB_PWM_green_Enable
 .text.RGB_PWM_green_WriteCounter
                0x00000fbc        0xc .\CortexM3\ARM_GCC_541\Debug\ReactionGame_with erika.a(RGB_PWM_green.o)
                0x00000fbc                RGB_PWM_green_WriteCounter
 .text.RGB_PWM_green_WritePeriod
                0x00000fc8        0xc .\CortexM3\ARM_GCC_541\Debug\ReactionGame_with erika.a(RGB_PWM_green.o)
                0x00000fc8                RGB_PWM_green_WritePeriod
 .text.RGB_PWM_green_WriteCompare
                0x00000fd4        0xc .\CortexM3\ARM_GCC_541\Debug\ReactionGame_with erika.a(RGB_PWM_green.o)
                0x00000fd4                RGB_PWM_green_WriteCompare
 .text.RGB_PWM_green_Init
                0x00000fe0       0x34 .\CortexM3\ARM_GCC_541\Debug\ReactionGame_with erika.a(RGB_PWM_green.o)
                0x00000fe0                RGB_PWM_green_Init
 .text.RGB_PWM_green_Start
                0x00001014       0x1c .\CortexM3\ARM_GCC_541\Debug\ReactionGame_with erika.a(RGB_PWM_green.o)
                0x00001014                RGB_PWM_green_Start
 .text.RGB_PWM_blue_Enable
                0x00001030       0x10 .\CortexM3\ARM_GCC_541\Debug\ReactionGame_with erika.a(RGB_PWM_blue.o)
                0x00001030                RGB_PWM_blue_Enable
 .text.RGB_PWM_blue_WriteCounter
                0x00001040        0xc .\CortexM3\ARM_GCC_541\Debug\ReactionGame_with erika.a(RGB_PWM_blue.o)
                0x00001040                RGB_PWM_blue_WriteCounter
 .text.RGB_PWM_blue_WritePeriod
                0x0000104c        0xc .\CortexM3\ARM_GCC_541\Debug\ReactionGame_with erika.a(RGB_PWM_blue.o)
                0x0000104c                RGB_PWM_blue_WritePeriod
 .text.RGB_PWM_blue_WriteCompare
                0x00001058        0xc .\CortexM3\ARM_GCC_541\Debug\ReactionGame_with erika.a(RGB_PWM_blue.o)
                0x00001058                RGB_PWM_blue_WriteCompare
 .text.RGB_PWM_blue_Init
                0x00001064       0x34 .\CortexM3\ARM_GCC_541\Debug\ReactionGame_with erika.a(RGB_PWM_blue.o)
                0x00001064                RGB_PWM_blue_Init
 .text.RGB_PWM_blue_Start
                0x00001098       0x1c .\CortexM3\ARM_GCC_541\Debug\ReactionGame_with erika.a(RGB_PWM_blue.o)
                0x00001098                RGB_PWM_blue_Start
 .text.EE_oo_ActivateTask
                0x000010b4       0xe8 .\CortexM3\ARM_GCC_541\Debug\ReactionGame_with erika.a(ErikaOS_1_ee_activate.o)
                0x000010b4                EE_oo_ActivateTask
 .text.EE_oo_SetRelAlarm
                0x0000119c       0x80 .\CortexM3\ARM_GCC_541\Debug\ReactionGame_with erika.a(ErikaOS_1_ee_alsetrel.o)
                0x0000119c                EE_oo_SetRelAlarm
 .text.EE_oo_handle_action_callback
                0x0000121c        0xc .\CortexM3\ARM_GCC_541\Debug\ReactionGame_with erika.a(ErikaOS_1_ee_altick.o)
 .text.EE_oo_handle_action_task
                0x00001228       0x4c .\CortexM3\ARM_GCC_541\Debug\ReactionGame_with erika.a(ErikaOS_1_ee_altick.o)
 .text.EE_oo_handle_action_event
                0x00001274       0x60 .\CortexM3\ARM_GCC_541\Debug\ReactionGame_with erika.a(ErikaOS_1_ee_altick.o)
 .text.EE_oo_handle_action
                0x000012d4       0x28 .\CortexM3\ARM_GCC_541\Debug\ReactionGame_with erika.a(ErikaOS_1_ee_altick.o)
 .text.EE_oo_counter_object_insert
                0x000012fc       0x9c .\CortexM3\ARM_GCC_541\Debug\ReactionGame_with erika.a(ErikaOS_1_ee_altick.o)
                0x000012fc                EE_oo_counter_object_insert
 .text.EE_oo_IncrementCounterImplementation
                0x00001398      0x100 .\CortexM3\ARM_GCC_541\Debug\ReactionGame_with erika.a(ErikaOS_1_ee_altick.o)
                0x00001398                EE_oo_IncrementCounterImplementation
 .text.EE_oo_IncrementCounter
                0x00001498       0xb0 .\CortexM3\ARM_GCC_541\Debug\ReactionGame_with erika.a(ErikaOS_1_ee_altick.o)
                0x00001498                EE_oo_IncrementCounter
 .text.EE_oo_ClearEvent
                0x00001548       0x5c .\CortexM3\ARM_GCC_541\Debug\ReactionGame_with erika.a(ErikaOS_1_ee_evclear.o)
                0x00001548                EE_oo_ClearEvent
 .text.EE_oo_GetEvent
                0x000015a4       0x40 .\CortexM3\ARM_GCC_541\Debug\ReactionGame_with erika.a(ErikaOS_1_ee_evget.o)
                0x000015a4                EE_oo_GetEvent
 .text.EE_oo_SetEvent
                0x000015e4      0x100 .\CortexM3\ARM_GCC_541\Debug\ReactionGame_with erika.a(ErikaOS_1_ee_evset.o)
                0x000015e4                EE_oo_SetEvent
 .text.EE_oo_WaitEvent
                0x000016e4      0x110 .\CortexM3\ARM_GCC_541\Debug\ReactionGame_with erika.a(ErikaOS_1_ee_evwait.o)
                0x000016e4                EE_oo_WaitEvent
 .text.EE_IRQ_run_next_task
                0x000017f4       0x30 .\CortexM3\ARM_GCC_541\Debug\ReactionGame_with erika.a(ErikaOS_1_ee_irqendin.o)
 .text.EE_IRQ_end_instance
                0x00001824       0x68 .\CortexM3\ARM_GCC_541\Debug\ReactionGame_with erika.a(ErikaOS_1_ee_irqendin.o)
                0x00001824                EE_IRQ_end_instance
 .text.EE_IRQ_end_post_stub
                0x0000188c       0x14 .\CortexM3\ARM_GCC_541\Debug\ReactionGame_with erika.a(ErikaOS_1_ee_irqendin.o)
                0x0000188c                EE_IRQ_end_post_stub
 .text.EE_rq2stk_exchange
                0x000018a0       0x88 .\CortexM3\ARM_GCC_541\Debug\ReactionGame_with erika.a(ErikaOS_1_ee_rq_exchg.o)
                0x000018a0                EE_rq2stk_exchange
 .text.EE_rq_queryfirst
                0x00001928       0x44 .\CortexM3\ARM_GCC_541\Debug\ReactionGame_with erika.a(ErikaOS_1_ee_rq_first.o)
                0x00001928                EE_rq_queryfirst
 .text.EE_rq_insert
                0x0000196c       0x74 .\CortexM3\ARM_GCC_541\Debug\ReactionGame_with erika.a(ErikaOS_1_ee_rq_inser.o)
                0x0000196c                EE_rq_insert
 .text.compute_task_tid
                0x000019e0       0x10 .\CortexM3\ARM_GCC_541\Debug\ReactionGame_with erika.a(ErikaOS_1_ee_startos.o)
 .text.EE_oo_start_os
                0x000019f0        0xc .\CortexM3\ARM_GCC_541\Debug\ReactionGame_with erika.a(ErikaOS_1_ee_startos.o)
 .text.EE_oo_autostart_tasks
                0x000019fc       0x60 .\CortexM3\ARM_GCC_541\Debug\ReactionGame_with erika.a(ErikaOS_1_ee_startos.o)
 .text.EE_oo_autostart_os
                0x00001a5c        0xc .\CortexM3\ARM_GCC_541\Debug\ReactionGame_with erika.a(ErikaOS_1_ee_startos.o)
 .text.EE_oo_StartOS
                0x00001a68       0x8c .\CortexM3\ARM_GCC_541\Debug\ReactionGame_with erika.a(ErikaOS_1_ee_startos.o)
                0x00001a68                EE_oo_StartOS
 .text.EE_oo_TerminateTask
                0x00001af4       0x3c .\CortexM3\ARM_GCC_541\Debug\ReactionGame_with erika.a(ErikaOS_1_ee_terminat.o)
                0x00001af4                EE_oo_TerminateTask
 .text.EE_system_init
                0x00001b30       0x54 .\CortexM3\ARM_GCC_541\Debug\ReactionGame_with erika.a(ErikaOS_1_cortex_mx_ee_utils.o)
                0x00001b30                EE_system_init
 .text.UART_LOG_IntClock_Start
                0x00001b84       0x1c .\CortexM3\ARM_GCC_541\Debug\ReactionGame_with erika.a(UART_LOG_IntClock.o)
                0x00001b84                UART_LOG_IntClock_Start
 .text.Buttons_Status_Read
                0x00001ba0        0xc .\CortexM3\ARM_GCC_541\Debug\ReactionGame_with erika.a(Buttons_Status.o)
                0x00001ba0                Buttons_Status_Read
 .text.PWM_Clock_1_Start
                0x00001bac       0x1c .\CortexM3\ARM_GCC_541\Debug\ReactionGame_with erika.a(PWM_Clock_1.o)
                0x00001bac                PWM_Clock_1_Start
 .text.PWM_red_Enable
                0x00001bc8       0x10 .\CortexM3\ARM_GCC_541\Debug\ReactionGame_with erika.a(PWM_red.o)
                0x00001bc8                PWM_red_Enable
 .text.PWM_red_WriteCounter
                0x00001bd8        0xc .\CortexM3\ARM_GCC_541\Debug\ReactionGame_with erika.a(PWM_red.o)
                0x00001bd8                PWM_red_WriteCounter
 .text.PWM_red_WritePeriod
                0x00001be4        0xc .\CortexM3\ARM_GCC_541\Debug\ReactionGame_with erika.a(PWM_red.o)
                0x00001be4                PWM_red_WritePeriod
 .text.PWM_red_WriteCompare
                0x00001bf0        0xc .\CortexM3\ARM_GCC_541\Debug\ReactionGame_with erika.a(PWM_red.o)
                0x00001bf0                PWM_red_WriteCompare
 .text.PWM_red_Init
                0x00001bfc       0x34 .\CortexM3\ARM_GCC_541\Debug\ReactionGame_with erika.a(PWM_red.o)
                0x00001bfc                PWM_red_Init
 .text.PWM_red_Start
                0x00001c30       0x1c .\CortexM3\ARM_GCC_541\Debug\ReactionGame_with erika.a(PWM_red.o)
                0x00001c30                PWM_red_Start
 .text.PWM_yellow_Enable
                0x00001c4c       0x10 .\CortexM3\ARM_GCC_541\Debug\ReactionGame_with erika.a(PWM_yellow.o)
                0x00001c4c                PWM_yellow_Enable
 .text.PWM_yellow_WriteCounter
                0x00001c5c        0xc .\CortexM3\ARM_GCC_541\Debug\ReactionGame_with erika.a(PWM_yellow.o)
                0x00001c5c                PWM_yellow_WriteCounter
 .text.PWM_yellow_WritePeriod
                0x00001c68        0xc .\CortexM3\ARM_GCC_541\Debug\ReactionGame_with erika.a(PWM_yellow.o)
                0x00001c68                PWM_yellow_WritePeriod
 .text.PWM_yellow_WriteCompare
                0x00001c74        0xc .\CortexM3\ARM_GCC_541\Debug\ReactionGame_with erika.a(PWM_yellow.o)
                0x00001c74                PWM_yellow_WriteCompare
 .text.PWM_yellow_Init
                0x00001c80       0x34 .\CortexM3\ARM_GCC_541\Debug\ReactionGame_with erika.a(PWM_yellow.o)
                0x00001c80                PWM_yellow_Init
 .text.PWM_yellow_Start
                0x00001cb4       0x1c .\CortexM3\ARM_GCC_541\Debug\ReactionGame_with erika.a(PWM_yellow.o)
                0x00001cb4                PWM_yellow_Start
 .text.PWM_green_Enable
                0x00001cd0       0x10 .\CortexM3\ARM_GCC_541\Debug\ReactionGame_with erika.a(PWM_green.o)
                0x00001cd0                PWM_green_Enable
 .text.PWM_green_WriteCounter
                0x00001ce0        0xc .\CortexM3\ARM_GCC_541\Debug\ReactionGame_with erika.a(PWM_green.o)
                0x00001ce0                PWM_green_WriteCounter
 .text.PWM_green_WritePeriod
                0x00001cec        0xc .\CortexM3\ARM_GCC_541\Debug\ReactionGame_with erika.a(PWM_green.o)
                0x00001cec                PWM_green_WritePeriod
 .text.PWM_green_WriteCompare
                0x00001cf8        0xc .\CortexM3\ARM_GCC_541\Debug\ReactionGame_with erika.a(PWM_green.o)
                0x00001cf8                PWM_green_WriteCompare
 .text.PWM_green_Init
                0x00001d04       0x40 .\CortexM3\ARM_GCC_541\Debug\ReactionGame_with erika.a(PWM_green.o)
                0x00001d04                PWM_green_Init
 .text.PWM_green_Start
                0x00001d44       0x1c .\CortexM3\ARM_GCC_541\Debug\ReactionGame_with erika.a(PWM_green.o)
                0x00001d44                PWM_green_Start
 .text          0x00001d60       0x7c .\CortexM3\ARM_GCC_541\Debug\ReactionGame_with erika.a(ErikaOS_1_ee_gnu_change_context_isr.o)
                0x00001d60                EE_set_switch_context_pri
                0x00001d7a                EE_switch_context
                0x00001d84                EE_cortex_mx_pendsv_ISR
                0x00001dc0                EE_cortex_mx_svc_ISR
 .text          0x00001ddc       0x24 .\CortexM3\ARM_GCC_541\Debug\ReactionGame_with erika.a(ErikaOS_1_ee_gnu_irq_stack.o)
                0x00001ddc                EE_cortex_mx_change_IRQ_stack
                0x00001dee                EE_cortex_mx_change_IRQ_stack_back
 .text          0x00001e00       0x68 .\CortexM3\ARM_GCC_541\Debug\ReactionGame_with erika.a(ErikaOS_1_ee_gnu_multi_context.o)
                0x00001e00                EE_cortex_mx_change_context
 .text          0x00001e68       0x80 .\CortexM3\ARM_GCC_541\Debug\ReactionGame_with erika.a(ErikaOS_1_ee_gnu_oo.o)
                0x00001e68                EE_hal_terminate_savestk
                0x00001eb2                EE_hal_terminate_task
 .text          0x00001ee8       0x20 .\CortexM3\ARM_GCC_541\Debug\ReactionGame_with erika.a(CyBootAsmGnu.o)
                0x00001ee8                CyDelayCycles
                0x00001ef8                CyEnterCriticalSection
                0x00001f00                CyExitCriticalSection
 .text.EE_thread_not_terminated
                0x00001f08       0x10 .\CortexM3\ARM_GCC_541\Debug\ReactionGame_with erika.a(ErikaOS_1_ee_tnterm.o)
                0x00001f08                EE_thread_not_terminated
 .text.EE_oo_thread_stub
                0x00001f18       0x10 .\CortexM3\ARM_GCC_541\Debug\ReactionGame_with erika.a(ErikaOS_1_ee_tstub.o)
                0x00001f18                EE_oo_thread_stub
 .text.EE_std_run_task_code
                0x00001f28       0x18 .\CortexM3\ARM_GCC_541\Debug\ReactionGame_with erika.a(ErikaOS_1_cortex_mx_ee_context.o)
                0x00001f28                EE_std_run_task_code
 .text.EE_std_need_context_change
                0x00001f40       0x28 .\CortexM3\ARM_GCC_541\Debug\ReactionGame_with erika.a(ErikaOS_1_cortex_mx_ee_context.o)
                0x00001f40                EE_std_need_context_change
 .text.EE_thread_rnact_max
                0x00001f68       0x20 .\CortexM3\ARM_GCC_541\Debug\ReactionGame_with erika.a(ErikaOS_1_ee_thendin.o)
 .text.EE_thread_endcycle_next
                0x00001f88       0x30 .\CortexM3\ARM_GCC_541\Debug\ReactionGame_with erika.a(ErikaOS_1_ee_thendin.o)
 .text.EE_thread_end_instance
                0x00001fb8      0x108 .\CortexM3\ARM_GCC_541\Debug\ReactionGame_with erika.a(ErikaOS_1_ee_thendin.o)
                0x00001fb8                EE_thread_end_instance
 .text.__errno  0x000020c0        0xc c:/program files (x86)/cypress/psoc creator/4.4/psoc creator/import/gnu/arm/5.4.1/bin/../lib/gcc/arm-none-eabi/5.4.1/../../../../arm-none-eabi/lib/armv7-m\libg_nano.a(lib_a-errno.o)
                0x000020c0                __errno
 .text.__libc_init_array
                0x000020cc       0x4c c:/program files (x86)/cypress/psoc creator/4.4/psoc creator/import/gnu/arm/5.4.1/bin/../lib/gcc/arm-none-eabi/5.4.1/../../../../arm-none-eabi/lib/armv7-m\libg_nano.a(lib_a-init.o)
                0x000020cc                __libc_init_array
 .text.__itoa   0x00002118       0x2e c:/program files (x86)/cypress/psoc creator/4.4/psoc creator/import/gnu/arm/5.4.1/bin/../lib/gcc/arm-none-eabi/5.4.1/../../../../arm-none-eabi/lib/armv7-m\libg_nano.a(lib_a-itoa.o)
                0x00002118                __itoa
 .text.itoa     0x00002146        0x4 c:/program files (x86)/cypress/psoc creator/4.4/psoc creator/import/gnu/arm/5.4.1/bin/../lib/gcc/arm-none-eabi/5.4.1/../../../../arm-none-eabi/lib/armv7-m\libg_nano.a(lib_a-itoa.o)
                0x00002146                itoa
 .text.memcpy   0x0000214a       0x16 c:/program files (x86)/cypress/psoc creator/4.4/psoc creator/import/gnu/arm/5.4.1/bin/../lib/gcc/arm-none-eabi/5.4.1/../../../../arm-none-eabi/lib/armv7-m\libg_nano.a(lib_a-memcpy-stub.o)
                0x0000214a                memcpy
 .text.memset   0x00002160       0x10 c:/program files (x86)/cypress/psoc creator/4.4/psoc creator/import/gnu/arm/5.4.1/bin/../lib/gcc/arm-none-eabi/5.4.1/../../../../arm-none-eabi/lib/armv7-m\libg_nano.a(lib_a-memset.o)
                0x00002160                memset
 .text.rand     0x00002170       0x74 c:/program files (x86)/cypress/psoc creator/4.4/psoc creator/import/gnu/arm/5.4.1/bin/../lib/gcc/arm-none-eabi/5.4.1/../../../../arm-none-eabi/lib/armv7-m\libg_nano.a(lib_a-rand.o)
                0x00002170                rand
 .text.__utoa   0x000021e4       0x78 c:/program files (x86)/cypress/psoc creator/4.4/psoc creator/import/gnu/arm/5.4.1/bin/../lib/gcc/arm-none-eabi/5.4.1/../../../../arm-none-eabi/lib/armv7-m\libg_nano.a(lib_a-utoa.o)
                0x000021e4                __utoa
 .text.malloc   0x0000225c       0x10 c:/program files (x86)/cypress/psoc creator/4.4/psoc creator/import/gnu/arm/5.4.1/bin/../lib/gcc/arm-none-eabi/5.4.1/../../../../arm-none-eabi/lib/armv7-m\libg_nano.a(lib_a-malloc.o)
                0x0000225c                malloc
 .text._malloc_r
                0x0000226c       0xbc c:/program files (x86)/cypress/psoc creator/4.4/psoc creator/import/gnu/arm/5.4.1/bin/../lib/gcc/arm-none-eabi/5.4.1/../../../../arm-none-eabi/lib/armv7-m\libg_nano.a(lib_a-nano-mallocr.o)
                0x0000226c                _malloc_r
 .text._sbrk_r  0x00002328       0x20 c:/program files (x86)/cypress/psoc creator/4.4/psoc creator/import/gnu/arm/5.4.1/bin/../lib/gcc/arm-none-eabi/5.4.1/../../../../arm-none-eabi/lib/armv7-m\libg_nano.a(lib_a-sbrkr.o)
                0x00002328                _sbrk_r
 .text.__malloc_lock
                0x00002348        0x2 c:/program files (x86)/cypress/psoc creator/4.4/psoc creator/import/gnu/arm/5.4.1/bin/../lib/gcc/arm-none-eabi/5.4.1/../../../../arm-none-eabi/lib/armv7-m\libg_nano.a(lib_a-mlock.o)
                0x00002348                __malloc_lock
 .text.__malloc_unlock
                0x0000234a        0x2 c:/program files (x86)/cypress/psoc creator/4.4/psoc creator/import/gnu/arm/5.4.1/bin/../lib/gcc/arm-none-eabi/5.4.1/../../../../arm-none-eabi/lib/armv7-m\libg_nano.a(lib_a-mlock.o)
                0x0000234a                __malloc_unlock
 *(.plt)
 *(.gnu.warning)
 *(.glue_7t)
 .glue_7t       0x0000234c        0x0 linker stubs
 *(.glue_7)
 .glue_7        0x0000234c        0x0 linker stubs
 *(.vfp11_veneer)
 .vfp11_veneer  0x0000234c        0x0 linker stubs
 *(.bootloader)
 *(.ARM.extab* .gnu.linkonce.armextab.*)
 *(.gcc_except_table)

.v4_bx          0x0000234c        0x0
 .v4_bx         0x0000234c        0x0 linker stubs

.iplt           0x0000234c        0x0
 .iplt          0x0000234c        0x0 c:/program files (x86)/cypress/psoc creator/4.4/psoc creator/import/gnu/arm/5.4.1/bin/../lib/gcc/arm-none-eabi/5.4.1/armv7-m/crtbegin.o

.eh_frame_hdr
 *(.eh_frame_hdr)

.eh_frame       0x0000234c        0x4
 *(.eh_frame)
 .eh_frame      0x0000234c        0x0 c:/program files (x86)/cypress/psoc creator/4.4/psoc creator/import/gnu/arm/5.4.1/bin/../lib/gcc/arm-none-eabi/5.4.1/armv7-m/crtbegin.o
 .eh_frame      0x0000234c        0x4 c:/program files (x86)/cypress/psoc creator/4.4/psoc creator/import/gnu/arm/5.4.1/bin/../lib/gcc/arm-none-eabi/5.4.1/armv7-m/crtend.o
                [!provide]                PROVIDE (__exidx_start, .)

.ARM.exidx
 *(.ARM.exidx* .gnu.linkonce.armexidx.*)
                0x00002350                __exidx_end = .

.rodata         0x00002350      0x538
 *(.rodata .rodata.* .gnu.linkonce.r.*)
 .rodata        0x00002350       0x36 .\CortexM3\ARM_GCC_541\Debug\led.o
                0x00002350                RG_glowtable_1
 *fill*         0x00002386        0x2 
 .rodata        0x00002388       0x11 .\CortexM3\ARM_GCC_541\Debug\seven.o
 *fill*         0x00002399        0x3 
 .rodata        0x0000239c        0x3 .\CortexM3\ARM_GCC_541\Debug\uart.o
 *fill*         0x0000239f        0x1 
 .rodata.str1.4
                0x000023a0      0x165 .\CortexM3\ARM_GCC_541\Debug\uart.o
                                0x16d (size before relaxing)
 *fill*         0x00002505        0x3 
 .rodata        0x00002508       0x2a .\CortexM3\ARM_GCC_541\Debug\cyfitter_cfg.o
 *fill*         0x00002532        0x2 
 .rodata        0x00002534      0x100 .\CortexM3\ARM_GCC_541\Debug\ReactionGame_with erika.a(ErikaOS_1_ee_lookup.o)
                0x00002534                EE_rq_lookup
 .rodata        0x00002634      0x154 .\CortexM3\ARM_GCC_541\Debug\ReactionGame_with erika.a(ErikaOS_1_eecfg.o)
                0x00002634                EE_oo_autostart_task_data
                0x00002640                EE_oo_action_ROM
                0x00002690                EE_oo_counter_object_ROM
                0x000026c0                EE_ALARM_ID
                0x000026d0                EE_alarm_ROM
                0x000026e0                EE_counter_ROM
                0x000026ec                EE_th_is_extended
                0x00002700                EE_th_rnact_max
                0x00002714                EE_th_dispatch_prio
                0x00002728                EE_EVENT_ID
                0x00002734                EE_th_ready_prio
                0x00002748                EE_terminate_real_th_body
                0x0000275c                EE_hal_thread_body
                0x00002770                EE_std_thread_tos
 .rodata.str1.4
                0x00002788       0xa4 .\CortexM3\ARM_GCC_541\Debug\ReactionGame_with erika.a(ErikaOS_1_eecfg.o)
 .rodata.str1.1
                0x0000282c        0x2 c:/program files (x86)/cypress/psoc creator/4.4/psoc creator/import/gnu/arm/5.4.1/bin/../lib/gcc/arm-none-eabi/5.4.1/../../../../arm-none-eabi/lib/armv7-m\libg_nano.a(lib_a-impure.o)
 .rodata.str1.1
                0x0000282e       0x25 c:/program files (x86)/cypress/psoc creator/4.4/psoc creator/import/gnu/arm/5.4.1/bin/../lib/gcc/arm-none-eabi/5.4.1/../../../../arm-none-eabi/lib/armv7-m\libg_nano.a(lib_a-utoa.o)
                0x00002854                . = ALIGN (0x4)
 *fill*         0x00002853        0x1 
 *(.init)
 .init          0x00002854        0x4 c:/program files (x86)/cypress/psoc creator/4.4/psoc creator/import/gnu/arm/5.4.1/bin/../lib/gcc/arm-none-eabi/5.4.1/armv7-m/crti.o
                0x00002854                _init
 .init          0x00002858        0x8 c:/program files (x86)/cypress/psoc creator/4.4/psoc creator/import/gnu/arm/5.4.1/bin/../lib/gcc/arm-none-eabi/5.4.1/armv7-m/crtn.o
                0x00002860                . = ALIGN (0x4)
                0x00002860                __preinit_array_start = .
 *(.preinit_array)
                0x00002860                __preinit_array_end = .
                0x00002860                . = ALIGN (0x4)
                0x00002860                __init_array_start = .
 *(SORT(.init_array.*))
 *(.init_array)
 .init_array    0x00002860        0x4 c:/program files (x86)/cypress/psoc creator/4.4/psoc creator/import/gnu/arm/5.4.1/bin/../lib/gcc/arm-none-eabi/5.4.1/armv7-m/crtbegin.o
 .init_array    0x00002864        0x4 .\CortexM3\ARM_GCC_541\Debug\Cm3Start.o
                0x00002868                __init_array_end = .
                0x00002868                . = ALIGN (0x4)
 *(.fini)
 .fini          0x00002868        0x4 c:/program files (x86)/cypress/psoc creator/4.4/psoc creator/import/gnu/arm/5.4.1/bin/../lib/gcc/arm-none-eabi/5.4.1/armv7-m/crti.o
                0x00002868                _fini
 .fini          0x0000286c        0x8 c:/program files (x86)/cypress/psoc creator/4.4/psoc creator/import/gnu/arm/5.4.1/bin/../lib/gcc/arm-none-eabi/5.4.1/armv7-m/crtn.o
                0x00002874                . = ALIGN (0x4)
                0x00002874                __fini_array_start = .
 *(.fini_array)
 .fini_array    0x00002874        0x4 c:/program files (x86)/cypress/psoc creator/4.4/psoc creator/import/gnu/arm/5.4.1/bin/../lib/gcc/arm-none-eabi/5.4.1/armv7-m/crtbegin.o
 *(SORT(.fini_array.*))
                0x00002878                __fini_array_end = .
                0x00002878                . = ALIGN (0x4)
 *crtbegin.o(.ctors)
 *(EXCLUDE_FILE(*crtend.o) .ctors)
 *(SORT(.ctors.*))
 *crtend.o(.ctors)
                0x00002878                . = ALIGN (0x4)
 *crtbegin.o(.dtors)
 *(EXCLUDE_FILE(*crtend.o) .dtors)
 *(SORT(.dtors.*))
 *crtend.o(.dtors)
                0x00002878                . = ALIGN (0x4)
                0x00002878                __cy_regions = .
                0x00002878        0x4 LONG 0x2888 __cy_region_init_ram
                0x0000287c        0x4 LONG 0x1fff80c8 __cy_region_start_data
                0x00002880        0x4 LONG 0x1b8 __cy_region_init_size_ram
                0x00002884        0x4 LONG 0x478 __cy_region_zero_size_ram
                0x00002888                __cy_regions_end = .
                0x00002888                . = ALIGN (0x8)
                0x00002888                _etext = .

.cy_checksum_exclude
                0x00002888        0x0
 *(.cy_checksum_exclude)

.ramvectors     0x1fff8000       0xc0
                0x1fff8000                __cy_region_start_ram = .
 *(.ramvectors)
 .ramvectors    0x1fff8000       0xc0 .\CortexM3\ARM_GCC_541\Debug\Cm3Start.o
                0x1fff8000                CyRamVectors

.noinit         0x1fff80c0        0x1
 *(.noinit)
 .noinit        0x1fff80c0        0x1 .\CortexM3\ARM_GCC_541\Debug\ReactionGame_with erika.a(CyLib.o)
                0x1fff80c0                CyResetStatus

.data           0x1fff80c8      0x1b8 load address 0x00002888
                0x1fff80c8                __cy_region_start_data = .
 *(.jcr)
 .jcr           0x1fff80c8        0x0 c:/program files (x86)/cypress/psoc creator/4.4/psoc creator/import/gnu/arm/5.4.1/bin/../lib/gcc/arm-none-eabi/5.4.1/armv7-m/crtbegin.o
 .jcr           0x1fff80c8        0x4 c:/program files (x86)/cypress/psoc creator/4.4/psoc creator/import/gnu/arm/5.4.1/bin/../lib/gcc/arm-none-eabi/5.4.1/armv7-m/crtend.o
 *(.got.plt)
 *(.got)
 *(.shdata)
 *(.data .data.* .gnu.linkonce.d.*)
 .data          0x1fff80cc        0x2 .\CortexM3\ARM_GCC_541\Debug\seven.o
 .data          0x1fff80ce        0x1 .\CortexM3\ARM_GCC_541\Debug\reactionGame.o
                0x1fff80ce                MaxRound
 *fill*         0x1fff80cf        0x1 
 .data          0x1fff80d0        0x4 .\CortexM3\ARM_GCC_541\Debug\Cm3Start.o
 .data          0x1fff80d4      0x140 .\CortexM3\ARM_GCC_541\Debug\ReactionGame_with erika.a(ErikaOS_1_eecfg.o)
                0x1fff80d4                EE_ALARM_NAME
                0x1fff80e4                EE_counter_RAM
                0x1fff80ec                EE_th_terminate_nextask
                0x1fff8100                EE_rq_pairs_next
                0x1fff8114                EE_rq_link
                0x1fff8128                EE_th_rnact
                0x1fff813c                EE_rq_queues_tail
                0x1fff817c                EE_rq_queues_head
                0x1fff81bc                EE_stkfirst
                0x1fff81c0                EE_th_next
                0x1fff81d4                EE_th_status
                0x1fff81e8                EE_EVENT_NAME
                0x1fff81f4                EE_TASK_NAME
                0x1fff8208                EE_cortex_mx_IRQ_tos
                0x1fff820c                EE_cortex_mx_system_tos
 .data          0x1fff8214        0x4 .\CortexM3\ARM_GCC_541\Debug\ReactionGame_with erika.a(ErikaOS_1_ee_gnu_irq_stack.o)
 .data.impure_data
                0x1fff8218       0x60 c:/program files (x86)/cypress/psoc creator/4.4/psoc creator/import/gnu/arm/5.4.1/bin/../lib/gcc/arm-none-eabi/5.4.1/../../../../arm-none-eabi/lib/armv7-m\libg_nano.a(lib_a-impure.o)
 .data._impure_ptr
                0x1fff8278        0x4 c:/program files (x86)/cypress/psoc creator/4.4/psoc creator/import/gnu/arm/5.4.1/bin/../lib/gcc/arm-none-eabi/5.4.1/../../../../arm-none-eabi/lib/armv7-m\libg_nano.a(lib_a-impure.o)
                0x1fff8278                _impure_ptr
                0x1fff8280                . = ALIGN (0x8)
 *fill*         0x1fff827c        0x4 
 *(.ram)
                0x1fff8280                _edata = .

.igot.plt       0x1fff8280        0x0 load address 0x00002a40
 .igot.plt      0x1fff8280        0x0 c:/program files (x86)/cypress/psoc creator/4.4/psoc creator/import/gnu/arm/5.4.1/bin/../lib/gcc/arm-none-eabi/5.4.1/armv7-m/crtbegin.o

.bss            0x1fff8280      0x478 load address 0x00002a40
                0x1fff8280                PROVIDE (__bss_start__, .)
 *(.shbss)
 *(.bss .bss.* .gnu.linkonce.b.*)
 .bss           0x1fff8280       0x1c c:/program files (x86)/cypress/psoc creator/4.4/psoc creator/import/gnu/arm/5.4.1/bin/../lib/gcc/arm-none-eabi/5.4.1/armv7-m/crtbegin.o
 .bss           0x1fff829c        0xa .\CortexM3\ARM_GCC_541\Debug\led.o
 *fill*         0x1fff82a6        0x2 
 .bss           0x1fff82a8        0x2 .\CortexM3\ARM_GCC_541\Debug\seven.o
 *fill*         0x1fff82aa        0x2 
 .bss           0x1fff82ac        0x5 .\CortexM3\ARM_GCC_541\Debug\main.o
 *fill*         0x1fff82b1        0x3 
 .bss           0x1fff82b4       0x31 .\CortexM3\ARM_GCC_541\Debug\reactionGame.o
                0x1fff82b8                Time
                0x1fff82e4                GameState
 .bss           0x1fff82e5        0x2 .\CortexM3\ARM_GCC_541\Debug\ReactionGame_with erika.a(UART_LOG.o)
                0x1fff82e5                UART_LOG_initVar
 .bss           0x1fff82e7        0x1 .\CortexM3\ARM_GCC_541\Debug\ReactionGame_with erika.a(RGB_PWM_red.o)
                0x1fff82e7                RGB_PWM_red_initVar
 .bss           0x1fff82e8        0x1 .\CortexM3\ARM_GCC_541\Debug\ReactionGame_with erika.a(RGB_PWM_green.o)
                0x1fff82e8                RGB_PWM_green_initVar
 .bss           0x1fff82e9        0x1 .\CortexM3\ARM_GCC_541\Debug\ReactionGame_with erika.a(RGB_PWM_blue.o)
                0x1fff82e9                RGB_PWM_blue_initVar
 *fill*         0x1fff82ea        0x2 
 .bss           0x1fff82ec       0x4c .\CortexM3\ARM_GCC_541\Debug\ReactionGame_with erika.a(ErikaOS_1_eecfg.o)
                0x1fff82ec                EE_th_waswaiting
                0x1fff8300                EE_th_event_waitmask
                0x1fff8314                EE_th_event_active
                0x1fff8328                EE_rq_free
                0x1fff832c                EE_rq_bitmask
                0x1fff8330                EE_sys_ceiling
                0x1fff8334                EE_cortex_mx_active_tos
 .bss           0x1fff8338        0x1 .\CortexM3\ARM_GCC_541\Debug\ReactionGame_with erika.a(PWM_red.o)
                0x1fff8338                PWM_red_initVar
 .bss           0x1fff8339        0x1 .\CortexM3\ARM_GCC_541\Debug\ReactionGame_with erika.a(PWM_yellow.o)
                0x1fff8339                PWM_yellow_initVar
 .bss           0x1fff833a        0x1 .\CortexM3\ARM_GCC_541\Debug\ReactionGame_with erika.a(PWM_green.o)
                0x1fff833a                PWM_green_initVar
 *fill*         0x1fff833b        0x1 
 .bss.__malloc_sbrk_start
                0x1fff833c        0x4 c:/program files (x86)/cypress/psoc creator/4.4/psoc creator/import/gnu/arm/5.4.1/bin/../lib/gcc/arm-none-eabi/5.4.1/../../../../arm-none-eabi/lib/armv7-m\libg_nano.a(lib_a-nano-mallocr.o)
                0x1fff833c                __malloc_sbrk_start
 .bss.__malloc_free_list
                0x1fff8340        0x4 c:/program files (x86)/cypress/psoc creator/4.4/psoc creator/import/gnu/arm/5.4.1/bin/../lib/gcc/arm-none-eabi/5.4.1/../../../../arm-none-eabi/lib/armv7-m\libg_nano.a(lib_a-nano-mallocr.o)
                0x1fff8340                __malloc_free_list
 *(COMMON)
 COMMON         0x1fff8344        0x2 .\CortexM3\ARM_GCC_541\Debug\reactionGame.o
                0x1fff8344                PressedButton
                0x1fff8345                RandomButton
 *fill*         0x1fff8346        0x2 
 COMMON         0x1fff8348        0x8 .\CortexM3\ARM_GCC_541\Debug\ReactionGame_with erika.a(ErikaOS_1_ee_lookup.o)
                0x1fff8348                EE_oo_IRQ_disable_count
                0x1fff834c                EE_oo_IRQ_suspend_status
 COMMON         0x1fff8350        0x4 .\CortexM3\ARM_GCC_541\Debug\ReactionGame_with erika.a(ErikaOS_1_ee_startos.o)
                0x1fff8350                EE_oo_started
 COMMON         0x1fff8354        0x8 .\CortexM3\ARM_GCC_541\Debug\ReactionGame_with erika.a(ErikaOS_1_common_ee_hal_structs.o)
                0x1fff8354                EE_IRQ_nesting_level
                0x1fff8358                EE_std_endcycle_next_tid
 COMMON         0x1fff835c      0x398 .\CortexM3\ARM_GCC_541\Debug\ReactionGame_with erika.a(ErikaOS_1_eecfg.o)
                0x1fff835c                EE_rq_pairs_tid
                0x1fff8370                EE_terminate_data
                0x1fff8384                EE_oo_counter_object_RAM
                0x1fff83c4                EE_cortex_mx_stack_2
                0x1fff84f0                EE_ApplicationMode
                0x1fff84f4                EE_cortex_mx_stack_9
 COMMON         0x1fff86f4        0x4 c:/program files (x86)/cypress/psoc creator/4.4/psoc creator/import/gnu/arm/5.4.1/bin/../lib/gcc/arm-none-eabi/5.4.1/../../../../arm-none-eabi/lib/armv7-m\libg_nano.a(lib_a-reent.o)
                0x1fff86f4                errno
                0x1fff86f8                . = ALIGN (0x8)
 *(.ram.b)
                0x1fff86f8                _end = .
                0x1fff86f8                __end = .
                0x1fff86f8                PROVIDE (end, .)
                0x1fff86f8                PROVIDE (__bss_end__, .)
                0x00002888                __cy_region_init_ram = LOADADDR (.data)
                0x000001b8                __cy_region_init_size_ram = (_edata - ADDR (.data))
                0x00000478                __cy_region_zero_size_ram = (_end - _edata)

.heap           0x1fff86f8       0x80 load address 0x00002a40
                0x1fff86f8                . = _end
                0x1fff8778                . = (. + 0x80)
 *fill*         0x1fff86f8       0x80 
                0x1fff8778                __cy_heap_limit = .

.stack          0x20007800      0x800
                0x20007800                __cy_stack_limit = .
                0x20008000                . = (. + 0x800)
 *fill*         0x20007800      0x800 
                0x00000001                ASSERT ((__cy_stack_limit >= __cy_heap_limit), region RAM overflowed with stack)
                0x00000000                cy_checksum_exclude_size = (CY_APPL_LOADABLE == 0x1)?SIZEOF (.cy_checksum_exclude):0x0
                0x00000001                ASSERT ((cy_checksum_exclude_size <= CY_CHECKSUM_EXCLUDE_SIZE), CY_BOOT: Section .cy_checksum_exclude size exceedes specified limit.)

.cyloadermeta
 *(.cyloadermeta)

.cyloadablemeta
 *(.cyloadablemeta)

.cyconfigecc    0x80000000      0x778
 *(.cyconfigecc)
 .cyconfigecc   0x80000000      0x778 .\CortexM3\ARM_GCC_541\Debug\cymetadata.o
                0x80000000                cy_meta_configecc

.cycustnvl      0x90000000        0x4
 *(.cycustnvl)
 .cycustnvl     0x90000000        0x4 .\CortexM3\ARM_GCC_541\Debug\cymetadata.o
                0x90000000                cy_meta_custnvl

.cywolatch      0x90100000        0x4
 *(.cywolatch)
 .cywolatch     0x90100000        0x4 .\CortexM3\ARM_GCC_541\Debug\cymetadata.o
                0x90100000                cy_meta_wonvl

.cyeeprom       0x90200000        0x0
 *(.cyeeprom)
                0x00000001                ASSERT ((. <= ((0x90200000 + ee_offset) + ee_size)), .cyeeprom data will not fit in EEPROM)

.cyflashprotect
                0x90400000      0x100
 *(.cyflashprotect)
 .cyflashprotect
                0x90400000      0x100 .\CortexM3\ARM_GCC_541\Debug\cymetadata.o
                0x90400000                cy_meta_flashprotect

.cymeta         0x90500000        0xc
 *(.cymeta)
 .cymeta        0x90500000        0xc .\CortexM3\ARM_GCC_541\Debug\cymetadata.o
                0x90500000                cy_metadata

.rel.dyn        0x00002a40        0x0 load address 0x9050000c
 .rel.iplt      0x00002a40        0x0 c:/program files (x86)/cypress/psoc creator/4.4/psoc creator/import/gnu/arm/5.4.1/bin/../lib/gcc/arm-none-eabi/5.4.1/armv7-m/crtbegin.o

.stab
 *(.stab)

.stabstr
 *(.stabstr)

.debug
 *(.debug)

.line
 *(.line)

.debug_srcinfo
 *(.debug_srcinfo)

.debug_sfnames
 *(.debug_sfnames)

.debug_aranges  0x00000000     0x12f0
 *(.debug_aranges)
 .debug_aranges
                0x00000000       0x28 .\CortexM3\ARM_GCC_541\Debug\button.o
 .debug_aranges
                0x00000028       0x58 .\CortexM3\ARM_GCC_541\Debug\led.o
 .debug_aranges
                0x00000080       0x48 .\CortexM3\ARM_GCC_541\Debug\seven.o
 .debug_aranges
                0x000000c8       0x58 .\CortexM3\ARM_GCC_541\Debug\uart.o
 .debug_aranges
                0x00000120       0x78 .\CortexM3\ARM_GCC_541\Debug\main.o
 .debug_aranges
                0x00000198       0x98 .\CortexM3\ARM_GCC_541\Debug\reactionGame.o
 .debug_aranges
                0x00000230       0x58 .\CortexM3\ARM_GCC_541\Debug\cyfitter_cfg.o
 .debug_aranges
                0x00000288       0x18 .\CortexM3\ARM_GCC_541\Debug\cymetadata.o
 .debug_aranges
                0x000002a0       0x48 .\CortexM3\ARM_GCC_541\Debug\Cm3Start.o
 .debug_aranges
                0x000002e8       0x38 .\CortexM3\ARM_GCC_541\Debug\ReactionGame_with erika.a(SEVEN_DP.o)
 .debug_aranges
                0x00000320       0x38 .\CortexM3\ARM_GCC_541\Debug\ReactionGame_with erika.a(SEVEN_SELECT.o)
 .debug_aranges
                0x00000358       0x28 .\CortexM3\ARM_GCC_541\Debug\ReactionGame_with erika.a(SEVEN_reg.o)
 .debug_aranges
                0x00000380       0x38 .\CortexM3\ARM_GCC_541\Debug\ReactionGame_with erika.a(BUTTON_1.o)
 .debug_aranges
                0x000003b8       0x80 .\CortexM3\ARM_GCC_541\Debug\ReactionGame_with erika.a(isr_Button.o)
 .debug_aranges
                0x00000438       0x38 .\CortexM3\ARM_GCC_541\Debug\ReactionGame_with erika.a(BUTTON_2.o)
 .debug_aranges
                0x00000470       0x38 .\CortexM3\ARM_GCC_541\Debug\ReactionGame_with erika.a(BUTTON_3.o)
 .debug_aranges
                0x000004a8       0x38 .\CortexM3\ARM_GCC_541\Debug\ReactionGame_with erika.a(BUTTON_4.o)
 .debug_aranges
                0x000004e0       0x38 .\CortexM3\ARM_GCC_541\Debug\ReactionGame_with erika.a(LED_red.o)
 .debug_aranges
                0x00000518       0x38 .\CortexM3\ARM_GCC_541\Debug\ReactionGame_with erika.a(LED_yellow.o)
 .debug_aranges
                0x00000550       0x38 .\CortexM3\ARM_GCC_541\Debug\ReactionGame_with erika.a(LED_green.o)
 .debug_aranges
                0x00000588       0xf0 .\CortexM3\ARM_GCC_541\Debug\ReactionGame_with erika.a(UART_LOG.o)
 .debug_aranges
                0x00000678       0x80 .\CortexM3\ARM_GCC_541\Debug\ReactionGame_with erika.a(RGB_PWM_red.o)
 .debug_aranges
                0x000006f8       0x70 .\CortexM3\ARM_GCC_541\Debug\ReactionGame_with erika.a(PWM_Clock.o)
 .debug_aranges
                0x00000768       0x80 .\CortexM3\ARM_GCC_541\Debug\ReactionGame_with erika.a(RGB_PWM_green.o)
 .debug_aranges
                0x000007e8       0x80 .\CortexM3\ARM_GCC_541\Debug\ReactionGame_with erika.a(RGB_PWM_blue.o)
 .debug_aranges
                0x00000868       0x20 .\CortexM3\ARM_GCC_541\Debug\ReactionGame_with erika.a(ErikaOS_1_ee_activate.o)
 .debug_aranges
                0x00000888       0x20 .\CortexM3\ARM_GCC_541\Debug\ReactionGame_with erika.a(ErikaOS_1_ee_alsetrel.o)
 .debug_aranges
                0x000008a8       0x58 .\CortexM3\ARM_GCC_541\Debug\ReactionGame_with erika.a(ErikaOS_1_ee_altick.o)
 .debug_aranges
                0x00000900       0x20 .\CortexM3\ARM_GCC_541\Debug\ReactionGame_with erika.a(ErikaOS_1_ee_evclear.o)
 .debug_aranges
                0x00000920       0x20 .\CortexM3\ARM_GCC_541\Debug\ReactionGame_with erika.a(ErikaOS_1_ee_evget.o)
 .debug_aranges
                0x00000940       0x20 .\CortexM3\ARM_GCC_541\Debug\ReactionGame_with erika.a(ErikaOS_1_ee_evset.o)
 .debug_aranges
                0x00000960       0x20 .\CortexM3\ARM_GCC_541\Debug\ReactionGame_with erika.a(ErikaOS_1_ee_evwait.o)
 .debug_aranges
                0x00000980       0x30 .\CortexM3\ARM_GCC_541\Debug\ReactionGame_with erika.a(ErikaOS_1_ee_irqendin.o)
 .debug_aranges
                0x000009b0       0x18 .\CortexM3\ARM_GCC_541\Debug\ReactionGame_with erika.a(ErikaOS_1_ee_lookup.o)
 .debug_aranges
                0x000009c8       0x20 .\CortexM3\ARM_GCC_541\Debug\ReactionGame_with erika.a(ErikaOS_1_ee_rq_exchg.o)
 .debug_aranges
                0x000009e8       0x20 .\CortexM3\ARM_GCC_541\Debug\ReactionGame_with erika.a(ErikaOS_1_ee_rq_first.o)
 .debug_aranges
                0x00000a08       0x20 .\CortexM3\ARM_GCC_541\Debug\ReactionGame_with erika.a(ErikaOS_1_ee_rq_inser.o)
 .debug_aranges
                0x00000a28       0x40 .\CortexM3\ARM_GCC_541\Debug\ReactionGame_with erika.a(ErikaOS_1_ee_startos.o)
 .debug_aranges
                0x00000a68       0x20 .\CortexM3\ARM_GCC_541\Debug\ReactionGame_with erika.a(ErikaOS_1_ee_terminat.o)
 .debug_aranges
                0x00000a88       0x20 .\CortexM3\ARM_GCC_541\Debug\ReactionGame_with erika.a(ErikaOS_1_cortex_mx_ee_utils.o)
 .debug_aranges
                0x00000aa8       0x18 .\CortexM3\ARM_GCC_541\Debug\ReactionGame_with erika.a(ErikaOS_1_common_ee_hal_structs.o)
 .debug_aranges
                0x00000ac0       0x18 .\CortexM3\ARM_GCC_541\Debug\ReactionGame_with erika.a(ErikaOS_1_eecfg.o)
 .debug_aranges
                0x00000ad8       0x70 .\CortexM3\ARM_GCC_541\Debug\ReactionGame_with erika.a(UART_LOG_IntClock.o)
 .debug_aranges
                0x00000b48      0x2a0 .\CortexM3\ARM_GCC_541\Debug\ReactionGame_with erika.a(CyLib.o)
 .debug_aranges
                0x00000de8       0x98 .\CortexM3\ARM_GCC_541\Debug\ReactionGame_with erika.a(cyPm.o)
 .debug_aranges
                0x00000e80       0x40 .\CortexM3\ARM_GCC_541\Debug\ReactionGame_with erika.a(Buttons_Status.o)
 .debug_aranges
                0x00000ec0       0x70 .\CortexM3\ARM_GCC_541\Debug\ReactionGame_with erika.a(PWM_Clock_1.o)
 .debug_aranges
                0x00000f30       0x80 .\CortexM3\ARM_GCC_541\Debug\ReactionGame_with erika.a(PWM_red.o)
 .debug_aranges
                0x00000fb0       0x80 .\CortexM3\ARM_GCC_541\Debug\ReactionGame_with erika.a(PWM_yellow.o)
 .debug_aranges
                0x00001030       0x80 .\CortexM3\ARM_GCC_541\Debug\ReactionGame_with erika.a(PWM_green.o)
 .debug_aranges
                0x000010b0       0x20 .\CortexM3\ARM_GCC_541\Debug\ReactionGame_with erika.a(ErikaOS_1_ee_gnu_change_context_isr.o)
 .debug_aranges
                0x000010d0       0x20 .\CortexM3\ARM_GCC_541\Debug\ReactionGame_with erika.a(ErikaOS_1_ee_gnu_irq_stack.o)
 .debug_aranges
                0x000010f0       0x20 .\CortexM3\ARM_GCC_541\Debug\ReactionGame_with erika.a(ErikaOS_1_ee_gnu_multi_context.o)
 .debug_aranges
                0x00001110       0x20 .\CortexM3\ARM_GCC_541\Debug\ReactionGame_with erika.a(ErikaOS_1_ee_gnu_oo.o)
 .debug_aranges
                0x00001130       0x20 .\CortexM3\ARM_GCC_541\Debug\ReactionGame_with erika.a(CyBootAsmGnu.o)
 .debug_aranges
                0x00001150       0x20 .\CortexM3\ARM_GCC_541\Debug\ReactionGame_with erika.a(ErikaOS_1_ee_tnterm.o)
 .debug_aranges
                0x00001170       0x20 .\CortexM3\ARM_GCC_541\Debug\ReactionGame_with erika.a(ErikaOS_1_ee_tstub.o)
 .debug_aranges
                0x00001190       0x28 .\CortexM3\ARM_GCC_541\Debug\ReactionGame_with erika.a(ErikaOS_1_cortex_mx_ee_context.o)
 .debug_aranges
                0x000011b8       0x88 .\CortexM3\ARM_GCC_541\Debug\ReactionGame_with erika.a(CyFlash.o)
 .debug_aranges
                0x00001240       0x80 .\CortexM3\ARM_GCC_541\Debug\ReactionGame_with erika.a(CySpc.o)
 .debug_aranges
                0x000012c0       0x30 .\CortexM3\ARM_GCC_541\Debug\ReactionGame_with erika.a(ErikaOS_1_ee_thendin.o)

.debug_pubnames
 *(.debug_pubnames)

.debug_info     0x00000000    0x125e6
 *(.debug_info .gnu.linkonce.wi.*)
 .debug_info    0x00000000      0x2f5 .\CortexM3\ARM_GCC_541\Debug\button.o
 .debug_info    0x000002f5      0xa4d .\CortexM3\ARM_GCC_541\Debug\led.o
 .debug_info    0x00000d42      0x4a4 .\CortexM3\ARM_GCC_541\Debug\seven.o
 .debug_info    0x000011e6      0x638 .\CortexM3\ARM_GCC_541\Debug\uart.o
 .debug_info    0x0000181e      0x9f9 .\CortexM3\ARM_GCC_541\Debug\main.o
 .debug_info    0x00002217      0x8e8 .\CortexM3\ARM_GCC_541\Debug\reactionGame.o
 .debug_info    0x00002aff      0x513 .\CortexM3\ARM_GCC_541\Debug\cyfitter_cfg.o
 .debug_info    0x00003012      0x139 .\CortexM3\ARM_GCC_541\Debug\cymetadata.o
 .debug_info    0x0000314b      0x3bb .\CortexM3\ARM_GCC_541\Debug\Cm3Start.o
 .debug_info    0x00003506      0x11f .\CortexM3\ARM_GCC_541\Debug\ReactionGame_with erika.a(SEVEN_DP.o)
 .debug_info    0x00003625      0x11f .\CortexM3\ARM_GCC_541\Debug\ReactionGame_with erika.a(SEVEN_SELECT.o)
 .debug_info    0x00003744       0xd6 .\CortexM3\ARM_GCC_541\Debug\ReactionGame_with erika.a(SEVEN_reg.o)
 .debug_info    0x0000381a      0x11f .\CortexM3\ARM_GCC_541\Debug\ReactionGame_with erika.a(BUTTON_1.o)
 .debug_info    0x00003939      0x2d2 .\CortexM3\ARM_GCC_541\Debug\ReactionGame_with erika.a(isr_Button.o)
 .debug_info    0x00003c0b      0x11f .\CortexM3\ARM_GCC_541\Debug\ReactionGame_with erika.a(BUTTON_2.o)
 .debug_info    0x00003d2a      0x11f .\CortexM3\ARM_GCC_541\Debug\ReactionGame_with erika.a(BUTTON_3.o)
 .debug_info    0x00003e49      0x11f .\CortexM3\ARM_GCC_541\Debug\ReactionGame_with erika.a(BUTTON_4.o)
 .debug_info    0x00003f68      0x11f .\CortexM3\ARM_GCC_541\Debug\ReactionGame_with erika.a(LED_red.o)
 .debug_info    0x00004087      0x11f .\CortexM3\ARM_GCC_541\Debug\ReactionGame_with erika.a(LED_yellow.o)
 .debug_info    0x000041a6      0x11f .\CortexM3\ARM_GCC_541\Debug\ReactionGame_with erika.a(LED_green.o)
 .debug_info    0x000042c5      0x60c .\CortexM3\ARM_GCC_541\Debug\ReactionGame_with erika.a(UART_LOG.o)
 .debug_info    0x000048d1      0x278 .\CortexM3\ARM_GCC_541\Debug\ReactionGame_with erika.a(RGB_PWM_red.o)
 .debug_info    0x00004b49      0x283 .\CortexM3\ARM_GCC_541\Debug\ReactionGame_with erika.a(PWM_Clock.o)
 .debug_info    0x00004dcc      0x278 .\CortexM3\ARM_GCC_541\Debug\ReactionGame_with erika.a(RGB_PWM_green.o)
 .debug_info    0x00005044      0x278 .\CortexM3\ARM_GCC_541\Debug\ReactionGame_with erika.a(RGB_PWM_blue.o)
 .debug_info    0x000052bc      0x80d .\CortexM3\ARM_GCC_541\Debug\ReactionGame_with erika.a(ErikaOS_1_ee_activate.o)
 .debug_info    0x00005ac9      0x5e5 .\CortexM3\ARM_GCC_541\Debug\ReactionGame_with erika.a(ErikaOS_1_ee_alsetrel.o)
 .debug_info    0x000060ae      0xc3b .\CortexM3\ARM_GCC_541\Debug\ReactionGame_with erika.a(ErikaOS_1_ee_altick.o)
 .debug_info    0x00006ce9      0x5a7 .\CortexM3\ARM_GCC_541\Debug\ReactionGame_with erika.a(ErikaOS_1_ee_evclear.o)
 .debug_info    0x00007290      0x4ca .\CortexM3\ARM_GCC_541\Debug\ReactionGame_with erika.a(ErikaOS_1_ee_evget.o)
 .debug_info    0x0000775a      0x7c3 .\CortexM3\ARM_GCC_541\Debug\ReactionGame_with erika.a(ErikaOS_1_ee_evset.o)
 .debug_info    0x00007f1d      0x84e .\CortexM3\ARM_GCC_541\Debug\ReactionGame_with erika.a(ErikaOS_1_ee_evwait.o)
 .debug_info    0x0000876b      0x5cb .\CortexM3\ARM_GCC_541\Debug\ReactionGame_with erika.a(ErikaOS_1_ee_irqendin.o)
 .debug_info    0x00008d36      0x3d0 .\CortexM3\ARM_GCC_541\Debug\ReactionGame_with erika.a(ErikaOS_1_ee_lookup.o)
 .debug_info    0x00009106      0x46f .\CortexM3\ARM_GCC_541\Debug\ReactionGame_with erika.a(ErikaOS_1_ee_rq_exchg.o)
 .debug_info    0x00009575      0x421 .\CortexM3\ARM_GCC_541\Debug\ReactionGame_with erika.a(ErikaOS_1_ee_rq_first.o)
 .debug_info    0x00009996      0x475 .\CortexM3\ARM_GCC_541\Debug\ReactionGame_with erika.a(ErikaOS_1_ee_rq_inser.o)
 .debug_info    0x00009e0b     0x2040 .\CortexM3\ARM_GCC_541\Debug\ReactionGame_with erika.a(ErikaOS_1_ee_startos.o)
 .debug_info    0x0000be4b      0x589 .\CortexM3\ARM_GCC_541\Debug\ReactionGame_with erika.a(ErikaOS_1_ee_terminat.o)
 .debug_info    0x0000c3d4      0x4f3 .\CortexM3\ARM_GCC_541\Debug\ReactionGame_with erika.a(ErikaOS_1_cortex_mx_ee_utils.o)
 .debug_info    0x0000c8c7      0x3cb .\CortexM3\ARM_GCC_541\Debug\ReactionGame_with erika.a(ErikaOS_1_common_ee_hal_structs.o)
 .debug_info    0x0000cc92      0x8b6 .\CortexM3\ARM_GCC_541\Debug\ReactionGame_with erika.a(ErikaOS_1_eecfg.o)
 .debug_info    0x0000d548      0x283 .\CortexM3\ARM_GCC_541\Debug\ReactionGame_with erika.a(UART_LOG_IntClock.o)
 .debug_info    0x0000d7cb     0x1374 .\CortexM3\ARM_GCC_541\Debug\ReactionGame_with erika.a(CyLib.o)
 .debug_info    0x0000eb3f      0xa2a .\CortexM3\ARM_GCC_541\Debug\ReactionGame_with erika.a(cyPm.o)
 .debug_info    0x0000f569      0x17f .\CortexM3\ARM_GCC_541\Debug\ReactionGame_with erika.a(Buttons_Status.o)
 .debug_info    0x0000f6e8      0x283 .\CortexM3\ARM_GCC_541\Debug\ReactionGame_with erika.a(PWM_Clock_1.o)
 .debug_info    0x0000f96b      0x279 .\CortexM3\ARM_GCC_541\Debug\ReactionGame_with erika.a(PWM_red.o)
 .debug_info    0x0000fbe4      0x279 .\CortexM3\ARM_GCC_541\Debug\ReactionGame_with erika.a(PWM_yellow.o)
 .debug_info    0x0000fe5d      0x296 .\CortexM3\ARM_GCC_541\Debug\ReactionGame_with erika.a(PWM_green.o)
 .debug_info    0x000100f3      0x10d .\CortexM3\ARM_GCC_541\Debug\ReactionGame_with erika.a(ErikaOS_1_ee_gnu_change_context_isr.o)
 .debug_info    0x00010200      0x104 .\CortexM3\ARM_GCC_541\Debug\ReactionGame_with erika.a(ErikaOS_1_ee_gnu_irq_stack.o)
 .debug_info    0x00010304      0x108 .\CortexM3\ARM_GCC_541\Debug\ReactionGame_with erika.a(ErikaOS_1_ee_gnu_multi_context.o)
 .debug_info    0x0001040c       0xfd .\CortexM3\ARM_GCC_541\Debug\ReactionGame_with erika.a(ErikaOS_1_ee_gnu_oo.o)
 .debug_info    0x00010509       0x82 .\CortexM3\ARM_GCC_541\Debug\ReactionGame_with erika.a(CyBootAsmGnu.o)
 .debug_info    0x0001058b      0x43d .\CortexM3\ARM_GCC_541\Debug\ReactionGame_with erika.a(ErikaOS_1_ee_tnterm.o)
 .debug_info    0x000109c8      0x487 .\CortexM3\ARM_GCC_541\Debug\ReactionGame_with erika.a(ErikaOS_1_ee_tstub.o)
 .debug_info    0x00010e4f      0x501 .\CortexM3\ARM_GCC_541\Debug\ReactionGame_with erika.a(ErikaOS_1_cortex_mx_ee_context.o)
 .debug_info    0x00011350      0x64d .\CortexM3\ARM_GCC_541\Debug\ReactionGame_with erika.a(CyFlash.o)
 .debug_info    0x0001199d      0x550 .\CortexM3\ARM_GCC_541\Debug\ReactionGame_with erika.a(CySpc.o)
 .debug_info    0x00011eed      0x6f9 .\CortexM3\ARM_GCC_541\Debug\ReactionGame_with erika.a(ErikaOS_1_ee_thendin.o)

.debug_abbrev   0x00000000     0x5092
 *(.debug_abbrev)
 .debug_abbrev  0x00000000      0x11e .\CortexM3\ARM_GCC_541\Debug\button.o
 .debug_abbrev  0x0000011e      0x259 .\CortexM3\ARM_GCC_541\Debug\led.o
 .debug_abbrev  0x00000377      0x166 .\CortexM3\ARM_GCC_541\Debug\seven.o
 .debug_abbrev  0x000004dd      0x145 .\CortexM3\ARM_GCC_541\Debug\uart.o
 .debug_abbrev  0x00000622      0x287 .\CortexM3\ARM_GCC_541\Debug\main.o
 .debug_abbrev  0x000008a9      0x23d .\CortexM3\ARM_GCC_541\Debug\reactionGame.o
 .debug_abbrev  0x00000ae6      0x1fe .\CortexM3\ARM_GCC_541\Debug\cyfitter_cfg.o
 .debug_abbrev  0x00000ce4       0x77 .\CortexM3\ARM_GCC_541\Debug\cymetadata.o
 .debug_abbrev  0x00000d5b      0x1e8 .\CortexM3\ARM_GCC_541\Debug\Cm3Start.o
 .debug_abbrev  0x00000f43       0x90 .\CortexM3\ARM_GCC_541\Debug\ReactionGame_with erika.a(SEVEN_DP.o)
 .debug_abbrev  0x00000fd3       0x90 .\CortexM3\ARM_GCC_541\Debug\ReactionGame_with erika.a(SEVEN_SELECT.o)
 .debug_abbrev  0x00001063       0x81 .\CortexM3\ARM_GCC_541\Debug\ReactionGame_with erika.a(SEVEN_reg.o)
 .debug_abbrev  0x000010e4       0x90 .\CortexM3\ARM_GCC_541\Debug\ReactionGame_with erika.a(BUTTON_1.o)
 .debug_abbrev  0x00001174      0x173 .\CortexM3\ARM_GCC_541\Debug\ReactionGame_with erika.a(isr_Button.o)
 .debug_abbrev  0x000012e7       0x90 .\CortexM3\ARM_GCC_541\Debug\ReactionGame_with erika.a(BUTTON_2.o)
 .debug_abbrev  0x00001377       0x90 .\CortexM3\ARM_GCC_541\Debug\ReactionGame_with erika.a(BUTTON_3.o)
 .debug_abbrev  0x00001407       0x90 .\CortexM3\ARM_GCC_541\Debug\ReactionGame_with erika.a(BUTTON_4.o)
 .debug_abbrev  0x00001497       0x90 .\CortexM3\ARM_GCC_541\Debug\ReactionGame_with erika.a(LED_red.o)
 .debug_abbrev  0x00001527       0x90 .\CortexM3\ARM_GCC_541\Debug\ReactionGame_with erika.a(LED_yellow.o)
 .debug_abbrev  0x000015b7       0x90 .\CortexM3\ARM_GCC_541\Debug\ReactionGame_with erika.a(LED_green.o)
 .debug_abbrev  0x00001647      0x175 .\CortexM3\ARM_GCC_541\Debug\ReactionGame_with erika.a(UART_LOG.o)
 .debug_abbrev  0x000017bc      0x12d .\CortexM3\ARM_GCC_541\Debug\ReactionGame_with erika.a(RGB_PWM_red.o)
 .debug_abbrev  0x000018e9      0x139 .\CortexM3\ARM_GCC_541\Debug\ReactionGame_with erika.a(PWM_Clock.o)
 .debug_abbrev  0x00001a22      0x12d .\CortexM3\ARM_GCC_541\Debug\ReactionGame_with erika.a(RGB_PWM_green.o)
 .debug_abbrev  0x00001b4f      0x12d .\CortexM3\ARM_GCC_541\Debug\ReactionGame_with erika.a(RGB_PWM_blue.o)
 .debug_abbrev  0x00001c7c      0x284 .\CortexM3\ARM_GCC_541\Debug\ReactionGame_with erika.a(ErikaOS_1_ee_activate.o)
 .debug_abbrev  0x00001f00      0x1f7 .\CortexM3\ARM_GCC_541\Debug\ReactionGame_with erika.a(ErikaOS_1_ee_alsetrel.o)
 .debug_abbrev  0x000020f7      0x362 .\CortexM3\ARM_GCC_541\Debug\ReactionGame_with erika.a(ErikaOS_1_ee_altick.o)
 .debug_abbrev  0x00002459      0x1e0 .\CortexM3\ARM_GCC_541\Debug\ReactionGame_with erika.a(ErikaOS_1_ee_evclear.o)
 .debug_abbrev  0x00002639      0x150 .\CortexM3\ARM_GCC_541\Debug\ReactionGame_with erika.a(ErikaOS_1_ee_evget.o)
 .debug_abbrev  0x00002789      0x27f .\CortexM3\ARM_GCC_541\Debug\ReactionGame_with erika.a(ErikaOS_1_ee_evset.o)
 .debug_abbrev  0x00002a08      0x25d .\CortexM3\ARM_GCC_541\Debug\ReactionGame_with erika.a(ErikaOS_1_ee_evwait.o)
 .debug_abbrev  0x00002c65      0x1da .\CortexM3\ARM_GCC_541\Debug\ReactionGame_with erika.a(ErikaOS_1_ee_irqendin.o)
 .debug_abbrev  0x00002e3f       0xcf .\CortexM3\ARM_GCC_541\Debug\ReactionGame_with erika.a(ErikaOS_1_ee_lookup.o)
 .debug_abbrev  0x00002f0e       0xfc .\CortexM3\ARM_GCC_541\Debug\ReactionGame_with erika.a(ErikaOS_1_ee_rq_exchg.o)
 .debug_abbrev  0x0000300a       0xed .\CortexM3\ARM_GCC_541\Debug\ReactionGame_with erika.a(ErikaOS_1_ee_rq_first.o)
 .debug_abbrev  0x000030f7      0x109 .\CortexM3\ARM_GCC_541\Debug\ReactionGame_with erika.a(ErikaOS_1_ee_rq_inser.o)
 .debug_abbrev  0x00003200      0x4a7 .\CortexM3\ARM_GCC_541\Debug\ReactionGame_with erika.a(ErikaOS_1_ee_startos.o)
 .debug_abbrev  0x000036a7      0x1de .\CortexM3\ARM_GCC_541\Debug\ReactionGame_with erika.a(ErikaOS_1_ee_terminat.o)
 .debug_abbrev  0x00003885      0x1bb .\CortexM3\ARM_GCC_541\Debug\ReactionGame_with erika.a(ErikaOS_1_cortex_mx_ee_utils.o)
 .debug_abbrev  0x00003a40       0xcf .\CortexM3\ARM_GCC_541\Debug\ReactionGame_with erika.a(ErikaOS_1_common_ee_hal_structs.o)
 .debug_abbrev  0x00003b0f      0x127 .\CortexM3\ARM_GCC_541\Debug\ReactionGame_with erika.a(ErikaOS_1_eecfg.o)
 .debug_abbrev  0x00003c36      0x139 .\CortexM3\ARM_GCC_541\Debug\ReactionGame_with erika.a(UART_LOG_IntClock.o)
 .debug_abbrev  0x00003d6f      0x254 .\CortexM3\ARM_GCC_541\Debug\ReactionGame_with erika.a(CyLib.o)
 .debug_abbrev  0x00003fc3      0x1ab .\CortexM3\ARM_GCC_541\Debug\ReactionGame_with erika.a(cyPm.o)
 .debug_abbrev  0x0000416e       0xac .\CortexM3\ARM_GCC_541\Debug\ReactionGame_with erika.a(Buttons_Status.o)
 .debug_abbrev  0x0000421a      0x139 .\CortexM3\ARM_GCC_541\Debug\ReactionGame_with erika.a(PWM_Clock_1.o)
 .debug_abbrev  0x00004353      0x12d .\CortexM3\ARM_GCC_541\Debug\ReactionGame_with erika.a(PWM_red.o)
 .debug_abbrev  0x00004480      0x12d .\CortexM3\ARM_GCC_541\Debug\ReactionGame_with erika.a(PWM_yellow.o)
 .debug_abbrev  0x000045ad      0x12d .\CortexM3\ARM_GCC_541\Debug\ReactionGame_with erika.a(PWM_green.o)
 .debug_abbrev  0x000046da       0x14 .\CortexM3\ARM_GCC_541\Debug\ReactionGame_with erika.a(ErikaOS_1_ee_gnu_change_context_isr.o)
 .debug_abbrev  0x000046ee       0x14 .\CortexM3\ARM_GCC_541\Debug\ReactionGame_with erika.a(ErikaOS_1_ee_gnu_irq_stack.o)
 .debug_abbrev  0x00004702       0x14 .\CortexM3\ARM_GCC_541\Debug\ReactionGame_with erika.a(ErikaOS_1_ee_gnu_multi_context.o)
 .debug_abbrev  0x00004716       0x14 .\CortexM3\ARM_GCC_541\Debug\ReactionGame_with erika.a(ErikaOS_1_ee_gnu_oo.o)
 .debug_abbrev  0x0000472a       0x14 .\CortexM3\ARM_GCC_541\Debug\ReactionGame_with erika.a(CyBootAsmGnu.o)
 .debug_abbrev  0x0000473e      0x157 .\CortexM3\ARM_GCC_541\Debug\ReactionGame_with erika.a(ErikaOS_1_ee_tnterm.o)
 .debug_abbrev  0x00004895      0x143 .\CortexM3\ARM_GCC_541\Debug\ReactionGame_with erika.a(ErikaOS_1_ee_tstub.o)
 .debug_abbrev  0x000049d8      0x156 .\CortexM3\ARM_GCC_541\Debug\ReactionGame_with erika.a(ErikaOS_1_cortex_mx_ee_context.o)
 .debug_abbrev  0x00004b2e      0x1a7 .\CortexM3\ARM_GCC_541\Debug\ReactionGame_with erika.a(CyFlash.o)
 .debug_abbrev  0x00004cd5      0x194 .\CortexM3\ARM_GCC_541\Debug\ReactionGame_with erika.a(CySpc.o)
 .debug_abbrev  0x00004e69      0x229 .\CortexM3\ARM_GCC_541\Debug\ReactionGame_with erika.a(ErikaOS_1_ee_thendin.o)

.debug_line     0x00000000     0x69d2
 *(.debug_line)
 .debug_line    0x00000000      0x2a6 .\CortexM3\ARM_GCC_541\Debug\button.o
 .debug_line    0x000002a6      0x434 .\CortexM3\ARM_GCC_541\Debug\led.o
 .debug_line    0x000006da      0x2ce .\CortexM3\ARM_GCC_541\Debug\seven.o
 .debug_line    0x000009a8      0x34a .\CortexM3\ARM_GCC_541\Debug\uart.o
 .debug_line    0x00000cf2      0x591 .\CortexM3\ARM_GCC_541\Debug\main.o
 .debug_line    0x00001283      0x471 .\CortexM3\ARM_GCC_541\Debug\reactionGame.o
 .debug_line    0x000016f4      0x1dc .\CortexM3\ARM_GCC_541\Debug\cyfitter_cfg.o
 .debug_line    0x000018d0      0x141 .\CortexM3\ARM_GCC_541\Debug\cymetadata.o
 .debug_line    0x00001a11      0x234 .\CortexM3\ARM_GCC_541\Debug\Cm3Start.o
 .debug_line    0x00001c45       0x95 .\CortexM3\ARM_GCC_541\Debug\ReactionGame_with erika.a(SEVEN_DP.o)
 .debug_line    0x00001cda       0x99 .\CortexM3\ARM_GCC_541\Debug\ReactionGame_with erika.a(SEVEN_SELECT.o)
 .debug_line    0x00001d73       0x71 .\CortexM3\ARM_GCC_541\Debug\ReactionGame_with erika.a(SEVEN_reg.o)
 .debug_line    0x00001de4       0x95 .\CortexM3\ARM_GCC_541\Debug\ReactionGame_with erika.a(BUTTON_1.o)
 .debug_line    0x00001e79      0x137 .\CortexM3\ARM_GCC_541\Debug\ReactionGame_with erika.a(isr_Button.o)
 .debug_line    0x00001fb0       0x95 .\CortexM3\ARM_GCC_541\Debug\ReactionGame_with erika.a(BUTTON_2.o)
 .debug_line    0x00002045       0x95 .\CortexM3\ARM_GCC_541\Debug\ReactionGame_with erika.a(BUTTON_3.o)
 .debug_line    0x000020da       0x95 .\CortexM3\ARM_GCC_541\Debug\ReactionGame_with erika.a(BUTTON_4.o)
 .debug_line    0x0000216f       0x94 .\CortexM3\ARM_GCC_541\Debug\ReactionGame_with erika.a(LED_red.o)
 .debug_line    0x00002203       0x97 .\CortexM3\ARM_GCC_541\Debug\ReactionGame_with erika.a(LED_yellow.o)
 .debug_line    0x0000229a       0x96 .\CortexM3\ARM_GCC_541\Debug\ReactionGame_with erika.a(LED_green.o)
 .debug_line    0x00002330      0x2c4 .\CortexM3\ARM_GCC_541\Debug\ReactionGame_with erika.a(UART_LOG.o)
 .debug_line    0x000025f4      0x140 .\CortexM3\ARM_GCC_541\Debug\ReactionGame_with erika.a(RGB_PWM_red.o)
 .debug_line    0x00002734      0x178 .\CortexM3\ARM_GCC_541\Debug\ReactionGame_with erika.a(PWM_Clock.o)
 .debug_line    0x000028ac      0x142 .\CortexM3\ARM_GCC_541\Debug\ReactionGame_with erika.a(RGB_PWM_green.o)
 .debug_line    0x000029ee      0x141 .\CortexM3\ARM_GCC_541\Debug\ReactionGame_with erika.a(RGB_PWM_blue.o)
 .debug_line    0x00002b2f      0x1fa .\CortexM3\ARM_GCC_541\Debug\ReactionGame_with erika.a(ErikaOS_1_ee_activate.o)
 .debug_line    0x00002d29      0x1d1 .\CortexM3\ARM_GCC_541\Debug\ReactionGame_with erika.a(ErikaOS_1_ee_alsetrel.o)
 .debug_line    0x00002efa      0x305 .\CortexM3\ARM_GCC_541\Debug\ReactionGame_with erika.a(ErikaOS_1_ee_altick.o)
 .debug_line    0x000031ff      0x1d5 .\CortexM3\ARM_GCC_541\Debug\ReactionGame_with erika.a(ErikaOS_1_ee_evclear.o)
 .debug_line    0x000033d4      0x15b .\CortexM3\ARM_GCC_541\Debug\ReactionGame_with erika.a(ErikaOS_1_ee_evget.o)
 .debug_line    0x0000352f      0x1f7 .\CortexM3\ARM_GCC_541\Debug\ReactionGame_with erika.a(ErikaOS_1_ee_evset.o)
 .debug_line    0x00003726      0x203 .\CortexM3\ARM_GCC_541\Debug\ReactionGame_with erika.a(ErikaOS_1_ee_evwait.o)
 .debug_line    0x00003929      0x1a0 .\CortexM3\ARM_GCC_541\Debug\ReactionGame_with erika.a(ErikaOS_1_ee_irqendin.o)
 .debug_line    0x00003ac9      0x119 .\CortexM3\ARM_GCC_541\Debug\ReactionGame_with erika.a(ErikaOS_1_ee_lookup.o)
 .debug_line    0x00003be2      0x15b .\CortexM3\ARM_GCC_541\Debug\ReactionGame_with erika.a(ErikaOS_1_ee_rq_exchg.o)
 .debug_line    0x00003d3d      0x152 .\CortexM3\ARM_GCC_541\Debug\ReactionGame_with erika.a(ErikaOS_1_ee_rq_first.o)
 .debug_line    0x00003e8f      0x156 .\CortexM3\ARM_GCC_541\Debug\ReactionGame_with erika.a(ErikaOS_1_ee_rq_inser.o)
 .debug_line    0x00003fe5      0x3fa .\CortexM3\ARM_GCC_541\Debug\ReactionGame_with erika.a(ErikaOS_1_ee_startos.o)
 .debug_line    0x000043df      0x1c0 .\CortexM3\ARM_GCC_541\Debug\ReactionGame_with erika.a(ErikaOS_1_ee_terminat.o)
 .debug_line    0x0000459f      0x179 .\CortexM3\ARM_GCC_541\Debug\ReactionGame_with erika.a(ErikaOS_1_cortex_mx_ee_utils.o)
 .debug_line    0x00004718       0xf9 .\CortexM3\ARM_GCC_541\Debug\ReactionGame_with erika.a(ErikaOS_1_common_ee_hal_structs.o)
 .debug_line    0x00004811      0x13c .\CortexM3\ARM_GCC_541\Debug\ReactionGame_with erika.a(ErikaOS_1_eecfg.o)
 .debug_line    0x0000494d      0x180 .\CortexM3\ARM_GCC_541\Debug\ReactionGame_with erika.a(UART_LOG_IntClock.o)
 .debug_line    0x00004acd      0x816 .\CortexM3\ARM_GCC_541\Debug\ReactionGame_with erika.a(CyLib.o)
 .debug_line    0x000052e3      0x367 .\CortexM3\ARM_GCC_541\Debug\ReactionGame_with erika.a(cyPm.o)
 .debug_line    0x0000564a       0xba .\CortexM3\ARM_GCC_541\Debug\ReactionGame_with erika.a(Buttons_Status.o)
 .debug_line    0x00005704      0x17a .\CortexM3\ARM_GCC_541\Debug\ReactionGame_with erika.a(PWM_Clock_1.o)
 .debug_line    0x0000587e      0x13c .\CortexM3\ARM_GCC_541\Debug\ReactionGame_with erika.a(PWM_red.o)
 .debug_line    0x000059ba      0x13f .\CortexM3\ARM_GCC_541\Debug\ReactionGame_with erika.a(PWM_yellow.o)
 .debug_line    0x00005af9      0x141 .\CortexM3\ARM_GCC_541\Debug\ReactionGame_with erika.a(PWM_green.o)
 .debug_line    0x00005c3a       0xae .\CortexM3\ARM_GCC_541\Debug\ReactionGame_with erika.a(ErikaOS_1_ee_gnu_change_context_isr.o)
 .debug_line    0x00005ce8       0x74 .\CortexM3\ARM_GCC_541\Debug\ReactionGame_with erika.a(ErikaOS_1_ee_gnu_irq_stack.o)
 .debug_line    0x00005d5c       0x9d .\CortexM3\ARM_GCC_541\Debug\ReactionGame_with erika.a(ErikaOS_1_ee_gnu_multi_context.o)
 .debug_line    0x00005df9       0x99 .\CortexM3\ARM_GCC_541\Debug\ReactionGame_with erika.a(ErikaOS_1_ee_gnu_oo.o)
 .debug_line    0x00005e92       0x66 .\CortexM3\ARM_GCC_541\Debug\ReactionGame_with erika.a(CyBootAsmGnu.o)
 .debug_line    0x00005ef8      0x17b .\CortexM3\ARM_GCC_541\Debug\ReactionGame_with erika.a(ErikaOS_1_ee_tnterm.o)
 .debug_line    0x00006073      0x172 .\CortexM3\ARM_GCC_541\Debug\ReactionGame_with erika.a(ErikaOS_1_ee_tstub.o)
 .debug_line    0x000061e5      0x1ac .\CortexM3\ARM_GCC_541\Debug\ReactionGame_with erika.a(ErikaOS_1_cortex_mx_ee_context.o)
 .debug_line    0x00006391      0x21a .\CortexM3\ARM_GCC_541\Debug\ReactionGame_with erika.a(CyFlash.o)
 .debug_line    0x000065ab      0x260 .\CortexM3\ARM_GCC_541\Debug\ReactionGame_with erika.a(CySpc.o)
 .debug_line    0x0000680b      0x1c7 .\CortexM3\ARM_GCC_541\Debug\ReactionGame_with erika.a(ErikaOS_1_ee_thendin.o)

.debug_frame    0x00000000     0x2b28
 *(.debug_frame)
 .debug_frame   0x00000000       0x4c .\CortexM3\ARM_GCC_541\Debug\button.o
 .debug_frame   0x0000004c      0x104 .\CortexM3\ARM_GCC_541\Debug\led.o
 .debug_frame   0x00000150       0xcc .\CortexM3\ARM_GCC_541\Debug\seven.o
 .debug_frame   0x0000021c      0x104 .\CortexM3\ARM_GCC_541\Debug\uart.o
 .debug_frame   0x00000320      0x170 .\CortexM3\ARM_GCC_541\Debug\main.o
 .debug_frame   0x00000490      0x1c8 .\CortexM3\ARM_GCC_541\Debug\reactionGame.o
 .debug_frame   0x00000658       0xe4 .\CortexM3\ARM_GCC_541\Debug\cyfitter_cfg.o
 .debug_frame   0x0000073c       0xb8 .\CortexM3\ARM_GCC_541\Debug\Cm3Start.o
 .debug_frame   0x000007f4       0x50 .\CortexM3\ARM_GCC_541\Debug\ReactionGame_with erika.a(SEVEN_DP.o)
 .debug_frame   0x00000844       0x50 .\CortexM3\ARM_GCC_541\Debug\ReactionGame_with erika.a(SEVEN_SELECT.o)
 .debug_frame   0x00000894       0x30 .\CortexM3\ARM_GCC_541\Debug\ReactionGame_with erika.a(SEVEN_reg.o)
 .debug_frame   0x000008c4       0x50 .\CortexM3\ARM_GCC_541\Debug\ReactionGame_with erika.a(BUTTON_1.o)
 .debug_frame   0x00000914      0x104 .\CortexM3\ARM_GCC_541\Debug\ReactionGame_with erika.a(isr_Button.o)
 .debug_frame   0x00000a18       0x50 .\CortexM3\ARM_GCC_541\Debug\ReactionGame_with erika.a(BUTTON_2.o)
 .debug_frame   0x00000a68       0x50 .\CortexM3\ARM_GCC_541\Debug\ReactionGame_with erika.a(BUTTON_3.o)
 .debug_frame   0x00000ab8       0x50 .\CortexM3\ARM_GCC_541\Debug\ReactionGame_with erika.a(BUTTON_4.o)
 .debug_frame   0x00000b08       0x50 .\CortexM3\ARM_GCC_541\Debug\ReactionGame_with erika.a(LED_red.o)
 .debug_frame   0x00000b58       0x50 .\CortexM3\ARM_GCC_541\Debug\ReactionGame_with erika.a(LED_yellow.o)
 .debug_frame   0x00000ba8       0x50 .\CortexM3\ARM_GCC_541\Debug\ReactionGame_with erika.a(LED_green.o)
 .debug_frame   0x00000bf8      0x250 .\CortexM3\ARM_GCC_541\Debug\ReactionGame_with erika.a(UART_LOG.o)
 .debug_frame   0x00000e48       0xf8 .\CortexM3\ARM_GCC_541\Debug\ReactionGame_with erika.a(RGB_PWM_red.o)
 .debug_frame   0x00000f40       0xe0 .\CortexM3\ARM_GCC_541\Debug\ReactionGame_with erika.a(PWM_Clock.o)
 .debug_frame   0x00001020       0xf8 .\CortexM3\ARM_GCC_541\Debug\ReactionGame_with erika.a(RGB_PWM_green.o)
 .debug_frame   0x00001118       0xf8 .\CortexM3\ARM_GCC_541\Debug\ReactionGame_with erika.a(RGB_PWM_blue.o)
 .debug_frame   0x00001210       0x30 .\CortexM3\ARM_GCC_541\Debug\ReactionGame_with erika.a(ErikaOS_1_ee_activate.o)
 .debug_frame   0x00001240       0x38 .\CortexM3\ARM_GCC_541\Debug\ReactionGame_with erika.a(ErikaOS_1_ee_alsetrel.o)
 .debug_frame   0x00001278      0x10c .\CortexM3\ARM_GCC_541\Debug\ReactionGame_with erika.a(ErikaOS_1_ee_altick.o)
 .debug_frame   0x00001384       0x38 .\CortexM3\ARM_GCC_541\Debug\ReactionGame_with erika.a(ErikaOS_1_ee_evclear.o)
 .debug_frame   0x000013bc       0x20 .\CortexM3\ARM_GCC_541\Debug\ReactionGame_with erika.a(ErikaOS_1_ee_evget.o)
 .debug_frame   0x000013dc       0x30 .\CortexM3\ARM_GCC_541\Debug\ReactionGame_with erika.a(ErikaOS_1_ee_evset.o)
 .debug_frame   0x0000140c       0x30 .\CortexM3\ARM_GCC_541\Debug\ReactionGame_with erika.a(ErikaOS_1_ee_evwait.o)
 .debug_frame   0x0000143c       0x58 .\CortexM3\ARM_GCC_541\Debug\ReactionGame_with erika.a(ErikaOS_1_ee_irqendin.o)
 .debug_frame   0x00001494       0x3c .\CortexM3\ARM_GCC_541\Debug\ReactionGame_with erika.a(ErikaOS_1_ee_rq_exchg.o)
 .debug_frame   0x000014d0       0x20 .\CortexM3\ARM_GCC_541\Debug\ReactionGame_with erika.a(ErikaOS_1_ee_rq_first.o)
 .debug_frame   0x000014f0       0x30 .\CortexM3\ARM_GCC_541\Debug\ReactionGame_with erika.a(ErikaOS_1_ee_rq_inser.o)
 .debug_frame   0x00001520       0x90 .\CortexM3\ARM_GCC_541\Debug\ReactionGame_with erika.a(ErikaOS_1_ee_startos.o)
 .debug_frame   0x000015b0       0x2c .\CortexM3\ARM_GCC_541\Debug\ReactionGame_with erika.a(ErikaOS_1_ee_terminat.o)
 .debug_frame   0x000015dc       0x30 .\CortexM3\ARM_GCC_541\Debug\ReactionGame_with erika.a(ErikaOS_1_cortex_mx_ee_utils.o)
 .debug_frame   0x0000160c       0xe0 .\CortexM3\ARM_GCC_541\Debug\ReactionGame_with erika.a(UART_LOG_IntClock.o)
 .debug_frame   0x000016ec      0x738 .\CortexM3\ARM_GCC_541\Debug\ReactionGame_with erika.a(CyLib.o)
 .debug_frame   0x00001e24      0x1f8 .\CortexM3\ARM_GCC_541\Debug\ReactionGame_with erika.a(cyPm.o)
 .debug_frame   0x0000201c       0x78 .\CortexM3\ARM_GCC_541\Debug\ReactionGame_with erika.a(Buttons_Status.o)
 .debug_frame   0x00002094       0xe0 .\CortexM3\ARM_GCC_541\Debug\ReactionGame_with erika.a(PWM_Clock_1.o)
 .debug_frame   0x00002174       0xf8 .\CortexM3\ARM_GCC_541\Debug\ReactionGame_with erika.a(PWM_red.o)
 .debug_frame   0x0000226c       0xf8 .\CortexM3\ARM_GCC_541\Debug\ReactionGame_with erika.a(PWM_yellow.o)
 .debug_frame   0x00002364       0xf8 .\CortexM3\ARM_GCC_541\Debug\ReactionGame_with erika.a(PWM_green.o)
 .debug_frame   0x0000245c       0x2c .\CortexM3\ARM_GCC_541\Debug\ReactionGame_with erika.a(ErikaOS_1_ee_tnterm.o)
 .debug_frame   0x00002488       0x2c .\CortexM3\ARM_GCC_541\Debug\ReactionGame_with erika.a(ErikaOS_1_ee_tstub.o)
 .debug_frame   0x000024b4       0x3c .\CortexM3\ARM_GCC_541\Debug\ReactionGame_with erika.a(ErikaOS_1_cortex_mx_ee_context.o)
 .debug_frame   0x000024f0      0x194 .\CortexM3\ARM_GCC_541\Debug\ReactionGame_with erika.a(CyFlash.o)
 .debug_frame   0x00002684      0x180 .\CortexM3\ARM_GCC_541\Debug\ReactionGame_with erika.a(CySpc.o)
 .debug_frame   0x00002804       0x5c .\CortexM3\ARM_GCC_541\Debug\ReactionGame_with erika.a(ErikaOS_1_ee_thendin.o)
 .debug_frame   0x00002860       0x20 c:/program files (x86)/cypress/psoc creator/4.4/psoc creator/import/gnu/arm/5.4.1/bin/../lib/gcc/arm-none-eabi/5.4.1/../../../../arm-none-eabi/lib/armv7-m\libg_nano.a(lib_a-errno.o)
 .debug_frame   0x00002880       0x28 c:/program files (x86)/cypress/psoc creator/4.4/psoc creator/import/gnu/arm/5.4.1/bin/../lib/gcc/arm-none-eabi/5.4.1/../../../../arm-none-eabi/lib/armv7-m\libg_nano.a(lib_a-exit.o)
 .debug_frame   0x000028a8       0x2c c:/program files (x86)/cypress/psoc creator/4.4/psoc creator/import/gnu/arm/5.4.1/bin/../lib/gcc/arm-none-eabi/5.4.1/../../../../arm-none-eabi/lib/armv7-m\libg_nano.a(lib_a-init.o)
 .debug_frame   0x000028d4       0x38 c:/program files (x86)/cypress/psoc creator/4.4/psoc creator/import/gnu/arm/5.4.1/bin/../lib/gcc/arm-none-eabi/5.4.1/../../../../arm-none-eabi/lib/armv7-m\libg_nano.a(lib_a-itoa.o)
 .debug_frame   0x0000290c       0x28 c:/program files (x86)/cypress/psoc creator/4.4/psoc creator/import/gnu/arm/5.4.1/bin/../lib/gcc/arm-none-eabi/5.4.1/../../../../arm-none-eabi/lib/armv7-m\libg_nano.a(lib_a-memcpy-stub.o)
 .debug_frame   0x00002934       0x20 c:/program files (x86)/cypress/psoc creator/4.4/psoc creator/import/gnu/arm/5.4.1/bin/../lib/gcc/arm-none-eabi/5.4.1/../../../../arm-none-eabi/lib/armv7-m\libg_nano.a(lib_a-memset.o)
 .debug_frame   0x00002954       0x44 c:/program files (x86)/cypress/psoc creator/4.4/psoc creator/import/gnu/arm/5.4.1/bin/../lib/gcc/arm-none-eabi/5.4.1/../../../../arm-none-eabi/lib/armv7-m\libg_nano.a(lib_a-rand.o)
 .debug_frame   0x00002998       0x44 c:/program files (x86)/cypress/psoc creator/4.4/psoc creator/import/gnu/arm/5.4.1/bin/../lib/gcc/arm-none-eabi/5.4.1/../../../../arm-none-eabi/lib/armv7-m\libg_nano.a(lib_a-utoa.o)
 .debug_frame   0x000029dc       0x30 c:/program files (x86)/cypress/psoc creator/4.4/psoc creator/import/gnu/arm/5.4.1/bin/../lib/gcc/arm-none-eabi/5.4.1/../../../../arm-none-eabi/lib/armv7-m\libg_nano.a(lib_a-malloc.o)
 .debug_frame   0x00002a0c       0x38 c:/program files (x86)/cypress/psoc creator/4.4/psoc creator/import/gnu/arm/5.4.1/bin/../lib/gcc/arm-none-eabi/5.4.1/../../../../arm-none-eabi/lib/armv7-m\libg_nano.a(lib_a-nano-freer.o)
 .debug_frame   0x00002a44       0x2c c:/program files (x86)/cypress/psoc creator/4.4/psoc creator/import/gnu/arm/5.4.1/bin/../lib/gcc/arm-none-eabi/5.4.1/../../../../arm-none-eabi/lib/armv7-m\libg_nano.a(lib_a-nano-mallocr.o)
 .debug_frame   0x00002a70       0x2c c:/program files (x86)/cypress/psoc creator/4.4/psoc creator/import/gnu/arm/5.4.1/bin/../lib/gcc/arm-none-eabi/5.4.1/../../../../arm-none-eabi/lib/armv7-m\libg_nano.a(lib_a-sbrkr.o)
 .debug_frame   0x00002a9c       0x30 c:/program files (x86)/cypress/psoc creator/4.4/psoc creator/import/gnu/arm/5.4.1/bin/../lib/gcc/arm-none-eabi/5.4.1/../../../../arm-none-eabi/lib/armv7-m\libg_nano.a(lib_a-mlock.o)
 .debug_frame   0x00002acc       0x5c c:/program files (x86)/cypress/psoc creator/4.4/psoc creator/import/gnu/arm/5.4.1/bin/../lib/gcc/arm-none-eabi/5.4.1/../../../../arm-none-eabi/lib/armv7-m\libg_nano.a(lib_a-reent.o)

.debug_str      0x00000000     0x4a37
 *(.debug_str)
 .debug_str     0x00000000      0x460 .\CortexM3\ARM_GCC_541\Debug\button.o
                                0x4be (size before relaxing)
 .debug_str     0x00000460      0x2fa .\CortexM3\ARM_GCC_541\Debug\led.o
                                0x752 (size before relaxing)
 .debug_str     0x0000075a       0xf8 .\CortexM3\ARM_GCC_541\Debug\seven.o
                                0x4eb (size before relaxing)
 .debug_str     0x00000852      0x123 .\CortexM3\ARM_GCC_541\Debug\uart.o
                                0x517 (size before relaxing)
 .debug_str     0x00000975      0x42a .\CortexM3\ARM_GCC_541\Debug\main.o
                                0x716 (size before relaxing)
 .debug_str     0x00000d9f      0x269 .\CortexM3\ARM_GCC_541\Debug\reactionGame.o
                                0x87a (size before relaxing)
 .debug_str     0x00001008      0x158 .\CortexM3\ARM_GCC_541\Debug\cyfitter_cfg.o
                                0x301 (size before relaxing)
 .debug_str     0x00001160       0x75 .\CortexM3\ARM_GCC_541\Debug\cymetadata.o
                                0x1d6 (size before relaxing)
 .debug_str     0x000011d5      0x132 .\CortexM3\ARM_GCC_541\Debug\Cm3Start.o
                                0x2fc (size before relaxing)
 .debug_str     0x00001307       0x6b .\CortexM3\ARM_GCC_541\Debug\ReactionGame_with erika.a(SEVEN_DP.o)
                                0x1e3 (size before relaxing)
 .debug_str     0x00001372       0x6b .\CortexM3\ARM_GCC_541\Debug\ReactionGame_with erika.a(SEVEN_SELECT.o)
                                0x1f7 (size before relaxing)
 .debug_str     0x000013dd       0x3a .\CortexM3\ARM_GCC_541\Debug\ReactionGame_with erika.a(SEVEN_reg.o)
                                0x1ad (size before relaxing)
 .debug_str     0x00001417       0x5c .\CortexM3\ARM_GCC_541\Debug\ReactionGame_with erika.a(BUTTON_1.o)
                                0x1e3 (size before relaxing)
 .debug_str     0x00001473      0x110 .\CortexM3\ARM_GCC_541\Debug\ReactionGame_with erika.a(isr_Button.o)
                                0x2de (size before relaxing)
 .debug_str     0x00001583       0x5c .\CortexM3\ARM_GCC_541\Debug\ReactionGame_with erika.a(BUTTON_2.o)
                                0x1e3 (size before relaxing)
 .debug_str     0x000015df       0x5c .\CortexM3\ARM_GCC_541\Debug\ReactionGame_with erika.a(BUTTON_3.o)
                                0x1e3 (size before relaxing)
 .debug_str     0x0000163b       0x5c .\CortexM3\ARM_GCC_541\Debug\ReactionGame_with erika.a(BUTTON_4.o)
                                0x1e3 (size before relaxing)
 .debug_str     0x00001697       0x57 .\CortexM3\ARM_GCC_541\Debug\ReactionGame_with erika.a(LED_red.o)
                                0x1de (size before relaxing)
 .debug_str     0x000016ee       0x63 .\CortexM3\ARM_GCC_541\Debug\ReactionGame_with erika.a(LED_yellow.o)
                                0x1ed (size before relaxing)
 .debug_str     0x00001751       0x5f .\CortexM3\ARM_GCC_541\Debug\ReactionGame_with erika.a(LED_green.o)
                                0x1e8 (size before relaxing)
 .debug_str     0x000017b0      0x326 .\CortexM3\ARM_GCC_541\Debug\ReactionGame_with erika.a(UART_LOG.o)
                                0x4e3 (size before relaxing)
 .debug_str     0x00001ad6      0x154 .\CortexM3\ARM_GCC_541\Debug\ReactionGame_with erika.a(RGB_PWM_red.o)
                                0x30d (size before relaxing)
 .debug_str     0x00001c2a      0x16a .\CortexM3\ARM_GCC_541\Debug\ReactionGame_with erika.a(PWM_Clock.o)
                                0x2f8 (size before relaxing)
 .debug_str     0x00001d94      0x159 .\CortexM3\ARM_GCC_541\Debug\ReactionGame_with erika.a(RGB_PWM_green.o)
                                0x32b (size before relaxing)