ARM GAS  C:\Users\Reza\AppData\Local\Temp\ccVjpG1k.s 			page 1


   1              		.syntax unified
   2              		.cpu cortex-m3
   3              		.fpu softvfp
   4              		.eabi_attribute 20, 1
   5              		.eabi_attribute 21, 1
   6              		.eabi_attribute 23, 3
   7              		.eabi_attribute 24, 1
   8              		.eabi_attribute 25, 1
   9              		.eabi_attribute 26, 1
  10              		.eabi_attribute 30, 4
  11              		.eabi_attribute 34, 1
  12              		.eabi_attribute 18, 4
  13              		.thumb
  14              		.syntax unified
  15              		.file	"ErikaOS_1_cortex_mx_ee_context.c"
  16              		.text
  17              	.Ltext0:
  18              		.cfi_sections	.debug_frame
  19              		.section	.text.EE_std_run_task_code,"ax",%progbits
  20              		.align	1
  21              		.global	EE_std_run_task_code
  22              		.thumb
  23              		.thumb_func
  24              		.type	EE_std_run_task_code, %function
  25              	EE_std_run_task_code:
  26              	.LFB70:
  27              		.file 1 "Generated_Source\\PSoC5\\ErikaOS_1_cortex_mx_ee_context.c"
   1:Generated_Source\PSoC5/ErikaOS_1_cortex_mx_ee_context.c **** /* ###*B*###
   2:Generated_Source\PSoC5/ErikaOS_1_cortex_mx_ee_context.c ****  * ERIKA Enterprise - a tiny RTOS for small microcontrollers
   3:Generated_Source\PSoC5/ErikaOS_1_cortex_mx_ee_context.c ****  *
   4:Generated_Source\PSoC5/ErikaOS_1_cortex_mx_ee_context.c ****  * Copyright (C) 2002-2011  Evidence Srl
   5:Generated_Source\PSoC5/ErikaOS_1_cortex_mx_ee_context.c ****  *
   6:Generated_Source\PSoC5/ErikaOS_1_cortex_mx_ee_context.c ****  * This file is part of ERIKA Enterprise.
   7:Generated_Source\PSoC5/ErikaOS_1_cortex_mx_ee_context.c ****  *
   8:Generated_Source\PSoC5/ErikaOS_1_cortex_mx_ee_context.c ****  * ERIKA Enterprise is free software; you can redistribute it
   9:Generated_Source\PSoC5/ErikaOS_1_cortex_mx_ee_context.c ****  * and/or modify it under the terms of the GNU General Public License
  10:Generated_Source\PSoC5/ErikaOS_1_cortex_mx_ee_context.c ****  * version 2 as published by the Free Software Foundation, 
  11:Generated_Source\PSoC5/ErikaOS_1_cortex_mx_ee_context.c ****  * (with a special exception described below).
  12:Generated_Source\PSoC5/ErikaOS_1_cortex_mx_ee_context.c ****  *
  13:Generated_Source\PSoC5/ErikaOS_1_cortex_mx_ee_context.c ****  * Linking this code statically or dynamically with other modules is
  14:Generated_Source\PSoC5/ErikaOS_1_cortex_mx_ee_context.c ****  * making a combined work based on this code.  Thus, the terms and
  15:Generated_Source\PSoC5/ErikaOS_1_cortex_mx_ee_context.c ****  * conditions of the GNU General Public License cover the whole
  16:Generated_Source\PSoC5/ErikaOS_1_cortex_mx_ee_context.c ****  * combination.
  17:Generated_Source\PSoC5/ErikaOS_1_cortex_mx_ee_context.c ****  *
  18:Generated_Source\PSoC5/ErikaOS_1_cortex_mx_ee_context.c ****  * As a special exception, the copyright holders of this library give you
  19:Generated_Source\PSoC5/ErikaOS_1_cortex_mx_ee_context.c ****  * permission to link this code with independent modules to produce an
  20:Generated_Source\PSoC5/ErikaOS_1_cortex_mx_ee_context.c ****  * executable, regardless of the license terms of these independent
  21:Generated_Source\PSoC5/ErikaOS_1_cortex_mx_ee_context.c ****  * modules, and to copy and distribute the resulting executable under
  22:Generated_Source\PSoC5/ErikaOS_1_cortex_mx_ee_context.c ****  * terms of your choice, provided that you also meet, for each linked
  23:Generated_Source\PSoC5/ErikaOS_1_cortex_mx_ee_context.c ****  * independent module, the terms and conditions of the license of that
  24:Generated_Source\PSoC5/ErikaOS_1_cortex_mx_ee_context.c ****  * module.  An independent module is a module which is not derived from
  25:Generated_Source\PSoC5/ErikaOS_1_cortex_mx_ee_context.c ****  * or based on this library.  If you modify this code, you may extend
  26:Generated_Source\PSoC5/ErikaOS_1_cortex_mx_ee_context.c ****  * this exception to your version of the code, but you are not
  27:Generated_Source\PSoC5/ErikaOS_1_cortex_mx_ee_context.c ****  * obligated to do so.  If you do not wish to do so, delete this
  28:Generated_Source\PSoC5/ErikaOS_1_cortex_mx_ee_context.c ****  * exception statement from your version.
  29:Generated_Source\PSoC5/ErikaOS_1_cortex_mx_ee_context.c ****  *
  30:Generated_Source\PSoC5/ErikaOS_1_cortex_mx_ee_context.c ****  * ERIKA Enterprise is distributed in the hope that it will be
ARM GAS  C:\Users\Reza\AppData\Local\Temp\ccVjpG1k.s 			page 2


  31:Generated_Source\PSoC5/ErikaOS_1_cortex_mx_ee_context.c ****  * useful, but WITHOUT ANY WARRANTY; without even the implied warranty
  32:Generated_Source\PSoC5/ErikaOS_1_cortex_mx_ee_context.c ****  * of MERCHANTABILITY or FITNESS FOR A PARTICULAR PURPOSE.  See the
  33:Generated_Source\PSoC5/ErikaOS_1_cortex_mx_ee_context.c ****  * GNU General Public License version 2 for more details.
  34:Generated_Source\PSoC5/ErikaOS_1_cortex_mx_ee_context.c ****  *
  35:Generated_Source\PSoC5/ErikaOS_1_cortex_mx_ee_context.c ****  * You should have received a copy of the GNU General Public License
  36:Generated_Source\PSoC5/ErikaOS_1_cortex_mx_ee_context.c ****  * version 2 along with ERIKA Enterprise; if not, write to the
  37:Generated_Source\PSoC5/ErikaOS_1_cortex_mx_ee_context.c ****  * Free Software Foundation, Inc., 51 Franklin Street, Fifth Floor,
  38:Generated_Source\PSoC5/ErikaOS_1_cortex_mx_ee_context.c ****  * Boston, MA 02110-1301 USA.
  39:Generated_Source\PSoC5/ErikaOS_1_cortex_mx_ee_context.c ****  * ###*E*### */
  40:Generated_Source\PSoC5/ErikaOS_1_cortex_mx_ee_context.c **** 
  41:Generated_Source\PSoC5/ErikaOS_1_cortex_mx_ee_context.c **** /*
  42:Generated_Source\PSoC5/ErikaOS_1_cortex_mx_ee_context.c ****  * Context switch functions used in HAL implementations
  43:Generated_Source\PSoC5/ErikaOS_1_cortex_mx_ee_context.c ****  * Author: 2011 Gianluca Franchino
  44:Generated_Source\PSoC5/ErikaOS_1_cortex_mx_ee_context.c ****  *         2011 Giuseppe Serano
  45:Generated_Source\PSoC5/ErikaOS_1_cortex_mx_ee_context.c ****  */
  46:Generated_Source\PSoC5/ErikaOS_1_cortex_mx_ee_context.c **** 
  47:Generated_Source\PSoC5/ErikaOS_1_cortex_mx_ee_context.c **** /*
  48:Generated_Source\PSoC5/ErikaOS_1_cortex_mx_ee_context.c ****  * PSoC Port and API Generation
  49:Generated_Source\PSoC5/ErikaOS_1_cortex_mx_ee_context.c ****  * Carlos Fernando Meier Martinez
  50:Generated_Source\PSoC5/ErikaOS_1_cortex_mx_ee_context.c ****  * Hochschule Darmstadt, Germany. 2017.
  51:Generated_Source\PSoC5/ErikaOS_1_cortex_mx_ee_context.c ****  */
  52:Generated_Source\PSoC5/ErikaOS_1_cortex_mx_ee_context.c **** 
  53:Generated_Source\PSoC5/ErikaOS_1_cortex_mx_ee_context.c **** #include "ErikaOS_1_ee_internal.inc"
  54:Generated_Source\PSoC5/ErikaOS_1_cortex_mx_ee_context.c **** 
  55:Generated_Source\PSoC5/ErikaOS_1_cortex_mx_ee_context.c **** /* This version should work for both the monostack and multistack versions of
  56:Generated_Source\PSoC5/ErikaOS_1_cortex_mx_ee_context.c ****  * the kernel, thanks to the macros defined in cpu/common/inc/ee_context.inc.
  57:Generated_Source\PSoC5/ErikaOS_1_cortex_mx_ee_context.c ****  * In the mono version, all the stack-related stuff is ignored. */
  58:Generated_Source\PSoC5/ErikaOS_1_cortex_mx_ee_context.c **** EE_TID EE_std_run_task_code(EE_TID tid)
  59:Generated_Source\PSoC5/ErikaOS_1_cortex_mx_ee_context.c **** {
  28              		.loc 1 59 0
  29              		.cfi_startproc
  30              		@ args = 0, pretend = 0, frame = 0
  31              		@ frame_needed = 0, uses_anonymous_args = 0
  32              	.LVL0:
  33 0000 08B5     		push	{r3, lr}
  34              		.cfi_def_cfa_offset 8
  35              		.cfi_offset 3, -8
  36              		.cfi_offset 14, -4
  37              	.LBB14:
  38              	.LBB15:
  39              	.LBB16:
  40              		.file 2 "Generated_Source\\PSoC5\\ErikaOS_1_cortex_mx_ee_cpu.inc"
   1:Generated_Source\PSoC5/ErikaOS_1_cortex_mx_ee_cpu.inc **** /* ###*B*###
   2:Generated_Source\PSoC5/ErikaOS_1_cortex_mx_ee_cpu.inc ****  * ERIKA Enterprise - a tiny RTOS for small microcontrollers
   3:Generated_Source\PSoC5/ErikaOS_1_cortex_mx_ee_cpu.inc ****  *
   4:Generated_Source\PSoC5/ErikaOS_1_cortex_mx_ee_cpu.inc ****  * Copyright (C) 2002-2011  Evidence Srl
   5:Generated_Source\PSoC5/ErikaOS_1_cortex_mx_ee_cpu.inc ****  *
   6:Generated_Source\PSoC5/ErikaOS_1_cortex_mx_ee_cpu.inc ****  * This file is part of ERIKA Enterprise.
   7:Generated_Source\PSoC5/ErikaOS_1_cortex_mx_ee_cpu.inc ****  *
   8:Generated_Source\PSoC5/ErikaOS_1_cortex_mx_ee_cpu.inc ****  * ERIKA Enterprise is free software; you can redistribute it
   9:Generated_Source\PSoC5/ErikaOS_1_cortex_mx_ee_cpu.inc ****  * and/or modify it under the terms of the GNU General Public License
  10:Generated_Source\PSoC5/ErikaOS_1_cortex_mx_ee_cpu.inc ****  * version 2 as published by the Free Software Foundation, 
  11:Generated_Source\PSoC5/ErikaOS_1_cortex_mx_ee_cpu.inc ****  * (with a special exception described below).
  12:Generated_Source\PSoC5/ErikaOS_1_cortex_mx_ee_cpu.inc ****  *
  13:Generated_Source\PSoC5/ErikaOS_1_cortex_mx_ee_cpu.inc ****  * Linking this code statically or dynamically with other modules is
  14:Generated_Source\PSoC5/ErikaOS_1_cortex_mx_ee_cpu.inc ****  * making a combined work based on this code.  Thus, the terms and
  15:Generated_Source\PSoC5/ErikaOS_1_cortex_mx_ee_cpu.inc ****  * conditions of the GNU General Public License cover the whole
ARM GAS  C:\Users\Reza\AppData\Local\Temp\ccVjpG1k.s 			page 3


  16:Generated_Source\PSoC5/ErikaOS_1_cortex_mx_ee_cpu.inc ****  * combination.
  17:Generated_Source\PSoC5/ErikaOS_1_cortex_mx_ee_cpu.inc ****  *
  18:Generated_Source\PSoC5/ErikaOS_1_cortex_mx_ee_cpu.inc ****  * As a special exception, the copyright holders of this library give you
  19:Generated_Source\PSoC5/ErikaOS_1_cortex_mx_ee_cpu.inc ****  * permission to link this code with independent modules to produce an
  20:Generated_Source\PSoC5/ErikaOS_1_cortex_mx_ee_cpu.inc ****  * executable, regardless of the license terms of these independent
  21:Generated_Source\PSoC5/ErikaOS_1_cortex_mx_ee_cpu.inc ****  * modules, and to copy and distribute the resulting executable under
  22:Generated_Source\PSoC5/ErikaOS_1_cortex_mx_ee_cpu.inc ****  * terms of your choice, provided that you also meet, for each linked
  23:Generated_Source\PSoC5/ErikaOS_1_cortex_mx_ee_cpu.inc ****  * independent module, the terms and conditions of the license of that
  24:Generated_Source\PSoC5/ErikaOS_1_cortex_mx_ee_cpu.inc ****  * module.  An independent module is a module which is not derived from
  25:Generated_Source\PSoC5/ErikaOS_1_cortex_mx_ee_cpu.inc ****  * or based on this library.  If you modify this code, you may extend
  26:Generated_Source\PSoC5/ErikaOS_1_cortex_mx_ee_cpu.inc ****  * this exception to your version of the code, but you are not
  27:Generated_Source\PSoC5/ErikaOS_1_cortex_mx_ee_cpu.inc ****  * obligated to do so.  If you do not wish to do so, delete this
  28:Generated_Source\PSoC5/ErikaOS_1_cortex_mx_ee_cpu.inc ****  * exception statement from your version.
  29:Generated_Source\PSoC5/ErikaOS_1_cortex_mx_ee_cpu.inc ****  *
  30:Generated_Source\PSoC5/ErikaOS_1_cortex_mx_ee_cpu.inc ****  * ERIKA Enterprise is distributed in the hope that it will be
  31:Generated_Source\PSoC5/ErikaOS_1_cortex_mx_ee_cpu.inc ****  * useful, but WITHOUT ANY WARRANTY; without even the implied warranty
  32:Generated_Source\PSoC5/ErikaOS_1_cortex_mx_ee_cpu.inc ****  * of MERCHANTABILITY or FITNESS FOR A PARTICULAR PURPOSE.  See the
  33:Generated_Source\PSoC5/ErikaOS_1_cortex_mx_ee_cpu.inc ****  * GNU General Public License version 2 for more details.
  34:Generated_Source\PSoC5/ErikaOS_1_cortex_mx_ee_cpu.inc ****  *
  35:Generated_Source\PSoC5/ErikaOS_1_cortex_mx_ee_cpu.inc ****  * You should have received a copy of the GNU General Public License
  36:Generated_Source\PSoC5/ErikaOS_1_cortex_mx_ee_cpu.inc ****  * version 2 along with ERIKA Enterprise; if not, write to the
  37:Generated_Source\PSoC5/ErikaOS_1_cortex_mx_ee_cpu.inc ****  * Free Software Foundation, Inc., 51 Franklin Street, Fifth Floor,
  38:Generated_Source\PSoC5/ErikaOS_1_cortex_mx_ee_cpu.inc ****  * Boston, MA 02110-1301 USA.
  39:Generated_Source\PSoC5/ErikaOS_1_cortex_mx_ee_cpu.inc ****  * ###*E*### */
  40:Generated_Source\PSoC5/ErikaOS_1_cortex_mx_ee_cpu.inc **** 
  41:Generated_Source\PSoC5/ErikaOS_1_cortex_mx_ee_cpu.inc **** /** 
  42:Generated_Source\PSoC5/ErikaOS_1_cortex_mx_ee_cpu.inc **** 	@file ee_cpu.h
  43:Generated_Source\PSoC5/ErikaOS_1_cortex_mx_ee_cpu.inc **** 	@brief CPU-dependent part of HAL. Derived from pkg/cpu/pic30/inc/ee_cpu.h
  44:Generated_Source\PSoC5/ErikaOS_1_cortex_mx_ee_cpu.inc **** 	@author Gianluca Franchino
  45:Generated_Source\PSoC5/ErikaOS_1_cortex_mx_ee_cpu.inc **** 	@author Giuseppe Serano
  46:Generated_Source\PSoC5/ErikaOS_1_cortex_mx_ee_cpu.inc **** 	@date 2011
  47:Generated_Source\PSoC5/ErikaOS_1_cortex_mx_ee_cpu.inc **** */ 
  48:Generated_Source\PSoC5/ErikaOS_1_cortex_mx_ee_cpu.inc ****     
  49:Generated_Source\PSoC5/ErikaOS_1_cortex_mx_ee_cpu.inc **** /*
  50:Generated_Source\PSoC5/ErikaOS_1_cortex_mx_ee_cpu.inc ****  * PSoC Port and API Generation
  51:Generated_Source\PSoC5/ErikaOS_1_cortex_mx_ee_cpu.inc ****  * Carlos Fernando Meier Martinez
  52:Generated_Source\PSoC5/ErikaOS_1_cortex_mx_ee_cpu.inc ****  * Hochschule Darmstadt, Germany. 2017.
  53:Generated_Source\PSoC5/ErikaOS_1_cortex_mx_ee_cpu.inc ****  */
  54:Generated_Source\PSoC5/ErikaOS_1_cortex_mx_ee_cpu.inc **** 
  55:Generated_Source\PSoC5/ErikaOS_1_cortex_mx_ee_cpu.inc **** #ifndef __INCLUDE_CORTEX_MX_EE_CPU_H__
  56:Generated_Source\PSoC5/ErikaOS_1_cortex_mx_ee_cpu.inc **** #define __INCLUDE_CORTEX_MX_EE_CPU_H__
  57:Generated_Source\PSoC5/ErikaOS_1_cortex_mx_ee_cpu.inc **** 
  58:Generated_Source\PSoC5/ErikaOS_1_cortex_mx_ee_cpu.inc **** #include "ErikaOS_1_eecfg.inc"
  59:Generated_Source\PSoC5/ErikaOS_1_cortex_mx_ee_cpu.inc **** 
  60:Generated_Source\PSoC5/ErikaOS_1_cortex_mx_ee_cpu.inc **** 
  61:Generated_Source\PSoC5/ErikaOS_1_cortex_mx_ee_cpu.inc **** #ifdef __GNU__
  62:Generated_Source\PSoC5/ErikaOS_1_cortex_mx_ee_cpu.inc **** #include "ErikaOS_1_common_ee_compiler_gcc.inc"
  63:Generated_Source\PSoC5/ErikaOS_1_cortex_mx_ee_cpu.inc **** #endif
  64:Generated_Source\PSoC5/ErikaOS_1_cortex_mx_ee_cpu.inc **** 
  65:Generated_Source\PSoC5/ErikaOS_1_cortex_mx_ee_cpu.inc **** /* Initial stack offset (in words): Used in multistack. */
  66:Generated_Source\PSoC5/ErikaOS_1_cortex_mx_ee_cpu.inc **** #ifndef CORTEX_MX_INIT_TOS_OFFSET
  67:Generated_Source\PSoC5/ErikaOS_1_cortex_mx_ee_cpu.inc **** #define CORTEX_MX_INIT_TOS_OFFSET 10
  68:Generated_Source\PSoC5/ErikaOS_1_cortex_mx_ee_cpu.inc **** #endif
  69:Generated_Source\PSoC5/ErikaOS_1_cortex_mx_ee_cpu.inc **** 
  70:Generated_Source\PSoC5/ErikaOS_1_cortex_mx_ee_cpu.inc **** /*************************************************************************
  71:Generated_Source\PSoC5/ErikaOS_1_cortex_mx_ee_cpu.inc ****  HAL Types and structures
  72:Generated_Source\PSoC5/ErikaOS_1_cortex_mx_ee_cpu.inc ****  *************************************************************************/
ARM GAS  C:\Users\Reza\AppData\Local\Temp\ccVjpG1k.s 			page 4


  73:Generated_Source\PSoC5/ErikaOS_1_cortex_mx_ee_cpu.inc **** 
  74:Generated_Source\PSoC5/ErikaOS_1_cortex_mx_ee_cpu.inc **** /* Primitive data types */
  75:Generated_Source\PSoC5/ErikaOS_1_cortex_mx_ee_cpu.inc **** #include "ErikaOS_1_common_ee_types.inc"
  76:Generated_Source\PSoC5/ErikaOS_1_cortex_mx_ee_cpu.inc **** 
  77:Generated_Source\PSoC5/ErikaOS_1_cortex_mx_ee_cpu.inc **** typedef EE_UINT32 EE_UREG;
  78:Generated_Source\PSoC5/ErikaOS_1_cortex_mx_ee_cpu.inc **** typedef EE_INT32  EE_SREG;
  79:Generated_Source\PSoC5/ErikaOS_1_cortex_mx_ee_cpu.inc **** typedef EE_UINT32 EE_FREG;
  80:Generated_Source\PSoC5/ErikaOS_1_cortex_mx_ee_cpu.inc **** #define EE_UREG_SIZE 4
  81:Generated_Source\PSoC5/ErikaOS_1_cortex_mx_ee_cpu.inc **** 
  82:Generated_Source\PSoC5/ErikaOS_1_cortex_mx_ee_cpu.inc **** /* boolean type */
  83:Generated_Source\PSoC5/ErikaOS_1_cortex_mx_ee_cpu.inc **** #ifndef EE_TYPEBOOL
  84:Generated_Source\PSoC5/ErikaOS_1_cortex_mx_ee_cpu.inc **** typedef EE_UREG EE_TYPEBOOL;
  85:Generated_Source\PSoC5/ErikaOS_1_cortex_mx_ee_cpu.inc **** #endif
  86:Generated_Source\PSoC5/ErikaOS_1_cortex_mx_ee_cpu.inc **** 
  87:Generated_Source\PSoC5/ErikaOS_1_cortex_mx_ee_cpu.inc **** /* boolean true define */
  88:Generated_Source\PSoC5/ErikaOS_1_cortex_mx_ee_cpu.inc **** #ifndef EE_TRUE
  89:Generated_Source\PSoC5/ErikaOS_1_cortex_mx_ee_cpu.inc **** #define EE_TRUE ((EE_TYPEBOOL)1U)
  90:Generated_Source\PSoC5/ErikaOS_1_cortex_mx_ee_cpu.inc **** #endif
  91:Generated_Source\PSoC5/ErikaOS_1_cortex_mx_ee_cpu.inc **** 
  92:Generated_Source\PSoC5/ErikaOS_1_cortex_mx_ee_cpu.inc **** /* boolean false define */
  93:Generated_Source\PSoC5/ErikaOS_1_cortex_mx_ee_cpu.inc **** #ifndef EE_FALSE
  94:Generated_Source\PSoC5/ErikaOS_1_cortex_mx_ee_cpu.inc **** #define EE_FALSE ((EE_TYPEBOOL)0U)
  95:Generated_Source\PSoC5/ErikaOS_1_cortex_mx_ee_cpu.inc **** #endif
  96:Generated_Source\PSoC5/ErikaOS_1_cortex_mx_ee_cpu.inc **** 
  97:Generated_Source\PSoC5/ErikaOS_1_cortex_mx_ee_cpu.inc **** #define	EE_HWREG_PTR		volatile EE_UREG *
  98:Generated_Source\PSoC5/ErikaOS_1_cortex_mx_ee_cpu.inc **** #define	EE_HWREG_ADDR(x)	((EE_HWREG_PTR)(x))
  99:Generated_Source\PSoC5/ErikaOS_1_cortex_mx_ee_cpu.inc **** #define	EE_HWREG(x)		(*EE_HWREG_ADDR(x))
 100:Generated_Source\PSoC5/ErikaOS_1_cortex_mx_ee_cpu.inc **** 
 101:Generated_Source\PSoC5/ErikaOS_1_cortex_mx_ee_cpu.inc **** #ifdef __GNU__
 102:Generated_Source\PSoC5/ErikaOS_1_cortex_mx_ee_cpu.inc **** 
 103:Generated_Source\PSoC5/ErikaOS_1_cortex_mx_ee_cpu.inc **** /* Get current SP */
 104:Generated_Source\PSoC5/ErikaOS_1_cortex_mx_ee_cpu.inc **** __INLINE__ EE_UINT32  __current_sp(void)
 105:Generated_Source\PSoC5/ErikaOS_1_cortex_mx_ee_cpu.inc **** {
 106:Generated_Source\PSoC5/ErikaOS_1_cortex_mx_ee_cpu.inc **** EE_UINT32 temp;
 107:Generated_Source\PSoC5/ErikaOS_1_cortex_mx_ee_cpu.inc **** __ASM ("mov %0, sp" : "=r" (temp) : );
 108:Generated_Source\PSoC5/ErikaOS_1_cortex_mx_ee_cpu.inc **** return temp;
 109:Generated_Source\PSoC5/ErikaOS_1_cortex_mx_ee_cpu.inc **** }
 110:Generated_Source\PSoC5/ErikaOS_1_cortex_mx_ee_cpu.inc **** 
 111:Generated_Source\PSoC5/ErikaOS_1_cortex_mx_ee_cpu.inc **** /* Set a breakpoint */
 112:Generated_Source\PSoC5/ErikaOS_1_cortex_mx_ee_cpu.inc **** #define __breakpoint(value)	__ASM ("bkpt "#value)
 113:Generated_Source\PSoC5/ErikaOS_1_cortex_mx_ee_cpu.inc **** 
 114:Generated_Source\PSoC5/ErikaOS_1_cortex_mx_ee_cpu.inc **** #endif
 115:Generated_Source\PSoC5/ErikaOS_1_cortex_mx_ee_cpu.inc **** 
 116:Generated_Source\PSoC5/ErikaOS_1_cortex_mx_ee_cpu.inc **** /* ISR Priority representation type */
 117:Generated_Source\PSoC5/ErikaOS_1_cortex_mx_ee_cpu.inc **** typedef EE_UREG EE_TYPEISR2PRIO;
 118:Generated_Source\PSoC5/ErikaOS_1_cortex_mx_ee_cpu.inc **** 
 119:Generated_Source\PSoC5/ErikaOS_1_cortex_mx_ee_cpu.inc **** /* Thread IDs */
 120:Generated_Source\PSoC5/ErikaOS_1_cortex_mx_ee_cpu.inc **** typedef EE_INT32 EE_TID;
 121:Generated_Source\PSoC5/ErikaOS_1_cortex_mx_ee_cpu.inc **** 
 122:Generated_Source\PSoC5/ErikaOS_1_cortex_mx_ee_cpu.inc **** /* Thread IDs - unsigned version*/
 123:Generated_Source\PSoC5/ErikaOS_1_cortex_mx_ee_cpu.inc **** typedef EE_UINT32 EE_UTID;
 124:Generated_Source\PSoC5/ErikaOS_1_cortex_mx_ee_cpu.inc **** 
 125:Generated_Source\PSoC5/ErikaOS_1_cortex_mx_ee_cpu.inc **** /* Used by the common layer to decide whether to start a new thread */
 126:Generated_Source\PSoC5/ErikaOS_1_cortex_mx_ee_cpu.inc **** #define TID_IS_STACKED_MARK 0x80000000
 127:Generated_Source\PSoC5/ErikaOS_1_cortex_mx_ee_cpu.inc **** 
 128:Generated_Source\PSoC5/ErikaOS_1_cortex_mx_ee_cpu.inc **** /* EE_TYPEIRQ is currently unused */
 129:Generated_Source\PSoC5/ErikaOS_1_cortex_mx_ee_cpu.inc **** 
ARM GAS  C:\Users\Reza\AppData\Local\Temp\ccVjpG1k.s 			page 5


 130:Generated_Source\PSoC5/ErikaOS_1_cortex_mx_ee_cpu.inc **** /* XXX: define EE_TIME? */
 131:Generated_Source\PSoC5/ErikaOS_1_cortex_mx_ee_cpu.inc **** 
 132:Generated_Source\PSoC5/ErikaOS_1_cortex_mx_ee_cpu.inc **** /* Use the "standard" implementation */
 133:Generated_Source\PSoC5/ErikaOS_1_cortex_mx_ee_cpu.inc **** #include "ErikaOS_1_common_ee_hal_structs.inc"
 134:Generated_Source\PSoC5/ErikaOS_1_cortex_mx_ee_cpu.inc **** 
 135:Generated_Source\PSoC5/ErikaOS_1_cortex_mx_ee_cpu.inc **** /******************************************************************************
 136:Generated_Source\PSoC5/ErikaOS_1_cortex_mx_ee_cpu.inc ****  Application dependent data types
 137:Generated_Source\PSoC5/ErikaOS_1_cortex_mx_ee_cpu.inc ****  ******************************************************************************/
 138:Generated_Source\PSoC5/ErikaOS_1_cortex_mx_ee_cpu.inc **** 
 139:Generated_Source\PSoC5/ErikaOS_1_cortex_mx_ee_cpu.inc **** #ifdef	__HAS_TYPES_H__
 140:Generated_Source\PSoC5/ErikaOS_1_cortex_mx_ee_cpu.inc **** #include	"types.h"
 141:Generated_Source\PSoC5/ErikaOS_1_cortex_mx_ee_cpu.inc **** #endif
 142:Generated_Source\PSoC5/ErikaOS_1_cortex_mx_ee_cpu.inc **** 
 143:Generated_Source\PSoC5/ErikaOS_1_cortex_mx_ee_cpu.inc **** /******************************************************************************
 144:Generated_Source\PSoC5/ErikaOS_1_cortex_mx_ee_cpu.inc ****  CPU Peripherals
 145:Generated_Source\PSoC5/ErikaOS_1_cortex_mx_ee_cpu.inc ****  ******************************************************************************/
 146:Generated_Source\PSoC5/ErikaOS_1_cortex_mx_ee_cpu.inc **** 
 147:Generated_Source\PSoC5/ErikaOS_1_cortex_mx_ee_cpu.inc **** #ifdef __CORTEX_MX__
 148:Generated_Source\PSoC5/ErikaOS_1_cortex_mx_ee_cpu.inc **** #include "ErikaOS_1_cortex_mx_ee_nvic.inc"
 149:Generated_Source\PSoC5/ErikaOS_1_cortex_mx_ee_cpu.inc **** #include "ErikaOS_1_cortex_mx_ee_systick.inc"
 150:Generated_Source\PSoC5/ErikaOS_1_cortex_mx_ee_cpu.inc **** #endif
 151:Generated_Source\PSoC5/ErikaOS_1_cortex_mx_ee_cpu.inc **** 
 152:Generated_Source\PSoC5/ErikaOS_1_cortex_mx_ee_cpu.inc **** /******************************************************************************
 153:Generated_Source\PSoC5/ErikaOS_1_cortex_mx_ee_cpu.inc ****  HAL Variables
 154:Generated_Source\PSoC5/ErikaOS_1_cortex_mx_ee_cpu.inc ****  ******************************************************************************/
 155:Generated_Source\PSoC5/ErikaOS_1_cortex_mx_ee_cpu.inc **** 
 156:Generated_Source\PSoC5/ErikaOS_1_cortex_mx_ee_cpu.inc **** #ifdef __MULTI__
 157:Generated_Source\PSoC5/ErikaOS_1_cortex_mx_ee_cpu.inc **** 
 158:Generated_Source\PSoC5/ErikaOS_1_cortex_mx_ee_cpu.inc **** /* Top-of-stack of each private stack */
 159:Generated_Source\PSoC5/ErikaOS_1_cortex_mx_ee_cpu.inc **** extern struct EE_TOS EE_cortex_mx_system_tos[];
 160:Generated_Source\PSoC5/ErikaOS_1_cortex_mx_ee_cpu.inc **** //#define	EE_std_system_tos EE_cortex_mx_system_tos
 161:Generated_Source\PSoC5/ErikaOS_1_cortex_mx_ee_cpu.inc **** 
 162:Generated_Source\PSoC5/ErikaOS_1_cortex_mx_ee_cpu.inc **** /* Index of the current stack */
 163:Generated_Source\PSoC5/ErikaOS_1_cortex_mx_ee_cpu.inc **** extern EE_UREG EE_cortex_mx_active_tos;
 164:Generated_Source\PSoC5/ErikaOS_1_cortex_mx_ee_cpu.inc **** #define	EE_hal_active_tos EE_cortex_mx_active_tos
 165:Generated_Source\PSoC5/ErikaOS_1_cortex_mx_ee_cpu.inc **** 
 166:Generated_Source\PSoC5/ErikaOS_1_cortex_mx_ee_cpu.inc **** /*extern	EE_UREG EE_pic30_thread_tos[];
 167:Generated_Source\PSoC5/ErikaOS_1_cortex_mx_ee_cpu.inc **** #define	EE_std_thread_tos EE_pic30_thread_tos */
 168:Generated_Source\PSoC5/ErikaOS_1_cortex_mx_ee_cpu.inc **** #endif /* __MULTI__ */
 169:Generated_Source\PSoC5/ErikaOS_1_cortex_mx_ee_cpu.inc **** 
 170:Generated_Source\PSoC5/ErikaOS_1_cortex_mx_ee_cpu.inc **** /*********************************************************************
 171:Generated_Source\PSoC5/ErikaOS_1_cortex_mx_ee_cpu.inc ****  Cortex M0 interrupt disabling/enabling
 172:Generated_Source\PSoC5/ErikaOS_1_cortex_mx_ee_cpu.inc ****  *********************************************************************/
 173:Generated_Source\PSoC5/ErikaOS_1_cortex_mx_ee_cpu.inc **** 
 174:Generated_Source\PSoC5/ErikaOS_1_cortex_mx_ee_cpu.inc **** /* Used to check the value returned by EE_cortex_mx_disableIRQ */
 175:Generated_Source\PSoC5/ErikaOS_1_cortex_mx_ee_cpu.inc **** #define EE_cortex_mx_are_IRQs_enabled(ie) ((ie) ^ 1)
 176:Generated_Source\PSoC5/ErikaOS_1_cortex_mx_ee_cpu.inc **** 
 177:Generated_Source\PSoC5/ErikaOS_1_cortex_mx_ee_cpu.inc **** /**
 178:Generated_Source\PSoC5/ErikaOS_1_cortex_mx_ee_cpu.inc ****  * Enable interrupts
 179:Generated_Source\PSoC5/ErikaOS_1_cortex_mx_ee_cpu.inc ****  */
 180:Generated_Source\PSoC5/ErikaOS_1_cortex_mx_ee_cpu.inc **** __INLINE__ void  EE_cortex_mx_enableIRQ(void)
 181:Generated_Source\PSoC5/ErikaOS_1_cortex_mx_ee_cpu.inc **** {
 182:Generated_Source\PSoC5/ErikaOS_1_cortex_mx_ee_cpu.inc **** #ifdef __IAR__
 183:Generated_Source\PSoC5/ErikaOS_1_cortex_mx_ee_cpu.inc **** 	__ASM ("cpsie i");
 184:Generated_Source\PSoC5/ErikaOS_1_cortex_mx_ee_cpu.inc **** #else	/* __IAR__ */
 185:Generated_Source\PSoC5/ErikaOS_1_cortex_mx_ee_cpu.inc **** #ifdef __CCS__
 186:Generated_Source\PSoC5/ErikaOS_1_cortex_mx_ee_cpu.inc **** 	__ASM ("    cpsie    i\n");
ARM GAS  C:\Users\Reza\AppData\Local\Temp\ccVjpG1k.s 			page 6


 187:Generated_Source\PSoC5/ErikaOS_1_cortex_mx_ee_cpu.inc **** #else	/* __CCS__ */
 188:Generated_Source\PSoC5/ErikaOS_1_cortex_mx_ee_cpu.inc **** #ifdef __KEIL__
 189:Generated_Source\PSoC5/ErikaOS_1_cortex_mx_ee_cpu.inc **** 	__enable_irq();
 190:Generated_Source\PSoC5/ErikaOS_1_cortex_mx_ee_cpu.inc **** #else	/* __KEIL__ */
 191:Generated_Source\PSoC5/ErikaOS_1_cortex_mx_ee_cpu.inc **** 	__ASM volatile("cpsie i");
  41              		.loc 2 191 0
  42              		.syntax unified
  43              	@ 191 "Generated_Source\PSoC5\ErikaOS_1_cortex_mx_ee_cpu.inc" 1
  44 0002 62B6     		cpsie i
  45              	@ 0 "" 2
  46              		.thumb
  47              		.syntax unified
  48              	.LBE16:
  49              	.LBE15:
  50              	.LBE14:
  60:Generated_Source\PSoC5/ErikaOS_1_cortex_mx_ee_context.c ****     EE_hal_enableIRQ();
  61:Generated_Source\PSoC5/ErikaOS_1_cortex_mx_ee_context.c **** /* Call a the body of a task */
  62:Generated_Source\PSoC5/ErikaOS_1_cortex_mx_ee_context.c **** #if defined(__OO_BCC1__) || defined(__OO_BCC2__) || \
  63:Generated_Source\PSoC5/ErikaOS_1_cortex_mx_ee_context.c ****  defined(__OO_ECC1__) || defined(__OO_ECC2__)
  64:Generated_Source\PSoC5/ErikaOS_1_cortex_mx_ee_context.c ****     EE_oo_thread_stub();
  51              		.loc 1 64 0
  52 0004 FFF7FEFF 		bl	EE_oo_thread_stub
  53              	.LVL1:
  54              	.LBB17:
  55              	.LBB18:
  56              	.LBB19:
 192:Generated_Source\PSoC5/ErikaOS_1_cortex_mx_ee_cpu.inc **** #endif	/* !__KEIL__ */
 193:Generated_Source\PSoC5/ErikaOS_1_cortex_mx_ee_cpu.inc **** #endif	/* !__CCS__ */
 194:Generated_Source\PSoC5/ErikaOS_1_cortex_mx_ee_cpu.inc **** #endif	/* !__IAR__ */
 195:Generated_Source\PSoC5/ErikaOS_1_cortex_mx_ee_cpu.inc **** }
 196:Generated_Source\PSoC5/ErikaOS_1_cortex_mx_ee_cpu.inc **** 
 197:Generated_Source\PSoC5/ErikaOS_1_cortex_mx_ee_cpu.inc **** /**
 198:Generated_Source\PSoC5/ErikaOS_1_cortex_mx_ee_cpu.inc ****  * Disable interrupts
 199:Generated_Source\PSoC5/ErikaOS_1_cortex_mx_ee_cpu.inc ****  */
 200:Generated_Source\PSoC5/ErikaOS_1_cortex_mx_ee_cpu.inc **** __INLINE__ void  EE_cortex_mx_disableIRQ(void)
 201:Generated_Source\PSoC5/ErikaOS_1_cortex_mx_ee_cpu.inc **** {
 202:Generated_Source\PSoC5/ErikaOS_1_cortex_mx_ee_cpu.inc **** #ifdef __IAR__
 203:Generated_Source\PSoC5/ErikaOS_1_cortex_mx_ee_cpu.inc **** 	__ASM ("cpsid i");
 204:Generated_Source\PSoC5/ErikaOS_1_cortex_mx_ee_cpu.inc **** #else	/* __IAR__ */
 205:Generated_Source\PSoC5/ErikaOS_1_cortex_mx_ee_cpu.inc **** #ifdef __CCS__
 206:Generated_Source\PSoC5/ErikaOS_1_cortex_mx_ee_cpu.inc **** 	__ASM ("    cpsid    i\n");
 207:Generated_Source\PSoC5/ErikaOS_1_cortex_mx_ee_cpu.inc **** #else	/* __CCS__ */
 208:Generated_Source\PSoC5/ErikaOS_1_cortex_mx_ee_cpu.inc **** #ifdef __KEIL__
 209:Generated_Source\PSoC5/ErikaOS_1_cortex_mx_ee_cpu.inc **** 	__disable_irq();
 210:Generated_Source\PSoC5/ErikaOS_1_cortex_mx_ee_cpu.inc **** #else	/* __KEIL__ */
 211:Generated_Source\PSoC5/ErikaOS_1_cortex_mx_ee_cpu.inc **** 	__ASM volatile("cpsid i");
  57              		.loc 2 211 0
  58              		.syntax unified
  59              	@ 211 "Generated_Source\PSoC5\ErikaOS_1_cortex_mx_ee_cpu.inc" 1
  60 0008 72B6     		cpsid i
  61              	@ 0 "" 2
  62              		.thumb
  63              		.syntax unified
  64              	.LBE19:
  65              	.LBE18:
  66              	.LBE17:
  65:Generated_Source\PSoC5/ErikaOS_1_cortex_mx_ee_context.c ****     (void)tid;
ARM GAS  C:\Users\Reza\AppData\Local\Temp\ccVjpG1k.s 			page 7


  66:Generated_Source\PSoC5/ErikaOS_1_cortex_mx_ee_context.c **** #else
  67:Generated_Source\PSoC5/ErikaOS_1_cortex_mx_ee_context.c ****     /* Useless check to make MISRA-C happy. */
  68:Generated_Source\PSoC5/ErikaOS_1_cortex_mx_ee_context.c ****     if ( EE_hal_thread_body[tid] != 0 ) {
  69:Generated_Source\PSoC5/ErikaOS_1_cortex_mx_ee_context.c ****         EE_hal_thread_body[tid]();
  70:Generated_Source\PSoC5/ErikaOS_1_cortex_mx_ee_context.c ****     }
  71:Generated_Source\PSoC5/ErikaOS_1_cortex_mx_ee_context.c **** #endif
  72:Generated_Source\PSoC5/ErikaOS_1_cortex_mx_ee_context.c ****     EE_hal_disableIRQ();
  73:Generated_Source\PSoC5/ErikaOS_1_cortex_mx_ee_context.c ****     EE_thread_end_instance(); /* Call the scheduler */
  67              		.loc 1 73 0
  68 000a FFF7FEFF 		bl	EE_thread_end_instance
  69              	.LVL2:
  74:Generated_Source\PSoC5/ErikaOS_1_cortex_mx_ee_context.c ****     return EE_std_endcycle_next_tid;
  75:Generated_Source\PSoC5/ErikaOS_1_cortex_mx_ee_context.c **** }
  70              		.loc 1 75 0
  71 000e 014B     		ldr	r3, .L2
  72 0010 1868     		ldr	r0, [r3]
  73 0012 08BD     		pop	{r3, pc}
  74              	.L3:
  75              		.align	2
  76              	.L2:
  77 0014 00000000 		.word	EE_std_endcycle_next_tid
  78              		.cfi_endproc
  79              	.LFE70:
  80              		.size	EE_std_run_task_code, .-EE_std_run_task_code
  81              		.section	.text.EE_std_need_context_change,"ax",%progbits
  82              		.align	1
  83              		.global	EE_std_need_context_change
  84              		.thumb
  85              		.thumb_func
  86              		.type	EE_std_need_context_change, %function
  87              	EE_std_need_context_change:
  88              	.LFB71:
  76:Generated_Source\PSoC5/ErikaOS_1_cortex_mx_ee_context.c **** 
  77:Generated_Source\PSoC5/ErikaOS_1_cortex_mx_ee_context.c **** #ifdef __MULTI__
  78:Generated_Source\PSoC5/ErikaOS_1_cortex_mx_ee_context.c **** 
  79:Generated_Source\PSoC5/ErikaOS_1_cortex_mx_ee_context.c **** int EE_std_need_context_change(EE_TID tid)
  80:Generated_Source\PSoC5/ErikaOS_1_cortex_mx_ee_context.c **** {
  89              		.loc 1 80 0
  90              		.cfi_startproc
  91              		@ args = 0, pretend = 0, frame = 0
  92              		@ frame_needed = 0, uses_anonymous_args = 0
  93              		@ link register save eliminated.
  94              	.LVL3:
  81:Generated_Source\PSoC5/ErikaOS_1_cortex_mx_ee_context.c ****   /* FIXME: "tid+1" can be used as an index for arrays even when marked if
  82:Generated_Source\PSoC5/ErikaOS_1_cortex_mx_ee_context.c ****    * EE_TID is defined as an int.  Otherwise, the mark will cause a memory
  83:Generated_Source\PSoC5/ErikaOS_1_cortex_mx_ee_context.c ****    * access violation!  */
  84:Generated_Source\PSoC5/ErikaOS_1_cortex_mx_ee_context.c ****   EE_UTID utid;
  85:Generated_Source\PSoC5/ErikaOS_1_cortex_mx_ee_context.c ****   int need_context_change = 1;
  86:Generated_Source\PSoC5/ErikaOS_1_cortex_mx_ee_context.c ****   if (tid < 0) {
  95              		.loc 1 86 0
  96 0000 0028     		cmp	r0, #0
  97 0002 09DA     		bge	.L6
  98              	.LVL4:
  87:Generated_Source\PSoC5/ErikaOS_1_cortex_mx_ee_context.c ****     /* Unmark the tid to access the EE_std_thread_tos, otherwise undefined
  88:Generated_Source\PSoC5/ErikaOS_1_cortex_mx_ee_context.c ****        behaviour. (Index out of arrays boundaries)
  89:Generated_Source\PSoC5/ErikaOS_1_cortex_mx_ee_context.c ****        FIXME: #1
  90:Generated_Source\PSoC5/ErikaOS_1_cortex_mx_ee_context.c ****     */
ARM GAS  C:\Users\Reza\AppData\Local\Temp\ccVjpG1k.s 			page 8


  91:Generated_Source\PSoC5/ErikaOS_1_cortex_mx_ee_context.c ****     utid = (EE_UTID)tid & (~(EE_UTID)TID_IS_STACKED_MARK);
  92:Generated_Source\PSoC5/ErikaOS_1_cortex_mx_ee_context.c ****     need_context_change = (EE_hal_active_tos != EE_std_thread_tos[utid + 1U]);
  99              		.loc 1 92 0
 100 0004 054B     		ldr	r3, .L8
 101 0006 064A     		ldr	r2, .L8+4
 102 0008 03EB8000 		add	r0, r3, r0, lsl #2
 103              	.LVL5:
 104 000c 4368     		ldr	r3, [r0, #4]
 105 000e 1068     		ldr	r0, [r2]
 106 0010 181A     		subs	r0, r3, r0
 107 0012 18BF     		it	ne
 108 0014 0120     		movne	r0, #1
 109              	.LVL6:
 110 0016 7047     		bx	lr
 111              	.LVL7:
 112              	.L6:
  85:Generated_Source\PSoC5/ErikaOS_1_cortex_mx_ee_context.c ****   if (tid < 0) {
 113              		.loc 1 85 0
 114 0018 0120     		movs	r0, #1
 115              	.LVL8:
  93:Generated_Source\PSoC5/ErikaOS_1_cortex_mx_ee_context.c ****   }
  94:Generated_Source\PSoC5/ErikaOS_1_cortex_mx_ee_context.c ****   return need_context_change;
  95:Generated_Source\PSoC5/ErikaOS_1_cortex_mx_ee_context.c **** }
 116              		.loc 1 95 0
 117 001a 7047     		bx	lr
 118              	.L9:
 119              		.align	2
 120              	.L8:
 121 001c 00000000 		.word	EE_std_thread_tos
 122 0020 00000000 		.word	EE_cortex_mx_active_tos
 123              		.cfi_endproc
 124              	.LFE71:
 125              		.size	EE_std_need_context_change, .-EE_std_need_context_change
 126              		.text
 127              	.Letext0:
 128              		.file 3 "Generated_Source\\PSoC5\\ErikaOS_1_common_ee_types.inc"
 129              		.file 4 "Generated_Source\\PSoC5\\ErikaOS_1_ee_oo_common.inc"
 130              		.file 5 "Generated_Source\\PSoC5\\ErikaOS_1_common_ee_hal_structs.inc"
 131              		.file 6 "Generated_Source\\PSoC5\\ErikaOS_1_common_ee_primitives.inc"
 132              		.file 7 "Generated_Source\\PSoC5\\ErikaOS_1_cortex_mx_ee_context.inc"
 133              		.file 8 "Generated_Source\\PSoC5\\ErikaOS_1_ee_oo_intfunc.inc"
 134              		.file 9 "Generated_Source\\PSoC5\\ErikaOS_1_ee_oo_internal.inc"
 135              		.section	.debug_info,"",%progbits
 136              	.Ldebug_info0:
 137 0000 FD040000 		.4byte	0x4fd
 138 0004 0400     		.2byte	0x4
 139 0006 00000000 		.4byte	.Ldebug_abbrev0
 140 000a 04       		.byte	0x4
 141 000b 01       		.uleb128 0x1
 142 000c D1030000 		.4byte	.LASF75
 143 0010 0C       		.byte	0xc
 144 0011 90040000 		.4byte	.LASF76
 145 0015 00010000 		.4byte	.LASF77
 146 0019 00000000 		.4byte	.Ldebug_ranges0+0
 147 001d 00000000 		.4byte	0
 148 0021 00000000 		.4byte	.Ldebug_line0
 149 0025 02       		.uleb128 0x2
ARM GAS  C:\Users\Reza\AppData\Local\Temp\ccVjpG1k.s 			page 9


 150 0026 01       		.byte	0x1
 151 0027 06       		.byte	0x6
 152 0028 58030000 		.4byte	.LASF0
 153 002c 02       		.uleb128 0x2
 154 002d 01       		.byte	0x1
 155 002e 08       		.byte	0x8
 156 002f FD020000 		.4byte	.LASF1
 157 0033 02       		.uleb128 0x2
 158 0034 02       		.byte	0x2
 159 0035 05       		.byte	0x5
 160 0036 75000000 		.4byte	.LASF2
 161 003a 02       		.uleb128 0x2
 162 003b 02       		.byte	0x2
 163 003c 07       		.byte	0x7
 164 003d 5F040000 		.4byte	.LASF3
 165 0041 02       		.uleb128 0x2
 166 0042 04       		.byte	0x4
 167 0043 05       		.byte	0x5
 168 0044 65020000 		.4byte	.LASF4
 169 0048 02       		.uleb128 0x2
 170 0049 04       		.byte	0x4
 171 004a 07       		.byte	0x7
 172 004b 08050000 		.4byte	.LASF5
 173 004f 02       		.uleb128 0x2
 174 0050 08       		.byte	0x8
 175 0051 05       		.byte	0x5
 176 0052 2E020000 		.4byte	.LASF6
 177 0056 02       		.uleb128 0x2
 178 0057 08       		.byte	0x8
 179 0058 07       		.byte	0x7
 180 0059 64030000 		.4byte	.LASF7
 181 005d 03       		.uleb128 0x3
 182 005e 04       		.byte	0x4
 183 005f 05       		.byte	0x5
 184 0060 696E7400 		.ascii	"int\000"
 185 0064 02       		.uleb128 0x2
 186 0065 04       		.byte	0x4
 187 0066 07       		.byte	0x7
 188 0067 8D030000 		.4byte	.LASF8
 189 006b 02       		.uleb128 0x2
 190 006c 08       		.byte	0x8
 191 006d 04       		.byte	0x4
 192 006e DD020000 		.4byte	.LASF9
 193 0072 04       		.uleb128 0x4
 194 0073 3C020000 		.4byte	.LASF10
 195 0077 03       		.byte	0x3
 196 0078 3F       		.byte	0x3f
 197 0079 25000000 		.4byte	0x25
 198 007d 04       		.uleb128 0x4
 199 007e C8040000 		.4byte	.LASF11
 200 0082 03       		.byte	0x3
 201 0083 52       		.byte	0x52
 202 0084 3A000000 		.4byte	0x3a
 203 0088 04       		.uleb128 0x4
 204 0089 F5010000 		.4byte	.LASF12
 205 008d 03       		.byte	0x3
 206 008e 53       		.byte	0x53
ARM GAS  C:\Users\Reza\AppData\Local\Temp\ccVjpG1k.s 			page 10


 207 008f 5D000000 		.4byte	0x5d
 208 0093 04       		.uleb128 0x4
 209 0094 B4000000 		.4byte	.LASF13
 210 0098 03       		.byte	0x3
 211 0099 54       		.byte	0x54
 212 009a 64000000 		.4byte	0x64
 213 009e 04       		.uleb128 0x4
 214 009f 2B000000 		.4byte	.LASF14
 215 00a3 02       		.byte	0x2
 216 00a4 4D       		.byte	0x4d
 217 00a5 93000000 		.4byte	0x93
 218 00a9 04       		.uleb128 0x4
 219 00aa 96000000 		.4byte	.LASF15
 220 00ae 02       		.byte	0x2
 221 00af 4F       		.byte	0x4f
 222 00b0 93000000 		.4byte	0x93
 223 00b4 04       		.uleb128 0x4
 224 00b5 1A050000 		.4byte	.LASF16
 225 00b9 02       		.byte	0x2
 226 00ba 54       		.byte	0x54
 227 00bb 9E000000 		.4byte	0x9e
 228 00bf 04       		.uleb128 0x4
 229 00c0 CF000000 		.4byte	.LASF17
 230 00c4 02       		.byte	0x2
 231 00c5 78       		.byte	0x78
 232 00c6 88000000 		.4byte	0x88
 233 00ca 04       		.uleb128 0x4
 234 00cb 52050000 		.4byte	.LASF18
 235 00cf 02       		.byte	0x2
 236 00d0 7B       		.byte	0x7b
 237 00d1 93000000 		.4byte	0x93
 238 00d5 05       		.uleb128 0x5
 239 00d6 44020000 		.4byte	.LASF19
 240 00da 04       		.byte	0x4
 241 00db 1101     		.2byte	0x111
 242 00dd 7D000000 		.4byte	0x7d
 243 00e1 05       		.uleb128 0x5
 244 00e2 B3020000 		.4byte	.LASF20
 245 00e6 04       		.byte	0x4
 246 00e7 3502     		.2byte	0x235
 247 00e9 9E000000 		.4byte	0x9e
 248 00ed 05       		.uleb128 0x5
 249 00ee CB020000 		.4byte	.LASF21
 250 00f2 04       		.byte	0x4
 251 00f3 5D02     		.2byte	0x25d
 252 00f5 9E000000 		.4byte	0x9e
 253 00f9 05       		.uleb128 0x5
 254 00fa 5A050000 		.4byte	.LASF22
 255 00fe 04       		.byte	0x4
 256 00ff 6C02     		.2byte	0x26c
 257 0101 9E000000 		.4byte	0x9e
 258 0105 06       		.uleb128 0x6
 259 0106 0C       		.byte	0xc
 260 0107 04       		.byte	0x4
 261 0108 7202     		.2byte	0x272
 262 010a 36010000 		.4byte	0x136
 263 010e 07       		.uleb128 0x7
ARM GAS  C:\Users\Reza\AppData\Local\Temp\ccVjpG1k.s 			page 11


 264 010f 6E020000 		.4byte	.LASF23
 265 0113 04       		.byte	0x4
 266 0114 7302     		.2byte	0x273
 267 0116 E1000000 		.4byte	0xe1
 268 011a 00       		.byte	0
 269 011b 07       		.uleb128 0x7
 270 011c 44000000 		.4byte	.LASF24
 271 0120 04       		.byte	0x4
 272 0121 7402     		.2byte	0x274
 273 0123 E1000000 		.4byte	0xe1
 274 0127 04       		.byte	0x4
 275 0128 07       		.uleb128 0x7
 276 0129 D6000000 		.4byte	.LASF25
 277 012d 04       		.byte	0x4
 278 012e 7502     		.2byte	0x275
 279 0130 E1000000 		.4byte	0xe1
 280 0134 08       		.byte	0x8
 281 0135 00       		.byte	0
 282 0136 05       		.uleb128 0x5
 283 0137 9C020000 		.4byte	.LASF26
 284 013b 04       		.byte	0x4
 285 013c 7A02     		.2byte	0x27a
 286 013e 05010000 		.4byte	0x105
 287 0142 06       		.uleb128 0x6
 288 0143 08       		.byte	0x8
 289 0144 04       		.byte	0x4
 290 0145 7D02     		.2byte	0x27d
 291 0147 66010000 		.4byte	0x166
 292 014b 07       		.uleb128 0x7
 293 014c DF000000 		.4byte	.LASF27
 294 0150 04       		.byte	0x4
 295 0151 7E02     		.2byte	0x27e
 296 0153 E1000000 		.4byte	0xe1
 297 0157 00       		.byte	0
 298 0158 07       		.uleb128 0x7
 299 0159 EC050000 		.4byte	.LASF28
 300 015d 04       		.byte	0x4
 301 015e 7F02     		.2byte	0x27f
 302 0160 ED000000 		.4byte	0xed
 303 0164 04       		.byte	0x4
 304 0165 00       		.byte	0
 305 0166 05       		.uleb128 0x5
 306 0167 FE010000 		.4byte	.LASF29
 307 016b 04       		.byte	0x4
 308 016c 8002     		.2byte	0x280
 309 016e 42010000 		.4byte	0x142
 310 0172 08       		.uleb128 0x8
 311 0173 01       		.byte	0x1
 312 0174 2C000000 		.4byte	0x2c
 313 0178 04       		.byte	0x4
 314 0179 8A02     		.2byte	0x28a
 315 017b 8C010000 		.4byte	0x18c
 316 017f 09       		.uleb128 0x9
 317 0180 32050000 		.4byte	.LASF30
 318 0184 00       		.byte	0
 319 0185 09       		.uleb128 0x9
 320 0186 54020000 		.4byte	.LASF31
ARM GAS  C:\Users\Reza\AppData\Local\Temp\ccVjpG1k.s 			page 12


 321 018a 01       		.byte	0x1
 322 018b 00       		.byte	0
 323 018c 05       		.uleb128 0x5
 324 018d C1010000 		.4byte	.LASF32
 325 0191 04       		.byte	0x4
 326 0192 8D02     		.2byte	0x28d
 327 0194 72010000 		.4byte	0x172
 328 0198 05       		.uleb128 0x5
 329 0199 9E000000 		.4byte	.LASF33
 330 019d 04       		.byte	0x4
 331 019e 9002     		.2byte	0x290
 332 01a0 8C010000 		.4byte	0x18c
 333 01a4 06       		.uleb128 0x6
 334 01a5 0C       		.byte	0xc
 335 01a6 04       		.byte	0x4
 336 01a7 9402     		.2byte	0x294
 337 01a9 D3010000 		.4byte	0x1d3
 338 01ad 0A       		.uleb128 0xa
 339 01ae 6300     		.ascii	"c\000"
 340 01b0 04       		.byte	0x4
 341 01b1 9602     		.2byte	0x296
 342 01b3 F9000000 		.4byte	0xf9
 343 01b7 00       		.byte	0
 344 01b8 07       		.uleb128 0x7
 345 01b9 8E000000 		.4byte	.LASF34
 346 01bd 04       		.byte	0x4
 347 01be 9802     		.2byte	0x298
 348 01c0 ED000000 		.4byte	0xed
 349 01c4 04       		.byte	0x4
 350 01c5 07       		.uleb128 0x7
 351 01c6 00000000 		.4byte	.LASF35
 352 01ca 04       		.byte	0x4
 353 01cb 9A02     		.2byte	0x29a
 354 01cd 98010000 		.4byte	0x198
 355 01d1 08       		.byte	0x8
 356 01d2 00       		.byte	0
 357 01d3 05       		.uleb128 0x5
 358 01d4 72040000 		.4byte	.LASF36
 359 01d8 04       		.byte	0x4
 360 01d9 9B02     		.2byte	0x29b
 361 01db A4010000 		.4byte	0x1a4
 362 01df 06       		.uleb128 0x6
 363 01e0 10       		.byte	0x10
 364 01e1 04       		.byte	0x4
 365 01e2 9F02     		.2byte	0x29f
 366 01e4 1D020000 		.4byte	0x21d
 367 01e8 07       		.uleb128 0x7
 368 01e9 F8020000 		.4byte	.LASF37
 369 01ed 04       		.byte	0x4
 370 01ee A002     		.2byte	0x2a0
 371 01f0 B4000000 		.4byte	0xb4
 372 01f4 00       		.byte	0
 373 01f5 07       		.uleb128 0x7
 374 01f6 A4050000 		.4byte	.LASF38
 375 01fa 04       		.byte	0x4
 376 01fb A102     		.2byte	0x2a1
 377 01fd E1000000 		.4byte	0xe1
ARM GAS  C:\Users\Reza\AppData\Local\Temp\ccVjpG1k.s 			page 13


 378 0201 04       		.byte	0x4
 379 0202 07       		.uleb128 0x7
 380 0203 88000000 		.4byte	.LASF39
 381 0207 04       		.byte	0x4
 382 0208 A202     		.2byte	0x2a2
 383 020a E1000000 		.4byte	0xe1
 384 020e 08       		.byte	0x8
 385 020f 07       		.uleb128 0x7
 386 0210 DA050000 		.4byte	.LASF40
 387 0214 04       		.byte	0x4
 388 0215 A302     		.2byte	0x2a3
 389 0217 ED000000 		.4byte	0xed
 390 021b 0C       		.byte	0xc
 391 021c 00       		.byte	0
 392 021d 05       		.uleb128 0x5
 393 021e 7E020000 		.4byte	.LASF41
 394 0222 04       		.byte	0x4
 395 0223 A402     		.2byte	0x2a4
 396 0225 DF010000 		.4byte	0x1df
 397 0229 0B       		.uleb128 0xb
 398 022a 3B050000 		.4byte	.LASF42
 399 022e 02       		.byte	0x2
 400 022f B4       		.byte	0xb4
 401 0230 03       		.byte	0x3
 402 0231 0B       		.uleb128 0xb
 403 0232 0B030000 		.4byte	.LASF43
 404 0236 02       		.byte	0x2
 405 0237 C8       		.byte	0xc8
 406 0238 03       		.byte	0x3
 407 0239 0C       		.uleb128 0xc
 408 023a 9A030000 		.4byte	.LASF44
 409 023e 02       		.byte	0x2
 410 023f 9C01     		.2byte	0x19c
 411 0241 03       		.byte	0x3
 412 0242 0C       		.uleb128 0xc
 413 0243 33000000 		.4byte	.LASF45
 414 0247 02       		.byte	0x2
 415 0248 9601     		.2byte	0x196
 416 024a 03       		.byte	0x3
 417 024b 0D       		.uleb128 0xd
 418 024c C5050000 		.4byte	.LASF46
 419 0250 01       		.byte	0x1
 420 0251 3A       		.byte	0x3a
 421 0252 BF000000 		.4byte	0xbf
 422 0256 00000000 		.4byte	.LFB70
 423 025a 18000000 		.4byte	.LFE70-.LFB70
 424 025e 01       		.uleb128 0x1
 425 025f 9C       		.byte	0x9c
 426 0260 CE020000 		.4byte	0x2ce
 427 0264 0E       		.uleb128 0xe
 428 0265 74696400 		.ascii	"tid\000"
 429 0269 01       		.byte	0x1
 430 026a 3A       		.byte	0x3a
 431 026b BF000000 		.4byte	0xbf
 432 026f 00000000 		.4byte	.LLST0
 433 0273 0F       		.uleb128 0xf
 434 0274 42020000 		.4byte	0x242
ARM GAS  C:\Users\Reza\AppData\Local\Temp\ccVjpG1k.s 			page 14


 435 0278 02000000 		.4byte	.LBB14
 436 027c 02000000 		.4byte	.LBE14-.LBB14
 437 0280 01       		.byte	0x1
 438 0281 3C       		.byte	0x3c
 439 0282 97020000 		.4byte	0x297
 440 0286 10       		.uleb128 0x10
 441 0287 29020000 		.4byte	0x229
 442 028b 02000000 		.4byte	.LBB15
 443 028f 02000000 		.4byte	.LBE15-.LBB15
 444 0293 02       		.byte	0x2
 445 0294 9801     		.2byte	0x198
 446 0296 00       		.byte	0
 447 0297 0F       		.uleb128 0xf
 448 0298 39020000 		.4byte	0x239
 449 029c 08000000 		.4byte	.LBB17
 450 02a0 02000000 		.4byte	.LBE17-.LBB17
 451 02a4 01       		.byte	0x1
 452 02a5 48       		.byte	0x48
 453 02a6 BB020000 		.4byte	0x2bb
 454 02aa 10       		.uleb128 0x10
 455 02ab 31020000 		.4byte	0x231
 456 02af 08000000 		.4byte	.LBB18
 457 02b3 02000000 		.4byte	.LBE18-.LBB18
 458 02b7 02       		.byte	0x2
 459 02b8 9E01     		.2byte	0x19e
 460 02ba 00       		.byte	0
 461 02bb 11       		.uleb128 0x11
 462 02bc 08000000 		.4byte	.LVL1
 463 02c0 E8040000 		.4byte	0x4e8
 464 02c4 11       		.uleb128 0x11
 465 02c5 0E000000 		.4byte	.LVL2
 466 02c9 F4040000 		.4byte	0x4f4
 467 02cd 00       		.byte	0
 468 02ce 0D       		.uleb128 0xd
 469 02cf E5000000 		.4byte	.LASF47
 470 02d3 01       		.byte	0x1
 471 02d4 4F       		.byte	0x4f
 472 02d5 5D000000 		.4byte	0x5d
 473 02d9 00000000 		.4byte	.LFB71
 474 02dd 24000000 		.4byte	.LFE71-.LFB71
 475 02e1 01       		.uleb128 0x1
 476 02e2 9C       		.byte	0x9c
 477 02e3 15030000 		.4byte	0x315
 478 02e7 0E       		.uleb128 0xe
 479 02e8 74696400 		.ascii	"tid\000"
 480 02ec 01       		.byte	0x1
 481 02ed 4F       		.byte	0x4f
 482 02ee BF000000 		.4byte	0xbf
 483 02f2 21000000 		.4byte	.LLST1
 484 02f6 12       		.uleb128 0x12
 485 02f7 3A030000 		.4byte	.LASF48
 486 02fb 01       		.byte	0x1
 487 02fc 54       		.byte	0x54
 488 02fd CA000000 		.4byte	0xca
 489 0301 5B000000 		.4byte	.LLST2
 490 0305 12       		.uleb128 0x12
 491 0306 D2040000 		.4byte	.LASF49
ARM GAS  C:\Users\Reza\AppData\Local\Temp\ccVjpG1k.s 			page 15


 492 030a 01       		.byte	0x1
 493 030b 55       		.byte	0x55
 494 030c 5D000000 		.4byte	0x5d
 495 0310 8A000000 		.4byte	.LLST3
 496 0314 00       		.byte	0
 497 0315 13       		.uleb128 0x13
 498 0316 2C030000 		.4byte	0x32c
 499 031a 25030000 		.4byte	0x325
 500 031e 14       		.uleb128 0x14
 501 031f 25030000 		.4byte	0x325
 502 0323 04       		.byte	0x4
 503 0324 00       		.byte	0
 504 0325 02       		.uleb128 0x2
 505 0326 04       		.byte	0x4
 506 0327 07       		.byte	0x7
 507 0328 7F000000 		.4byte	.LASF50
 508 032c 15       		.uleb128 0x15
 509 032d 9E000000 		.4byte	0x9e
 510 0331 16       		.uleb128 0x16
 511 0332 7B030000 		.4byte	.LASF51
 512 0336 05       		.byte	0x5
 513 0337 67       		.byte	0x67
 514 0338 3C030000 		.4byte	0x33c
 515 033c 15       		.uleb128 0x15
 516 033d 15030000 		.4byte	0x315
 517 0341 16       		.uleb128 0x16
 518 0342 05000000 		.4byte	.LASF52
 519 0346 02       		.byte	0x2
 520 0347 A3       		.byte	0xa3
 521 0348 9E000000 		.4byte	0x9e
 522 034c 16       		.uleb128 0x16
 523 034d E0010000 		.4byte	.LASF53
 524 0351 06       		.byte	0x6
 525 0352 44       		.byte	0x44
 526 0353 9E000000 		.4byte	0x9e
 527 0357 16       		.uleb128 0x16
 528 0358 B8030000 		.4byte	.LASF54
 529 035c 07       		.byte	0x7
 530 035d 48       		.byte	0x48
 531 035e BF000000 		.4byte	0xbf
 532 0362 13       		.uleb128 0x13
 533 0363 2C030000 		.4byte	0x32c
 534 0367 72030000 		.4byte	0x372
 535 036b 14       		.uleb128 0x14
 536 036c 25030000 		.4byte	0x325
 537 0370 03       		.byte	0x3
 538 0371 00       		.byte	0
 539 0372 16       		.uleb128 0x16
 540 0373 BE000000 		.4byte	.LASF55
 541 0377 04       		.byte	0x4
 542 0378 B2       		.byte	0xb2
 543 0379 7D030000 		.4byte	0x37d
 544 037d 15       		.uleb128 0x15
 545 037e 62030000 		.4byte	0x362
 546 0382 16       		.uleb128 0x16
 547 0383 73050000 		.4byte	.LASF56
 548 0387 04       		.byte	0x4
ARM GAS  C:\Users\Reza\AppData\Local\Temp\ccVjpG1k.s 			page 16


 549 0388 B3       		.byte	0xb3
 550 0389 8D030000 		.4byte	0x38d
 551 038d 15       		.uleb128 0x15
 552 038e 62030000 		.4byte	0x362
 553 0392 13       		.uleb128 0x13
 554 0393 9E000000 		.4byte	0x9e
 555 0397 A2030000 		.4byte	0x3a2
 556 039b 14       		.uleb128 0x14
 557 039c 25030000 		.4byte	0x325
 558 03a0 03       		.byte	0x3
 559 03a1 00       		.byte	0
 560 03a2 16       		.uleb128 0x16
 561 03a3 66050000 		.4byte	.LASF57
 562 03a7 04       		.byte	0x4
 563 03a8 CA       		.byte	0xca
 564 03a9 92030000 		.4byte	0x392
 565 03ad 13       		.uleb128 0x13
 566 03ae BF000000 		.4byte	0xbf
 567 03b2 BD030000 		.4byte	0x3bd
 568 03b6 14       		.uleb128 0x14
 569 03b7 25030000 		.4byte	0x325
 570 03bb 03       		.byte	0x3
 571 03bc 00       		.byte	0
 572 03bd 16       		.uleb128 0x16
 573 03be 87050000 		.4byte	.LASF58
 574 03c2 04       		.byte	0x4
 575 03c3 D2       		.byte	0xd2
 576 03c4 AD030000 		.4byte	0x3ad
 577 03c8 16       		.uleb128 0x16
 578 03c9 AC030000 		.4byte	.LASF59
 579 03cd 04       		.byte	0x4
 580 03ce DA       		.byte	0xda
 581 03cf 92030000 		.4byte	0x392
 582 03d3 16       		.uleb128 0x16
 583 03d4 26050000 		.4byte	.LASF60
 584 03d8 04       		.byte	0x4
 585 03d9 E2       		.byte	0xe2
 586 03da BF000000 		.4byte	0xbf
 587 03de 16       		.uleb128 0x16
 588 03df BC020000 		.4byte	.LASF61
 589 03e3 04       		.byte	0x4
 590 03e4 F7       		.byte	0xf7
 591 03e5 9E000000 		.4byte	0x9e
 592 03e9 17       		.uleb128 0x17
 593 03ea 1D000000 		.4byte	.LASF62
 594 03ee 04       		.byte	0x4
 595 03ef 3F01     		.2byte	0x13f
 596 03f1 D5000000 		.4byte	0xd5
 597 03f5 17       		.uleb128 0x17
 598 03f6 51000000 		.4byte	.LASF63
 599 03fa 04       		.byte	0x4
 600 03fb 5C01     		.2byte	0x15c
 601 03fd 92030000 		.4byte	0x392
 602 0401 13       		.uleb128 0x13
 603 0402 B4000000 		.4byte	0xb4
 604 0406 11040000 		.4byte	0x411
 605 040a 14       		.uleb128 0x14
ARM GAS  C:\Users\Reza\AppData\Local\Temp\ccVjpG1k.s 			page 17


 606 040b 25030000 		.4byte	0x325
 607 040f 03       		.byte	0x3
 608 0410 00       		.byte	0
 609 0411 17       		.uleb128 0x17
 610 0412 64000000 		.4byte	.LASF64
 611 0416 04       		.byte	0x4
 612 0417 6701     		.2byte	0x167
 613 0419 01040000 		.4byte	0x401
 614 041d 13       		.uleb128 0x13
 615 041e 2D040000 		.4byte	0x42d
 616 0422 2D040000 		.4byte	0x42d
 617 0426 14       		.uleb128 0x14
 618 0427 25030000 		.4byte	0x325
 619 042b 00       		.byte	0
 620 042c 00       		.byte	0
 621 042d 15       		.uleb128 0x15
 622 042e 36010000 		.4byte	0x136
 623 0432 17       		.uleb128 0x17
 624 0433 E9020000 		.4byte	.LASF65
 625 0437 04       		.byte	0x4
 626 0438 CA02     		.2byte	0x2ca
 627 043a 3E040000 		.4byte	0x43e
 628 043e 15       		.uleb128 0x15
 629 043f 1D040000 		.4byte	0x41d
 630 0443 13       		.uleb128 0x13
 631 0444 53040000 		.4byte	0x453
 632 0448 53040000 		.4byte	0x453
 633 044c 14       		.uleb128 0x14
 634 044d 25030000 		.4byte	0x325
 635 0451 01       		.byte	0x1
 636 0452 00       		.byte	0
 637 0453 15       		.uleb128 0x15
 638 0454 D3010000 		.4byte	0x1d3
 639 0458 17       		.uleb128 0x17
 640 0459 A8010000 		.4byte	.LASF66
 641 045d 04       		.byte	0x4
 642 045e DD02     		.2byte	0x2dd
 643 0460 64040000 		.4byte	0x464
 644 0464 15       		.uleb128 0x15
 645 0465 43040000 		.4byte	0x443
 646 0469 13       		.uleb128 0x13
 647 046a 66010000 		.4byte	0x166
 648 046e 79040000 		.4byte	0x479
 649 0472 14       		.uleb128 0x14
 650 0473 25030000 		.4byte	0x325
 651 0477 00       		.byte	0
 652 0478 00       		.byte	0
 653 0479 17       		.uleb128 0x17
 654 047a E6040000 		.4byte	.LASF67
 655 047e 04       		.byte	0x4
 656 047f FB02     		.2byte	0x2fb
 657 0481 69040000 		.4byte	0x469
 658 0485 13       		.uleb128 0x13
 659 0486 1D020000 		.4byte	0x21d
 660 048a 95040000 		.4byte	0x495
 661 048e 14       		.uleb128 0x14
 662 048f 25030000 		.4byte	0x325
ARM GAS  C:\Users\Reza\AppData\Local\Temp\ccVjpG1k.s 			page 18


 663 0493 01       		.byte	0x1
 664 0494 00       		.byte	0
 665 0495 17       		.uleb128 0x17
 666 0496 3F030000 		.4byte	.LASF68
 667 049a 04       		.byte	0x4
 668 049b 0403     		.2byte	0x304
 669 049d 85040000 		.4byte	0x485
 670 04a1 16       		.uleb128 0x16
 671 04a2 AD050000 		.4byte	.LASF69
 672 04a6 08       		.byte	0x8
 673 04a7 40       		.byte	0x40
 674 04a8 9E000000 		.4byte	0x9e
 675 04ac 16       		.uleb128 0x16
 676 04ad 15020000 		.4byte	.LASF70
 677 04b1 08       		.byte	0x8
 678 04b2 47       		.byte	0x47
 679 04b3 A9000000 		.4byte	0xa9
 680 04b7 16       		.uleb128 0x16
 681 04b8 F5040000 		.4byte	.LASF71
 682 04bc 08       		.byte	0x8
 683 04bd 4A       		.byte	0x4a
 684 04be 9E000000 		.4byte	0x9e
 685 04c2 13       		.uleb128 0x13
 686 04c3 D2040000 		.4byte	0x4d2
 687 04c7 D2040000 		.4byte	0x4d2
 688 04cb 14       		.uleb128 0x14
 689 04cc 25030000 		.4byte	0x325
 690 04d0 FF       		.byte	0xff
 691 04d1 00       		.byte	0
 692 04d2 15       		.uleb128 0x15
 693 04d3 72000000 		.4byte	0x72
 694 04d7 17       		.uleb128 0x17
 695 04d8 DF050000 		.4byte	.LASF72
 696 04dc 09       		.byte	0x9
 697 04dd AB01     		.2byte	0x1ab
 698 04df E3040000 		.4byte	0x4e3
 699 04e3 15       		.uleb128 0x15
 700 04e4 C2040000 		.4byte	0x4c2
 701 04e8 18       		.uleb128 0x18
 702 04e9 92050000 		.4byte	.LASF73
 703 04ed 92050000 		.4byte	.LASF73
 704 04f1 04       		.byte	0x4
 705 04f2 E701     		.2byte	0x1e7
 706 04f4 18       		.uleb128 0x18
 707 04f5 23030000 		.4byte	.LASF74
 708 04f9 23030000 		.4byte	.LASF74
 709 04fd 09       		.byte	0x9
 710 04fe 1002     		.2byte	0x210
 711 0500 00       		.byte	0
 712              		.section	.debug_abbrev,"",%progbits
 713              	.Ldebug_abbrev0:
 714 0000 01       		.uleb128 0x1
 715 0001 11       		.uleb128 0x11
 716 0002 01       		.byte	0x1
 717 0003 25       		.uleb128 0x25
 718 0004 0E       		.uleb128 0xe
 719 0005 13       		.uleb128 0x13
ARM GAS  C:\Users\Reza\AppData\Local\Temp\ccVjpG1k.s 			page 19


 720 0006 0B       		.uleb128 0xb
 721 0007 03       		.uleb128 0x3
 722 0008 0E       		.uleb128 0xe
 723 0009 1B       		.uleb128 0x1b
 724 000a 0E       		.uleb128 0xe
 725 000b 55       		.uleb128 0x55
 726 000c 17       		.uleb128 0x17
 727 000d 11       		.uleb128 0x11
 728 000e 01       		.uleb128 0x1
 729 000f 10       		.uleb128 0x10
 730 0010 17       		.uleb128 0x17
 731 0011 00       		.byte	0
 732 0012 00       		.byte	0
 733 0013 02       		.uleb128 0x2
 734 0014 24       		.uleb128 0x24
 735 0015 00       		.byte	0
 736 0016 0B       		.uleb128 0xb
 737 0017 0B       		.uleb128 0xb
 738 0018 3E       		.uleb128 0x3e
 739 0019 0B       		.uleb128 0xb
 740 001a 03       		.uleb128 0x3
 741 001b 0E       		.uleb128 0xe
 742 001c 00       		.byte	0
 743 001d 00       		.byte	0
 744 001e 03       		.uleb128 0x3
 745 001f 24       		.uleb128 0x24
 746 0020 00       		.byte	0
 747 0021 0B       		.uleb128 0xb
 748 0022 0B       		.uleb128 0xb
 749 0023 3E       		.uleb128 0x3e
 750 0024 0B       		.uleb128 0xb
 751 0025 03       		.uleb128 0x3
 752 0026 08       		.uleb128 0x8
 753 0027 00       		.byte	0
 754 0028 00       		.byte	0
 755 0029 04       		.uleb128 0x4
 756 002a 16       		.uleb128 0x16
 757 002b 00       		.byte	0
 758 002c 03       		.uleb128 0x3
 759 002d 0E       		.uleb128 0xe
 760 002e 3A       		.uleb128 0x3a
 761 002f 0B       		.uleb128 0xb
 762 0030 3B       		.uleb128 0x3b
 763 0031 0B       		.uleb128 0xb
 764 0032 49       		.uleb128 0x49
 765 0033 13       		.uleb128 0x13
 766 0034 00       		.byte	0
 767 0035 00       		.byte	0
 768 0036 05       		.uleb128 0x5
 769 0037 16       		.uleb128 0x16
 770 0038 00       		.byte	0
 771 0039 03       		.uleb128 0x3
 772 003a 0E       		.uleb128 0xe
 773 003b 3A       		.uleb128 0x3a
 774 003c 0B       		.uleb128 0xb
 775 003d 3B       		.uleb128 0x3b
 776 003e 05       		.uleb128 0x5
ARM GAS  C:\Users\Reza\AppData\Local\Temp\ccVjpG1k.s 			page 20


 777 003f 49       		.uleb128 0x49
 778 0040 13       		.uleb128 0x13
 779 0041 00       		.byte	0
 780 0042 00       		.byte	0
 781 0043 06       		.uleb128 0x6
 782 0044 13       		.uleb128 0x13
 783 0045 01       		.byte	0x1
 784 0046 0B       		.uleb128 0xb
 785 0047 0B       		.uleb128 0xb
 786 0048 3A       		.uleb128 0x3a
 787 0049 0B       		.uleb128 0xb
 788 004a 3B       		.uleb128 0x3b
 789 004b 05       		.uleb128 0x5
 790 004c 01       		.uleb128 0x1
 791 004d 13       		.uleb128 0x13
 792 004e 00       		.byte	0
 793 004f 00       		.byte	0
 794 0050 07       		.uleb128 0x7
 795 0051 0D       		.uleb128 0xd
 796 0052 00       		.byte	0
 797 0053 03       		.uleb128 0x3
 798 0054 0E       		.uleb128 0xe
 799 0055 3A       		.uleb128 0x3a
 800 0056 0B       		.uleb128 0xb
 801 0057 3B       		.uleb128 0x3b
 802 0058 05       		.uleb128 0x5
 803 0059 49       		.uleb128 0x49
 804 005a 13       		.uleb128 0x13
 805 005b 38       		.uleb128 0x38
 806 005c 0B       		.uleb128 0xb
 807 005d 00       		.byte	0
 808 005e 00       		.byte	0
 809 005f 08       		.uleb128 0x8
 810 0060 04       		.uleb128 0x4
 811 0061 01       		.byte	0x1
 812 0062 0B       		.uleb128 0xb
 813 0063 0B       		.uleb128 0xb
 814 0064 49       		.uleb128 0x49
 815 0065 13       		.uleb128 0x13
 816 0066 3A       		.uleb128 0x3a
 817 0067 0B       		.uleb128 0xb
 818 0068 3B       		.uleb128 0x3b
 819 0069 05       		.uleb128 0x5
 820 006a 01       		.uleb128 0x1
 821 006b 13       		.uleb128 0x13
 822 006c 00       		.byte	0
 823 006d 00       		.byte	0
 824 006e 09       		.uleb128 0x9
 825 006f 28       		.uleb128 0x28
 826 0070 00       		.byte	0
 827 0071 03       		.uleb128 0x3
 828 0072 0E       		.uleb128 0xe
 829 0073 1C       		.uleb128 0x1c
 830 0074 0B       		.uleb128 0xb
 831 0075 00       		.byte	0
 832 0076 00       		.byte	0
 833 0077 0A       		.uleb128 0xa
ARM GAS  C:\Users\Reza\AppData\Local\Temp\ccVjpG1k.s 			page 21


 834 0078 0D       		.uleb128 0xd
 835 0079 00       		.byte	0
 836 007a 03       		.uleb128 0x3
 837 007b 08       		.uleb128 0x8
 838 007c 3A       		.uleb128 0x3a
 839 007d 0B       		.uleb128 0xb
 840 007e 3B       		.uleb128 0x3b
 841 007f 05       		.uleb128 0x5
 842 0080 49       		.uleb128 0x49
 843 0081 13       		.uleb128 0x13
 844 0082 38       		.uleb128 0x38
 845 0083 0B       		.uleb128 0xb
 846 0084 00       		.byte	0
 847 0085 00       		.byte	0
 848 0086 0B       		.uleb128 0xb
 849 0087 2E       		.uleb128 0x2e
 850 0088 00       		.byte	0
 851 0089 03       		.uleb128 0x3
 852 008a 0E       		.uleb128 0xe
 853 008b 3A       		.uleb128 0x3a
 854 008c 0B       		.uleb128 0xb
 855 008d 3B       		.uleb128 0x3b
 856 008e 0B       		.uleb128 0xb
 857 008f 27       		.uleb128 0x27
 858 0090 19       		.uleb128 0x19
 859 0091 20       		.uleb128 0x20
 860 0092 0B       		.uleb128 0xb
 861 0093 00       		.byte	0
 862 0094 00       		.byte	0
 863 0095 0C       		.uleb128 0xc
 864 0096 2E       		.uleb128 0x2e
 865 0097 00       		.byte	0
 866 0098 03       		.uleb128 0x3
 867 0099 0E       		.uleb128 0xe
 868 009a 3A       		.uleb128 0x3a
 869 009b 0B       		.uleb128 0xb
 870 009c 3B       		.uleb128 0x3b
 871 009d 05       		.uleb128 0x5
 872 009e 27       		.uleb128 0x27
 873 009f 19       		.uleb128 0x19
 874 00a0 20       		.uleb128 0x20
 875 00a1 0B       		.uleb128 0xb
 876 00a2 00       		.byte	0
 877 00a3 00       		.byte	0
 878 00a4 0D       		.uleb128 0xd
 879 00a5 2E       		.uleb128 0x2e
 880 00a6 01       		.byte	0x1
 881 00a7 3F       		.uleb128 0x3f
 882 00a8 19       		.uleb128 0x19
 883 00a9 03       		.uleb128 0x3
 884 00aa 0E       		.uleb128 0xe
 885 00ab 3A       		.uleb128 0x3a
 886 00ac 0B       		.uleb128 0xb
 887 00ad 3B       		.uleb128 0x3b
 888 00ae 0B       		.uleb128 0xb
 889 00af 27       		.uleb128 0x27
 890 00b0 19       		.uleb128 0x19
ARM GAS  C:\Users\Reza\AppData\Local\Temp\ccVjpG1k.s 			page 22


 891 00b1 49       		.uleb128 0x49
 892 00b2 13       		.uleb128 0x13
 893 00b3 11       		.uleb128 0x11
 894 00b4 01       		.uleb128 0x1
 895 00b5 12       		.uleb128 0x12
 896 00b6 06       		.uleb128 0x6
 897 00b7 40       		.uleb128 0x40
 898 00b8 18       		.uleb128 0x18
 899 00b9 9742     		.uleb128 0x2117
 900 00bb 19       		.uleb128 0x19
 901 00bc 01       		.uleb128 0x1
 902 00bd 13       		.uleb128 0x13
 903 00be 00       		.byte	0
 904 00bf 00       		.byte	0
 905 00c0 0E       		.uleb128 0xe
 906 00c1 05       		.uleb128 0x5
 907 00c2 00       		.byte	0
 908 00c3 03       		.uleb128 0x3
 909 00c4 08       		.uleb128 0x8
 910 00c5 3A       		.uleb128 0x3a
 911 00c6 0B       		.uleb128 0xb
 912 00c7 3B       		.uleb128 0x3b
 913 00c8 0B       		.uleb128 0xb
 914 00c9 49       		.uleb128 0x49
 915 00ca 13       		.uleb128 0x13
 916 00cb 02       		.uleb128 0x2
 917 00cc 17       		.uleb128 0x17
 918 00cd 00       		.byte	0
 919 00ce 00       		.byte	0
 920 00cf 0F       		.uleb128 0xf
 921 00d0 1D       		.uleb128 0x1d
 922 00d1 01       		.byte	0x1
 923 00d2 31       		.uleb128 0x31
 924 00d3 13       		.uleb128 0x13
 925 00d4 11       		.uleb128 0x11
 926 00d5 01       		.uleb128 0x1
 927 00d6 12       		.uleb128 0x12
 928 00d7 06       		.uleb128 0x6
 929 00d8 58       		.uleb128 0x58
 930 00d9 0B       		.uleb128 0xb
 931 00da 59       		.uleb128 0x59
 932 00db 0B       		.uleb128 0xb
 933 00dc 01       		.uleb128 0x1
 934 00dd 13       		.uleb128 0x13
 935 00de 00       		.byte	0
 936 00df 00       		.byte	0
 937 00e0 10       		.uleb128 0x10
 938 00e1 1D       		.uleb128 0x1d
 939 00e2 00       		.byte	0
 940 00e3 31       		.uleb128 0x31
 941 00e4 13       		.uleb128 0x13
 942 00e5 11       		.uleb128 0x11
 943 00e6 01       		.uleb128 0x1
 944 00e7 12       		.uleb128 0x12
 945 00e8 06       		.uleb128 0x6
 946 00e9 58       		.uleb128 0x58
 947 00ea 0B       		.uleb128 0xb
ARM GAS  C:\Users\Reza\AppData\Local\Temp\ccVjpG1k.s 			page 23


 948 00eb 59       		.uleb128 0x59
 949 00ec 05       		.uleb128 0x5
 950 00ed 00       		.byte	0
 951 00ee 00       		.byte	0
 952 00ef 11       		.uleb128 0x11
 953 00f0 898201   		.uleb128 0x4109
 954 00f3 00       		.byte	0
 955 00f4 11       		.uleb128 0x11
 956 00f5 01       		.uleb128 0x1
 957 00f6 31       		.uleb128 0x31
 958 00f7 13       		.uleb128 0x13
 959 00f8 00       		.byte	0
 960 00f9 00       		.byte	0
 961 00fa 12       		.uleb128 0x12
 962 00fb 34       		.uleb128 0x34
 963 00fc 00       		.byte	0
 964 00fd 03       		.uleb128 0x3
 965 00fe 0E       		.uleb128 0xe
 966 00ff 3A       		.uleb128 0x3a
 967 0100 0B       		.uleb128 0xb
 968 0101 3B       		.uleb128 0x3b
 969 0102 0B       		.uleb128 0xb
 970 0103 49       		.uleb128 0x49
 971 0104 13       		.uleb128 0x13
 972 0105 02       		.uleb128 0x2
 973 0106 17       		.uleb128 0x17
 974 0107 00       		.byte	0
 975 0108 00       		.byte	0
 976 0109 13       		.uleb128 0x13
 977 010a 01       		.uleb128 0x1
 978 010b 01       		.byte	0x1
 979 010c 49       		.uleb128 0x49
 980 010d 13       		.uleb128 0x13
 981 010e 01       		.uleb128 0x1
 982 010f 13       		.uleb128 0x13
 983 0110 00       		.byte	0
 984 0111 00       		.byte	0
 985 0112 14       		.uleb128 0x14
 986 0113 21       		.uleb128 0x21
 987 0114 00       		.byte	0
 988 0115 49       		.uleb128 0x49
 989 0116 13       		.uleb128 0x13
 990 0117 2F       		.uleb128 0x2f
 991 0118 0B       		.uleb128 0xb
 992 0119 00       		.byte	0
 993 011a 00       		.byte	0
 994 011b 15       		.uleb128 0x15
 995 011c 26       		.uleb128 0x26
 996 011d 00       		.byte	0
 997 011e 49       		.uleb128 0x49
 998 011f 13       		.uleb128 0x13
 999 0120 00       		.byte	0
 1000 0121 00       		.byte	0
 1001 0122 16       		.uleb128 0x16
 1002 0123 34       		.uleb128 0x34
 1003 0124 00       		.byte	0
 1004 0125 03       		.uleb128 0x3
ARM GAS  C:\Users\Reza\AppData\Local\Temp\ccVjpG1k.s 			page 24


 1005 0126 0E       		.uleb128 0xe
 1006 0127 3A       		.uleb128 0x3a
 1007 0128 0B       		.uleb128 0xb
 1008 0129 3B       		.uleb128 0x3b
 1009 012a 0B       		.uleb128 0xb
 1010 012b 49       		.uleb128 0x49
 1011 012c 13       		.uleb128 0x13
 1012 012d 3F       		.uleb128 0x3f
 1013 012e 19       		.uleb128 0x19
 1014 012f 3C       		.uleb128 0x3c
 1015 0130 19       		.uleb128 0x19
 1016 0131 00       		.byte	0
 1017 0132 00       		.byte	0
 1018 0133 17       		.uleb128 0x17
 1019 0134 34       		.uleb128 0x34
 1020 0135 00       		.byte	0
 1021 0136 03       		.uleb128 0x3
 1022 0137 0E       		.uleb128 0xe
 1023 0138 3A       		.uleb128 0x3a
 1024 0139 0B       		.uleb128 0xb
 1025 013a 3B       		.uleb128 0x3b
 1026 013b 05       		.uleb128 0x5
 1027 013c 49       		.uleb128 0x49
 1028 013d 13       		.uleb128 0x13
 1029 013e 3F       		.uleb128 0x3f
 1030 013f 19       		.uleb128 0x19
 1031 0140 3C       		.uleb128 0x3c
 1032 0141 19       		.uleb128 0x19
 1033 0142 00       		.byte	0
 1034 0143 00       		.byte	0
 1035 0144 18       		.uleb128 0x18
 1036 0145 2E       		.uleb128 0x2e
 1037 0146 00       		.byte	0
 1038 0147 3F       		.uleb128 0x3f
 1039 0148 19       		.uleb128 0x19
 1040 0149 3C       		.uleb128 0x3c
 1041 014a 19       		.uleb128 0x19
 1042 014b 6E       		.uleb128 0x6e
 1043 014c 0E       		.uleb128 0xe
 1044 014d 03       		.uleb128 0x3
 1045 014e 0E       		.uleb128 0xe
 1046 014f 3A       		.uleb128 0x3a
 1047 0150 0B       		.uleb128 0xb
 1048 0151 3B       		.uleb128 0x3b
 1049 0152 05       		.uleb128 0x5
 1050 0153 00       		.byte	0
 1051 0154 00       		.byte	0
 1052 0155 00       		.byte	0
 1053              		.section	.debug_loc,"",%progbits
 1054              	.Ldebug_loc0:
 1055              	.LLST0:
 1056 0000 00000000 		.4byte	.LVL0
 1057 0004 07000000 		.4byte	.LVL1-1
 1058 0008 0100     		.2byte	0x1
 1059 000a 50       		.byte	0x50
 1060 000b 07000000 		.4byte	.LVL1-1
 1061 000f 18000000 		.4byte	.LFE70
ARM GAS  C:\Users\Reza\AppData\Local\Temp\ccVjpG1k.s 			page 25


 1062 0013 0400     		.2byte	0x4
 1063 0015 F3       		.byte	0xf3
 1064 0016 01       		.uleb128 0x1
 1065 0017 50       		.byte	0x50
 1066 0018 9F       		.byte	0x9f
 1067 0019 00000000 		.4byte	0
 1068 001d 00000000 		.4byte	0
 1069              	.LLST1:
 1070 0021 00000000 		.4byte	.LVL3
 1071 0025 0C000000 		.4byte	.LVL5
 1072 0029 0100     		.2byte	0x1
 1073 002b 50       		.byte	0x50
 1074 002c 0C000000 		.4byte	.LVL5
 1075 0030 18000000 		.4byte	.LVL7
 1076 0034 0400     		.2byte	0x4
 1077 0036 F3       		.byte	0xf3
 1078 0037 01       		.uleb128 0x1
 1079 0038 50       		.byte	0x50
 1080 0039 9F       		.byte	0x9f
 1081 003a 18000000 		.4byte	.LVL7
 1082 003e 1A000000 		.4byte	.LVL8
 1083 0042 0100     		.2byte	0x1
 1084 0044 50       		.byte	0x50
 1085 0045 1A000000 		.4byte	.LVL8
 1086 0049 24000000 		.4byte	.LFE71
 1087 004d 0400     		.2byte	0x4
 1088 004f F3       		.byte	0xf3
 1089 0050 01       		.uleb128 0x1
 1090 0051 50       		.byte	0x50
 1091 0052 9F       		.byte	0x9f
 1092 0053 00000000 		.4byte	0
 1093 0057 00000000 		.4byte	0
 1094              	.LLST2:
 1095 005b 04000000 		.4byte	.LVL4
 1096 005f 0C000000 		.4byte	.LVL5
 1097 0063 0900     		.2byte	0x9
 1098 0065 70       		.byte	0x70
 1099 0066 00       		.sleb128 0
 1100 0067 0C       		.byte	0xc
 1101 0068 FFFFFF7F 		.4byte	0x7fffffff
 1102 006c 1A       		.byte	0x1a
 1103 006d 9F       		.byte	0x9f
 1104 006e 0C000000 		.4byte	.LVL5
 1105 0072 18000000 		.4byte	.LVL7
 1106 0076 0A00     		.2byte	0xa
 1107 0078 F3       		.byte	0xf3
 1108 0079 01       		.uleb128 0x1
 1109 007a 50       		.byte	0x50
 1110 007b 0C       		.byte	0xc
 1111 007c FFFFFF7F 		.4byte	0x7fffffff
 1112 0080 1A       		.byte	0x1a
 1113 0081 9F       		.byte	0x9f
 1114 0082 00000000 		.4byte	0
 1115 0086 00000000 		.4byte	0
 1116              	.LLST3:
 1117 008a 00000000 		.4byte	.LVL3
 1118 008e 16000000 		.4byte	.LVL6
ARM GAS  C:\Users\Reza\AppData\Local\Temp\ccVjpG1k.s 			page 26


 1119 0092 0200     		.2byte	0x2
 1120 0094 31       		.byte	0x31
 1121 0095 9F       		.byte	0x9f
 1122 0096 16000000 		.4byte	.LVL6
 1123 009a 18000000 		.4byte	.LVL7
 1124 009e 0100     		.2byte	0x1
 1125 00a0 50       		.byte	0x50
 1126 00a1 18000000 		.4byte	.LVL7
 1127 00a5 1A000000 		.4byte	.LVL8
 1128 00a9 0200     		.2byte	0x2
 1129 00ab 31       		.byte	0x31
 1130 00ac 9F       		.byte	0x9f
 1131 00ad 1A000000 		.4byte	.LVL8
 1132 00b1 24000000 		.4byte	.LFE71
 1133 00b5 0100     		.2byte	0x1
 1134 00b7 50       		.byte	0x50
 1135 00b8 00000000 		.4byte	0
 1136 00bc 00000000 		.4byte	0
 1137              		.section	.debug_aranges,"",%progbits
 1138 0000 24000000 		.4byte	0x24
 1139 0004 0200     		.2byte	0x2
 1140 0006 00000000 		.4byte	.Ldebug_info0
 1141 000a 04       		.byte	0x4
 1142 000b 00       		.byte	0
 1143 000c 0000     		.2byte	0
 1144 000e 0000     		.2byte	0
 1145 0010 00000000 		.4byte	.LFB70
 1146 0014 18000000 		.4byte	.LFE70-.LFB70
 1147 0018 00000000 		.4byte	.LFB71
 1148 001c 24000000 		.4byte	.LFE71-.LFB71
 1149 0020 00000000 		.4byte	0
 1150 0024 00000000 		.4byte	0
 1151              		.section	.debug_ranges,"",%progbits
 1152              	.Ldebug_ranges0:
 1153 0000 00000000 		.4byte	.LFB70
 1154 0004 18000000 		.4byte	.LFE70
 1155 0008 00000000 		.4byte	.LFB71
 1156 000c 24000000 		.4byte	.LFE71
 1157 0010 00000000 		.4byte	0
 1158 0014 00000000 		.4byte	0
 1159              		.section	.debug_line,"",%progbits
 1160              	.Ldebug_line0:
 1161 0000 A7010000 		.section	.debug_str,"MS",%progbits,1
 1161      02006101 
 1161      00000201 
 1161      FB0E0D00 
 1161      01010101 
 1162              	.LASF35:
 1163 0000 6B696E64 		.ascii	"kind\000"
 1163      00
 1164              	.LASF52:
 1165 0005 45455F63 		.ascii	"EE_cortex_mx_active_tos\000"
 1165      6F727465 
 1165      785F6D78 
 1165      5F616374 
 1165      6976655F 
 1166              	.LASF62:
ARM GAS  C:\Users\Reza\AppData\Local\Temp\ccVjpG1k.s 			page 27


 1167 001d 45455F72 		.ascii	"EE_rq_bitmask\000"
 1167      715F6269 
 1167      746D6173 
 1167      6B00
 1168              	.LASF14:
 1169 002b 45455F55 		.ascii	"EE_UREG\000"
 1169      52454700 
 1170              	.LASF45:
 1171 0033 45455F68 		.ascii	"EE_hal_enableIRQ\000"
 1171      616C5F65 
 1171      6E61626C 
 1171      65495251 
 1171      00
 1172              	.LASF24:
 1173 0044 7469636B 		.ascii	"ticksperbase\000"
 1173      73706572 
 1173      62617365 
 1173      00
 1174              	.LASF63:
 1175 0051 45455F74 		.ascii	"EE_th_event_active\000"
 1175      685F6576 
 1175      656E745F 
 1175      61637469 
 1175      766500
 1176              	.LASF64:
 1177 0064 45455F74 		.ascii	"EE_th_waswaiting\000"
 1177      685F7761 
 1177      73776169 
 1177      74696E67 
 1177      00
 1178              	.LASF2:
 1179 0075 73686F72 		.ascii	"short int\000"
 1179      7420696E 
 1179      7400
 1180              	.LASF50:
 1181 007f 73697A65 		.ascii	"sizetype\000"
 1181      74797065 
 1181      00
 1182              	.LASF39:
 1183 0088 64656C74 		.ascii	"delta\000"
 1183      6100
 1184              	.LASF34:
 1185 008e 73706563 		.ascii	"spec_id\000"
 1185      5F696400 
 1186              	.LASF15:
 1187 0096 45455F46 		.ascii	"EE_FREG\000"
 1187      52454700 
 1188              	.LASF33:
 1189 009e 436F756E 		.ascii	"CounterObjectKindType\000"
 1189      7465724F 
 1189      626A6563 
 1189      744B696E 
 1189      64547970 
 1190              	.LASF13:
 1191 00b4 45455F55 		.ascii	"EE_UINT32\000"
 1191      494E5433 
 1191      3200
ARM GAS  C:\Users\Reza\AppData\Local\Temp\ccVjpG1k.s 			page 28


 1192              	.LASF55:
 1193 00be 45455F74 		.ascii	"EE_th_ready_prio\000"
 1193      685F7265 
 1193      6164795F 
 1193      7072696F 
 1193      00
 1194              	.LASF17:
 1195 00cf 45455F54 		.ascii	"EE_TID\000"
 1195      494400
 1196              	.LASF25:
 1197 00d6 6D696E63 		.ascii	"mincycle\000"
 1197      79636C65 
 1197      00
 1198              	.LASF27:
 1199 00df 76616C75 		.ascii	"value\000"
 1199      6500
 1200              	.LASF47:
 1201 00e5 45455F73 		.ascii	"EE_std_need_context_change\000"
 1201      74645F6E 
 1201      6565645F 
 1201      636F6E74 
 1201      6578745F 
 1202              	.LASF77:
 1203 0100 443A5C48 		.ascii	"D:\\H_da\\Winter Semester\\MM03 Advanced Microcontr"
 1203      5F64615C 
 1203      57696E74 
 1203      65722053 
 1203      656D6573 
 1204 0130 6F6C6C65 		.ascii	"oller Systems and Embedded Operating Systems\\Lectu"
 1204      72205379 
 1204      7374656D 
 1204      7320616E 
 1204      6420456D 
 1205 0162 72652050 		.ascii	"re Prof. Fromm\\workspace\\workspace_psoc\\Reaction"
 1205      726F662E 
 1205      2046726F 
 1205      6D6D5C77 
 1205      6F726B73 
 1206 0192 47616D65 		.ascii	"Game_with erika.cydsn\000"
 1206      5F776974 
 1206      68206572 
 1206      696B612E 
 1206      63796473 
 1207              	.LASF66:
 1208 01a8 45455F6F 		.ascii	"EE_oo_counter_object_ROM\000"
 1208      6F5F636F 
 1208      756E7465 
 1208      725F6F62 
 1208      6A656374 
 1209              	.LASF32:
 1210 01c1 45455F6F 		.ascii	"EE_oo_counter_object_kind_type\000"
 1210      6F5F636F 
 1210      756E7465 
 1210      725F6F62 
 1210      6A656374 
 1211              	.LASF53:
 1212 01e0 45455F49 		.ascii	"EE_IRQ_nesting_level\000"
ARM GAS  C:\Users\Reza\AppData\Local\Temp\ccVjpG1k.s 			page 29


 1212      52515F6E 
 1212      65737469 
 1212      6E675F6C 
 1212      6576656C 
 1213              	.LASF12:
 1214 01f5 45455F49 		.ascii	"EE_INT32\000"
 1214      4E543332 
 1214      00
 1215              	.LASF29:
 1216 01fe 45455F6F 		.ascii	"EE_oo_counter_RAM_type\000"
 1216      6F5F636F 
 1216      756E7465 
 1216      725F5241 
 1216      4D5F7479 
 1217              	.LASF70:
 1218 0215 45455F6F 		.ascii	"EE_oo_IRQ_suspend_status\000"
 1218      6F5F4952 
 1218      515F7375 
 1218      7370656E 
 1218      645F7374 
 1219              	.LASF6:
 1220 022e 6C6F6E67 		.ascii	"long long int\000"
 1220      206C6F6E 
 1220      6720696E 
 1220      7400
 1221              	.LASF10:
 1222 023c 45455F49 		.ascii	"EE_INT8\000"
 1222      4E543800 
 1223              	.LASF19:
 1224 0244 45455F54 		.ascii	"EE_TYPE_RQ_MASK\000"
 1224      5950455F 
 1224      52515F4D 
 1224      41534B00 
 1225              	.LASF31:
 1226 0254 45455F53 		.ascii	"EE_SCHEDULETABLE\000"
 1226      43484544 
 1226      554C4554 
 1226      41424C45 
 1226      00
 1227              	.LASF4:
 1228 0265 6C6F6E67 		.ascii	"long int\000"
 1228      20696E74 
 1228      00
 1229              	.LASF23:
 1230 026e 6D617861 		.ascii	"maxallowedvalue\000"
 1230      6C6C6F77 
 1230      65647661 
 1230      6C756500 
 1231              	.LASF41:
 1232 027e 45455F6F 		.ascii	"EE_oo_counter_object_RAM_type\000"
 1232      6F5F636F 
 1232      756E7465 
 1232      725F6F62 
 1232      6A656374 
 1233              	.LASF26:
 1234 029c 45455F6F 		.ascii	"EE_oo_counter_ROM_type\000"
 1234      6F5F636F 
ARM GAS  C:\Users\Reza\AppData\Local\Temp\ccVjpG1k.s 			page 30


 1234      756E7465 
 1234      725F524F 
 1234      4D5F7479 
 1235              	.LASF20:
 1236 02b3 5469636B 		.ascii	"TickType\000"
 1236      54797065 
 1236      00
 1237              	.LASF61:
 1238 02bc 45455F73 		.ascii	"EE_sys_ceiling\000"
 1238      79735F63 
 1238      65696C69 
 1238      6E6700
 1239              	.LASF21:
 1240 02cb 436F756E 		.ascii	"CounterObjectType\000"
 1240      7465724F 
 1240      626A6563 
 1240      74547970 
 1240      6500
 1241              	.LASF9:
 1242 02dd 6C6F6E67 		.ascii	"long double\000"
 1242      20646F75 
 1242      626C6500 
 1243              	.LASF65:
 1244 02e9 45455F63 		.ascii	"EE_counter_ROM\000"
 1244      6F756E74 
 1244      65725F52 
 1244      4F4D00
 1245              	.LASF37:
 1246 02f8 75736564 		.ascii	"used\000"
 1246      00
 1247              	.LASF1:
 1248 02fd 756E7369 		.ascii	"unsigned char\000"
 1248      676E6564 
 1248      20636861 
 1248      7200
 1249              	.LASF43:
 1250 030b 45455F63 		.ascii	"EE_cortex_mx_disableIRQ\000"
 1250      6F727465 
 1250      785F6D78 
 1250      5F646973 
 1250      61626C65 
 1251              	.LASF74:
 1252 0323 45455F74 		.ascii	"EE_thread_end_instance\000"
 1252      68726561 
 1252      645F656E 
 1252      645F696E 
 1252      7374616E 
 1253              	.LASF48:
 1254 033a 75746964 		.ascii	"utid\000"
 1254      00
 1255              	.LASF68:
 1256 033f 45455F6F 		.ascii	"EE_oo_counter_object_RAM\000"
 1256      6F5F636F 
 1256      756E7465 
 1256      725F6F62 
 1256      6A656374 
 1257              	.LASF0:
ARM GAS  C:\Users\Reza\AppData\Local\Temp\ccVjpG1k.s 			page 31


 1258 0358 7369676E 		.ascii	"signed char\000"
 1258      65642063 
 1258      68617200 
 1259              	.LASF7:
 1260 0364 6C6F6E67 		.ascii	"long long unsigned int\000"
 1260      206C6F6E 
 1260      6720756E 
 1260      7369676E 
 1260      65642069 
 1261              	.LASF51:
 1262 037b 45455F73 		.ascii	"EE_std_thread_tos\000"
 1262      74645F74 
 1262      68726561 
 1262      645F746F 
 1262      7300
 1263              	.LASF8:
 1264 038d 756E7369 		.ascii	"unsigned int\000"
 1264      676E6564 
 1264      20696E74 
 1264      00
 1265              	.LASF44:
 1266 039a 45455F68 		.ascii	"EE_hal_disableIRQ\000"
 1266      616C5F64 
 1266      69736162 
 1266      6C654952 
 1266      5100
 1267              	.LASF59:
 1268 03ac 45455F74 		.ascii	"EE_th_rnact\000"
 1268      685F726E 
 1268      61637400 
 1269              	.LASF54:
 1270 03b8 45455F73 		.ascii	"EE_std_endcycle_next_tid\000"
 1270      74645F65 
 1270      6E646379 
 1270      636C655F 
 1270      6E657874 
 1271              	.LASF75:
 1272 03d1 474E5520 		.ascii	"GNU C11 5.4.1 20160609 (release) [ARM/embedded-5-br"
 1272      43313120 
 1272      352E342E 
 1272      31203230 
 1272      31363036 
 1273 0404 616E6368 		.ascii	"anch revision 237715] -mcpu=cortex-m3 -mthumb -g -O"
 1273      20726576 
 1273      6973696F 
 1273      6E203233 
 1273      37373135 
 1274 0437 73202D66 		.ascii	"s -ffunction-sections -ffat-lto-objects\000"
 1274      66756E63 
 1274      74696F6E 
 1274      2D736563 
 1274      74696F6E 
 1275              	.LASF3:
 1276 045f 73686F72 		.ascii	"short unsigned int\000"
 1276      7420756E 
 1276      7369676E 
 1276      65642069 
ARM GAS  C:\Users\Reza\AppData\Local\Temp\ccVjpG1k.s 			page 32


 1276      6E7400
 1277              	.LASF36:
 1278 0472 45455F6F 		.ascii	"EE_oo_counter_object_ROM_type\000"
 1278      6F5F636F 
 1278      756E7465 
 1278      725F6F62 
 1278      6A656374 
 1279              	.LASF76:
 1280 0490 47656E65 		.ascii	"Generated_Source\\PSoC5\\ErikaOS_1_cortex_mx_ee_con"
 1280      72617465 
 1280      645F536F 
 1280      75726365 
 1280      5C50536F 
 1281 04c1 74657874 		.ascii	"text.c\000"
 1281      2E6300
 1282              	.LASF11:
 1283 04c8 45455F55 		.ascii	"EE_UINT16\000"
 1283      494E5431 
 1283      3600
 1284              	.LASF49:
 1285 04d2 6E656564 		.ascii	"need_context_change\000"
 1285      5F636F6E 
 1285      74657874 
 1285      5F636861 
 1285      6E676500 
 1286              	.LASF67:
 1287 04e6 45455F63 		.ascii	"EE_counter_RAM\000"
 1287      6F756E74 
 1287      65725F52 
 1287      414D00
 1288              	.LASF71:
 1289 04f5 45455F41 		.ascii	"EE_ApplicationMode\000"
 1289      70706C69 
 1289      63617469 
 1289      6F6E4D6F 
 1289      646500
 1290              	.LASF5:
 1291 0508 6C6F6E67 		.ascii	"long unsigned int\000"
 1291      20756E73 
 1291      69676E65 
 1291      6420696E 
 1291      7400
 1292              	.LASF16:
 1293 051a 45455F54 		.ascii	"EE_TYPEBOOL\000"
 1293      59504542 
 1293      4F4F4C00 
 1294              	.LASF60:
 1295 0526 45455F73 		.ascii	"EE_stkfirst\000"
 1295      746B6669 
 1295      72737400 
 1296              	.LASF30:
 1297 0532 45455F41 		.ascii	"EE_ALARM\000"
 1297      4C41524D 
 1297      00
 1298              	.LASF42:
 1299 053b 45455F63 		.ascii	"EE_cortex_mx_enableIRQ\000"
 1299      6F727465 
ARM GAS  C:\Users\Reza\AppData\Local\Temp\ccVjpG1k.s 			page 33


 1299      785F6D78 
 1299      5F656E61 
 1299      626C6549 
 1300              	.LASF18:
 1301 0552 45455F55 		.ascii	"EE_UTID\000"
 1301      54494400 
 1302              	.LASF22:
 1303 055a 436F756E 		.ascii	"CounterType\000"
 1303      74657254 
 1303      79706500 
 1304              	.LASF57:
 1305 0566 45455F74 		.ascii	"EE_th_status\000"
 1305      685F7374 
 1305      61747573 
 1305      00
 1306              	.LASF56:
 1307 0573 45455F74 		.ascii	"EE_th_dispatch_prio\000"
 1307      685F6469 
 1307      73706174 
 1307      63685F70 
 1307      72696F00 
 1308              	.LASF58:
 1309 0587 45455F74 		.ascii	"EE_th_next\000"
 1309      685F6E65 
 1309      787400
 1310              	.LASF73:
 1311 0592 45455F6F 		.ascii	"EE_oo_thread_stub\000"
 1311      6F5F7468 
 1311      72656164 
 1311      5F737475 
 1311      6200
 1312              	.LASF38:
 1313 05a4 636E7463 		.ascii	"cntcycle\000"
 1313      79636C65 
 1313      00
 1314              	.LASF69:
 1315 05ad 45455F6F 		.ascii	"EE_oo_IRQ_disable_count\000"
 1315      6F5F4952 
 1315      515F6469 
 1315      7361626C 
 1315      655F636F 
 1316              	.LASF46:
 1317 05c5 45455F73 		.ascii	"EE_std_run_task_code\000"
 1317      74645F72 
 1317      756E5F74 
 1317      61736B5F 
 1317      636F6465 
 1318              	.LASF40:
 1319 05da 6E657874 		.ascii	"next\000"
 1319      00
 1320              	.LASF72:
 1321 05df 45455F72 		.ascii	"EE_rq_lookup\000"
 1321      715F6C6F 
 1321      6F6B7570 
 1321      00
 1322              	.LASF28:
 1323 05ec 66697273 		.ascii	"first\000"
ARM GAS  C:\Users\Reza\AppData\Local\Temp\ccVjpG1k.s 			page 34


 1323      7400
 1324              		.ident	"GCC: (GNU Tools for ARM Embedded Processors) 5.4.1 20160609 (release) [ARM/embedded-5-bran
